12:46:04.020 [main                     ] DEBUG Logger               - Configured Logger
12:46:04.021 [main                     ] DEBUG GameApplication      - Logging settings
Title: Bruhtato
Version: 1.2
Width: 1920
Height: 1080
Fullscreen: false
Intro: false
Profiling: false
Single step:false
App Mode: DEVELOPER
Menu Key: ESCAPE
Stage Style: DECORATED
Scene Factory: class com.almasb.fxgl.app.scene.SceneFactory

12:46:04.615 [JavaFX Application Thread] DEBUG FXGLApplication      - Initializing FXGL
12:46:04.617 [JavaFX Application Thread] INFO  Engine               - FXGL-11.17 (16.07.2021 15.46) on WINDOWS (J:25.0.3 FX:21.0.6)
12:46:04.618 [JavaFX Application Thread] DEBUG Engine               - JRE Vendor Name: Oracle Corporation
12:46:04.618 [JavaFX Application Thread] DEBUG Engine               - Running on OS: Windows 11 version 10.0
12:46:04.618 [JavaFX Application Thread] DEBUG Engine               - Architecture: amd64
12:46:04.618 [JavaFX Application Thread] INFO  Engine               - Source code and latest versions at: https://github.com/AlmasB/FXGL
12:46:04.618 [JavaFX Application Thread] INFO  Engine               -              Join the FXGL chat at: https://gitter.im/AlmasB/FXGL
12:46:04.755 [JavaFX Application Thread] DEBUG PrimaryStageWindow   - Creating a JavaFX scene
12:46:04.755 [JavaFX Application Thread] DEBUG PrimaryStageWindow   - Target size > screen size
12:46:04.814 [JavaFX Application Thread] DEBUG PrimaryStageWindow   - Target settings size: 1920.0 x 1080.0
12:46:04.815 [JavaFX Application Thread] DEBUG PrimaryStageWindow   - Scaled scene size:    1511.0 x 864.0
12:46:04.815 [JavaFX Application Thread] DEBUG PrimaryStageWindow   - Scaled ratio: (0.7869791666666667, 0.8)
12:46:04.816 [JavaFX Application Thread] DEBUG PrimaryStageWindow   - Set initial scene to FXGLStartupScene
12:46:04.820 [JavaFX Application Thread] DEBUG PrimaryStageWindow   - Opening main window
12:46:04.972 [JavaFX Application Thread] DEBUG PrimaryStageWindow   - Window border size: (14.5999755859375, 37.5999755859375)
12:46:04.972 [JavaFX Application Thread] DEBUG PrimaryStageWindow   - Scaled size: 1511.0 x 864.0
12:46:04.972 [JavaFX Application Thread] DEBUG PrimaryStageWindow   - Scaled ratio: (0.7869791666666667, 0.8)
12:46:04.973 [JavaFX Application Thread] DEBUG PrimaryStageWindow   - Scene size: 1511.0 x 864.0
12:46:04.973 [JavaFX Application Thread] DEBUG PrimaryStageWindow   - Stage size: 1525.5999755859375 x 901.5999755859375
12:46:04.983 [FXGL Background Thread 1 ] DEBUG Engine               - Initializing environment variables
12:46:05.051 [FXGL Background Thread 1 ] DEBUG FXGLAssetLoaderServi - User app class for loading assets: class BruhTato.BruhTatoApplication
12:46:05.052 [FXGL Background Thread 1 ] DEBUG GameApplicationServi - Applying CSS: fxgl_dark.css
12:46:05.052 [FXGL Background Thread 1 ] DEBUG FXGLAssetLoaderServi - Loading from file system: jar:file:///C:/Users/Acer/.m2/repository/com/github/almasb/fxgl/11.17/fxgl-11.17.jar!/fxglassets/ui/css/fxgl_dark.css
12:46:05.111 [FXGL Background Thread 1 ] DEBUG GameApplicationServi - Initializing application scenes
12:46:05.163 [FXGL Background Thread 1 ] DEBUG GameWorld            - Game world initialized
12:46:05.243 [FXGL Background Thread 1 ] DEBUG PhysicsWorld         - Physics world initialized: appHeight=1080, physics.ppm=50.0
12:46:05.244 [FXGL Background Thread 1 ] DEBUG PhysicsWorld         - Using strategy: BRUTE_FORCE
12:46:05.247 [FXGL Background Thread 1 ] DEBUG GameScene            - Game scene initialized: 1920x1080
12:46:05.260 [FXGL Background Thread 1 ] DEBUG FXGL.DefaultMenu     - createMenuBodyGameMenu()
12:46:05.283 [FXGL Background Thread 1 ] DEBUG FXGL.DefaultMenu     - createOptionsMenu()
12:46:05.296 [FXGL Background Thread 1 ] DEBUG FXGLAssetLoaderServi - Loading from file system: jar:file:///C:/Users/Acer/.m2/repository/com/github/almasb/fxgl/11.17/fxgl-11.17.jar!/fxglassets/textures/particles/smoke.png
12:46:05.411 [FXGL Background Thread 1 ] DEBUG FXGLAssetLoaderServi - Loading from file system: jar:file:///C:/Users/Acer/.m2/repository/com/github/almasb/fxgl/11.17/fxgl-11.17.jar!/fxglassets/textures/particles/trace_horizontal.png
12:46:05.453 [FXGL Background Thread 1 ] DEBUG GameApplicationServi - Application scenes initialized
12:46:05.464 [FXGL Background Thread 1 ] DEBUG SystemBundleService  - Loading FXGL system data
12:46:05.466 [FXGL Background Thread 1 ] DEBUG FileSystemAccess     - Reading from: C:\Users\Acer\IdeaProjects\BruhTatos\system\fxgl.bundle
12:46:05.468 [FXGL Background Thread 1 ] DEBUG SystemBundleService  - Bundle FXGL: {}
12:46:05.468 [FXGL Background Thread 1 ] DEBUG UpdaterService       - Checking for updates
12:46:05.511 [FXGL Background Thread 1 ] DEBUG FXGLApplication      - Loading default localization
12:46:05.511 [FXGL Background Thread 1 ] DEBUG FXGLAssetLoaderServi - Loading from file system: jar:file:///C:/Users/Acer/.m2/repository/com/github/almasb/fxgl/11.17/fxgl-11.17.jar!/fxglassets/languages/english.lang
12:46:05.514 [FXGL Background Thread 4 ] DEBUG FXGLApplication      - Loading fonts
12:46:05.514 [FXGL Background Thread 4 ] DEBUG FXGLAssetLoaderServi - Loading from file system: jar:file:///C:/Users/Acer/.m2/repository/com/github/almasb/fxgl/11.17/fxgl-11.17.jar!/fxglassets/ui/fonts/VarelaRound-Regular.ttf
12:46:05.530 [FXGL Background Thread 4 ] DEBUG FXGLAssetLoaderServi - Loading from file system: jar:file:///C:/Users/Acer/.m2/repository/com/github/almasb/fxgl/11.17/fxgl-11.17.jar!/fxglassets/ui/fonts/Abel-Regular.ttf
12:46:05.533 [FXGL Background Thread 1 ] INFO  FXGLApplication      - FXGL initialization took: 0.549 sec
12:46:05.536 [FXGL Background Thread 4 ] DEBUG FXGLAssetLoaderServi - Loading from file system: jar:file:///C:/Users/Acer/.m2/repository/com/github/almasb/fxgl/11.17/fxgl-11.17.jar!/fxglassets/ui/fonts/lucida_console.ttf
12:46:05.569 [FXGL Background Thread 4 ] DEBUG FXGLAssetLoaderServi - Loading from file system: jar:file:///C:/Users/Acer/.m2/repository/com/github/almasb/fxgl/11.17/fxgl-11.17.jar!/fxglassets/ui/fonts/Courier-Prime.ttf
12:46:05.572 [JavaFX Application Thread] DEBUG Input                - Registered new binding: action0 - W
12:46:05.572 [JavaFX Application Thread] DEBUG Input                - Registered new binding: action1 - S
12:46:05.573 [JavaFX Application Thread] DEBUG Input                - Registered new binding: action2 - A
12:46:05.574 [JavaFX Application Thread] DEBUG Input                - Registered new binding: action3 - D
12:46:05.575 [JavaFX Application Thread] DEBUG Input                - Registered new binding: action4 - LMB
12:46:05.576 [JavaFX Application Thread] DEBUG FXGLAssetLoaderServi - Loading from file system: jar:file:///C:/Users/Acer/.m2/repository/com/github/almasb/fxgl/11.17/fxgl-11.17.jar!/fxglassets/textures/fxgl_icon.png
12:46:05.607 [JavaFX Application Thread] DEBUG FXGLAssetLoaderServi - Loading from file system: jar:file:///C:/Users/Acer/.m2/repository/com/github/almasb/fxgl/11.17/fxgl-11.17.jar!/fxglassets/textures/fxgl_default_cursor.png
12:46:05.609 [JavaFX Application Thread] DEBUG Input                - Registered new binding: Screenshot - CTRL+8
12:46:05.609 [JavaFX Application Thread] DEBUG Input                - Registered new binding: Dev Options - 1
12:46:05.610 [JavaFX Application Thread] DEBUG Input                - Registered new binding: Dev Console - 2
12:46:05.610 [JavaFX Application Thread] DEBUG Input                - Registered new binding: System info dump - CTRL+9
12:46:05.611 [JavaFX Application Thread] DEBUG Input                - Registered new binding: Restart - CTRL+R
12:46:05.611 [JavaFX Application Thread] DEBUG Input                - Registered new binding: Toggle Debug Camera - CTRL+C
12:46:05.614 [JavaFX Application Thread] DEBUG LoopRunner           - Starting loop
12:46:05.630 [JavaFX Application Thread] DEBUG LoopRunner           - Initializing JavaFX AnimationTimerLoop
12:46:05.631 [JavaFX Application Thread] DEBUG GameApplicationServi - Starting new game
12:46:05.632 [JavaFX Application Thread] DEBUG Input                - Clearing active input actions
12:46:05.645 [JavaFX Application Thread] DEBUG GameApplicationServi - Removing overlay from FXGLStartupScene and adding to FXGLLoadingScene
12:46:05.647 [JavaFX Application Thread] DEBUG PrimaryStageWindow   - FXGLStartupScene -> FXGLLoadingScene
12:46:05.647 [JavaFX Application Thread] DEBUG GameApplicationServi - Clearing previous game
12:46:05.647 [JavaFX Application Thread] DEBUG GameScene            - Clearing game scene
12:46:05.647 [JavaFX Application Thread] DEBUG GameWorld            - Clearing game world
12:46:05.649 [JavaFX Application Thread] DEBUG PhysicsWorld         - Clearing physics world
12:46:05.650 [FXGL Background Thread 4 ] DEBUG FXGLApplication      - Initializing game
12:46:05.650 [JavaFX Application Thread] DEBUG FXGLApplication      - Registering font factories with UI factory
12:46:05.678 [FXGL Background Thread 4 ] DEBUG FXGLAssetLoaderServi - Loading from file system: file:/C:/Users/Acer/IdeaProjects/BruhTatos/target/classes/assets/textures/Bruhtato_FullHealth.png
12:46:05.728 [FXGL Background Thread 4 ] DEBUG FXGLAssetLoaderServi - Loading from file system: file:/C:/Users/Acer/IdeaProjects/BruhTatos/target/classes/assets/textures/Melee_Enemy_FullHealth.png
12:46:05.786 [FXGL Background Thread 4 ] INFO  FXGLApplication      - Game initialization took: 0.137 sec
12:46:05.904 [JavaFX Application Thread] DEBUG Input                - Clearing active input actions
12:46:05.917 [JavaFX Application Thread] DEBUG GameApplicationServi - Removing overlay from FXGLLoadingScene and adding to GameScene
12:46:05.924 [JavaFX Application Thread] DEBUG PrimaryStageWindow   - FXGLLoadingScene -> GameScene
12:46:06.352 [FXGL Background Thread 2 ] INFO  UpdaterService       - Your current version:  11.17
12:46:06.353 [FXGL Background Thread 2 ] INFO  UpdaterService       - Latest stable version: 25
12:46:08.510 [FXGL Background Thread 3 ] DEBUG Engine               - Logging environment variables
12:46:08.510 [FXGL Background Thread 3 ] DEBUG Engine               - achievements: []
12:46:08.510 [FXGL Background Thread 3 ] DEBUG Engine               - actualHeight: 864.0
12:46:08.510 [FXGL Background Thread 3 ] DEBUG Engine               - actualHeightProperty: ReadOnlyDoubleProperty [value: 864.0]
12:46:08.510 [FXGL Background Thread 3 ] DEBUG Engine               - actualWidth: 1511.0
12:46:08.511 [FXGL Background Thread 3 ] DEBUG Engine               - actualWidthProperty: ReadOnlyDoubleProperty [value: 1511.0]
12:46:08.511 [FXGL Background Thread 3 ] DEBUG Engine               - appIcon: fxgl_icon.png
12:46:08.511 [FXGL Background Thread 3 ] DEBUG Engine               - applicationMode: DEVELOPER
12:46:08.511 [FXGL Background Thread 3 ] DEBUG Engine               - cSSList: [fxgl_dark.css]
12:46:08.511 [FXGL Background Thread 3 ] DEBUG Engine               - collisionDetectionStrategy: BRUTE_FORCE
12:46:08.511 [FXGL Background Thread 3 ] DEBUG Engine               - configClass: Optional.empty
12:46:08.511 [FXGL Background Thread 3 ] DEBUG Engine               - credits: []
12:46:08.511 [FXGL Background Thread 3 ] DEBUG Engine               - defaultCursor: CursorInfo(imageName=fxgl_default_cursor.png, hotspotX=7.0, hotspotY=6.0)
12:46:08.512 [FXGL Background Thread 3 ] DEBUG Engine               - devBBoxColorProperty: ObjectProperty [value: 0xff0000ff]
12:46:08.512 [FXGL Background Thread 3 ] DEBUG Engine               - devEnableDebugCameraProperty: BooleanProperty [value: false]
12:46:08.512 [FXGL Background Thread 3 ] DEBUG Engine               - devSensorColorProperty: ObjectProperty [value: 0xffff00ff]
12:46:08.512 [FXGL Background Thread 3 ] DEBUG Engine               - devShowBBoxProperty: BooleanProperty [value: false]
12:46:08.512 [FXGL Background Thread 3 ] DEBUG Engine               - devShowPositionProperty: BooleanProperty [value: false]
12:46:08.512 [FXGL Background Thread 3 ] DEBUG Engine               - enabledMenuItems: []
12:46:08.512 [FXGL Background Thread 3 ] DEBUG Engine               - engineServices: [class com.almasb.fxgl.app.services.FXGLAssetLoaderService, class com.almasb.fxgl.app.FXGLApplication$GameApplicationService, class com.almasb.fxgl.app.services.FXGLDialogService, class com.almasb.fxgl.app.services.IOTaskExecutorService, class com.almasb.fxgl.io.FileSystemService, class com.almasb.fxgl.localization.LocalizationService, class com.almasb.fxgl.app.services.SystemBundleService, class com.almasb.fxgl.profile.SaveLoadService, class com.almasb.fxgl.ui.FXGLUIFactoryServiceProvider, class com.almasb.fxgl.ui.FXGLDialogFactoryServiceProvider, class com.almasb.fxgl.audio.AudioPlayer, class com.almasb.fxgl.notification.impl.NotificationServiceProvider, class com.almasb.fxgl.achievement.AchievementService, class com.almasb.fxgl.cutscene.CutsceneService, class com.almasb.fxgl.minigames.MiniGameService, class com.almasb.fxgl.net.NetService, class com.almasb.fxgl.app.services.UpdaterService, class com.almasb.fxgl.dev.DevService]
12:46:08.513 [FXGL Background Thread 3 ] DEBUG Engine               - fontGame: Abel-Regular.ttf
12:46:08.513 [FXGL Background Thread 3 ] DEBUG Engine               - fontMono: lucida_console.ttf
12:46:08.513 [FXGL Background Thread 3 ] DEBUG Engine               - fontText: Courier-Prime.ttf
12:46:08.513 [FXGL Background Thread 3 ] DEBUG Engine               - fontUI: VarelaRound-Regular.ttf
12:46:08.513 [FXGL Background Thread 3 ] DEBUG Engine               - fullScreen: BooleanProperty [value: false]
12:46:08.513 [FXGL Background Thread 3 ] DEBUG Engine               - gameDifficulty: MEDIUM
12:46:08.513 [FXGL Background Thread 3 ] DEBUG Engine               - gameDifficultyProperty: ObjectProperty [value: MEDIUM]
12:46:08.513 [FXGL Background Thread 3 ] DEBUG Engine               - globalMusicVolume: 0.5
12:46:08.514 [FXGL Background Thread 3 ] DEBUG Engine               - globalMusicVolumeProperty: DoubleProperty [value: 0.5]
12:46:08.514 [FXGL Background Thread 3 ] DEBUG Engine               - globalSoundVolume: 0.5
12:46:08.514 [FXGL Background Thread 3 ] DEBUG Engine               - globalSoundVolumeProperty: DoubleProperty [value: 0.5]
12:46:08.514 [FXGL Background Thread 3 ] DEBUG Engine               - height: 1080
12:46:08.514 [FXGL Background Thread 3 ] DEBUG Engine               - is3D: false
12:46:08.514 [FXGL Background Thread 3 ] DEBUG Engine               - isAndroid: false
12:46:08.514 [FXGL Background Thread 3 ] DEBUG Engine               - isBrowser: false
12:46:08.514 [FXGL Background Thread 3 ] DEBUG Engine               - isClickFeedbackEnabled: false
12:46:08.514 [FXGL Background Thread 3 ] DEBUG Engine               - isCloseConfirmation: false
12:46:08.514 [FXGL Background Thread 3 ] DEBUG Engine               - isDesktop: true
12:46:08.514 [FXGL Background Thread 3 ] DEBUG Engine               - isDeveloperMenuEnabled: true
12:46:08.514 [FXGL Background Thread 3 ] DEBUG Engine               - isEntityPreloadEnabled: true
12:46:08.515 [FXGL Background Thread 3 ] DEBUG Engine               - isExperimentalTiledLargeMap: false
12:46:08.515 [FXGL Background Thread 3 ] DEBUG Engine               - isFileSystemWriteAllowed: true
12:46:08.515 [FXGL Background Thread 3 ] DEBUG Engine               - isFullScreenAllowed: false
12:46:08.515 [FXGL Background Thread 3 ] DEBUG Engine               - isFullScreenFromStart: false
12:46:08.515 [FXGL Background Thread 3 ] DEBUG Engine               - isGameMenuEnabled: true
12:46:08.515 [FXGL Background Thread 3 ] DEBUG Engine               - isIOS: false
12:46:08.515 [FXGL Background Thread 3 ] DEBUG Engine               - isIntroEnabled: false
12:46:08.515 [FXGL Background Thread 3 ] DEBUG Engine               - isLinux: false
12:46:08.516 [FXGL Background Thread 3 ] DEBUG Engine               - isMac: false
12:46:08.516 [FXGL Background Thread 3 ] DEBUG Engine               - isMainMenuEnabled: false
12:46:08.516 [FXGL Background Thread 3 ] DEBUG Engine               - isManualResizeEnabled: false
12:46:08.516 [FXGL Background Thread 3 ] DEBUG Engine               - isMobile: false
12:46:08.516 [FXGL Background Thread 3 ] DEBUG Engine               - isNative: false
12:46:08.516 [FXGL Background Thread 3 ] DEBUG Engine               - isPauseMusicWhenMinimized: true
12:46:08.516 [FXGL Background Thread 3 ] DEBUG Engine               - isPreserveResizeRatio: false
12:46:08.516 [FXGL Background Thread 3 ] DEBUG Engine               - isProfilingEnabled: false
12:46:08.517 [FXGL Background Thread 3 ] DEBUG Engine               - isScaleAffectedOnResize: true
12:46:08.517 [FXGL Background Thread 3 ] DEBUG Engine               - isSingleStep: false
12:46:08.517 [FXGL Background Thread 3 ] DEBUG Engine               - isUserProfileEnabled: false
12:46:08.517 [FXGL Background Thread 3 ] DEBUG Engine               - isWindows: true
12:46:08.517 [FXGL Background Thread 3 ] DEBUG Engine               - language: ObjectProperty [value: ENGLISH]
12:46:08.517 [FXGL Background Thread 3 ] DEBUG Engine               - menuKey: ESCAPE
12:46:08.517 [FXGL Background Thread 3 ] DEBUG Engine               - mouseSensitivity: 0.2
12:46:08.517 [FXGL Background Thread 3 ] DEBUG Engine               - notificationViewClass: class com.almasb.fxgl.notification.view.XboxNotificationView
12:46:08.517 [FXGL Background Thread 3 ] DEBUG Engine               - pixelsPerMeter: 50.0
12:46:08.517 [FXGL Background Thread 3 ] DEBUG Engine               - platform: WINDOWS
12:46:08.517 [FXGL Background Thread 3 ] DEBUG Engine               - prefHeightProperty: ReadOnlyDoubleProperty [value: 1080.0]
12:46:08.518 [FXGL Background Thread 3 ] DEBUG Engine               - prefWidthProperty: ReadOnlyDoubleProperty [value: 1920.0]
12:46:08.518 [FXGL Background Thread 3 ] DEBUG Engine               - profileDir: profiles/
12:46:08.518 [FXGL Background Thread 3 ] DEBUG Engine               - profileName: StringProperty [value: DEFAULT]
12:46:08.518 [FXGL Background Thread 3 ] DEBUG Engine               - randomSeed: -1
12:46:08.518 [FXGL Background Thread 3 ] DEBUG Engine               - runtimeInfo: RuntimeInfo(platform=WINDOWS, version=11.17, build=16.07.2021 15.46)
12:46:08.518 [FXGL Background Thread 3 ] DEBUG Engine               - saveFileExt: sav
12:46:08.518 [FXGL Background Thread 3 ] DEBUG Engine               - scaledHeightProp$fxgl: DoubleProperty [bound, value: 864.0]
12:46:08.518 [FXGL Background Thread 3 ] DEBUG Engine               - scaledWidthProp$fxgl: DoubleProperty [bound, value: 1511.0]
12:46:08.518 [FXGL Background Thread 3 ] DEBUG Engine               - sceneFactory: com.almasb.fxgl.app.scene.SceneFactory@223594b7
12:46:08.518 [FXGL Background Thread 3 ] DEBUG Engine               - secondsIn24h: 60
12:46:08.518 [FXGL Background Thread 3 ] DEBUG Engine               - soundMenuBack: menu/back.wav
12:46:08.519 [FXGL Background Thread 3 ] DEBUG Engine               - soundMenuPress: menu/press.wav
12:46:08.519 [FXGL Background Thread 3 ] DEBUG Engine               - soundMenuSelect: menu/select.wav
12:46:08.519 [FXGL Background Thread 3 ] DEBUG Engine               - soundNotification: core/notification.wav
12:46:08.519 [FXGL Background Thread 3 ] DEBUG Engine               - stageStyle: DECORATED
12:46:08.519 [FXGL Background Thread 3 ] DEBUG Engine               - supportedLanguages: [ENGLISH, FRENCH, GERMAN, HUNGARIAN, RUSSIAN]
12:46:08.519 [FXGL Background Thread 3 ] DEBUG Engine               - ticksPerSecond: -1
12:46:08.519 [FXGL Background Thread 3 ] DEBUG Engine               - title: Bruhtato
12:46:08.519 [FXGL Background Thread 3 ] DEBUG Engine               - urlGithub: https://github.com/AlmasB/FXGL
12:46:08.519 [FXGL Background Thread 3 ] DEBUG Engine               - urlLeaderboard: http://fxgl-top.herokuapp.com/
12:46:08.519 [FXGL Background Thread 3 ] DEBUG Engine               - urlPOM: https://raw.githubusercontent.com/AlmasB/FXGL/release/README.md
12:46:08.519 [FXGL Background Thread 3 ] DEBUG Engine               - userAppClass: class BruhTato.BruhTatoApplication
12:46:08.520 [FXGL Background Thread 3 ] DEBUG Engine               - version: 1.2
12:46:08.520 [FXGL Background Thread 3 ] DEBUG Engine               - versionCheckDays: 7
12:46:08.520 [FXGL Background Thread 3 ] DEBUG Engine               - width: 1920
12:46:08.520 [FXGL Background Thread 3 ] DEBUG Engine               - Logging services
12:46:08.520 [FXGL Background Thread 3 ] DEBUG Engine               - class com.almasb.fxgl.app.services.FXGLAssetLoaderService
12:46:08.520 [FXGL Background Thread 3 ] DEBUG Engine               - class com.almasb.fxgl.app.FXGLApplication$GameApplicationService
12:46:08.520 [FXGL Background Thread 3 ] DEBUG Engine               - class com.almasb.fxgl.app.services.FXGLDialogService
12:46:08.520 [FXGL Background Thread 3 ] DEBUG Engine               - class com.almasb.fxgl.app.services.IOTaskExecutorService
12:46:08.520 [FXGL Background Thread 3 ] DEBUG Engine               - class com.almasb.fxgl.io.FileSystemService
12:46:08.520 [FXGL Background Thread 3 ] DEBUG Engine               - class com.almasb.fxgl.localization.LocalizationService
12:46:08.521 [FXGL Background Thread 3 ] DEBUG Engine               - class com.almasb.fxgl.app.services.SystemBundleService
12:46:08.521 [FXGL Background Thread 3 ] DEBUG Engine               - class com.almasb.fxgl.profile.SaveLoadService
12:46:08.521 [FXGL Background Thread 3 ] DEBUG Engine               - class com.almasb.fxgl.ui.FXGLUIFactoryServiceProvider
12:46:08.521 [FXGL Background Thread 3 ] DEBUG Engine               - class com.almasb.fxgl.ui.FXGLDialogFactoryServiceProvider
12:46:08.521 [FXGL Background Thread 3 ] DEBUG Engine               - class com.almasb.fxgl.audio.AudioPlayer
12:46:08.521 [FXGL Background Thread 3 ] DEBUG Engine               - class com.almasb.fxgl.notification.impl.NotificationServiceProvider
12:46:08.521 [FXGL Background Thread 3 ] DEBUG Engine               - class com.almasb.fxgl.achievement.AchievementService
12:46:08.521 [FXGL Background Thread 3 ] DEBUG Engine               - class com.almasb.fxgl.cutscene.CutsceneService
12:46:08.521 [FXGL Background Thread 3 ] DEBUG Engine               - class com.almasb.fxgl.minigames.MiniGameService
12:46:08.521 [FXGL Background Thread 3 ] DEBUG Engine               - class com.almasb.fxgl.net.NetService
12:46:08.521 [FXGL Background Thread 3 ] DEBUG Engine               - class com.almasb.fxgl.app.services.UpdaterService
12:46:08.521 [FXGL Background Thread 3 ] DEBUG Engine               - class com.almasb.fxgl.dev.DevService
12:49:15.352 [JavaFX Application Thread] DEBUG FXGLApplication      - Exiting FXGL
12:49:15.352 [JavaFX Application Thread] DEBUG LoopRunner           - Stopping loop
12:49:15.352 [JavaFX Application Thread] DEBUG SystemBundleService  - Saving FXGL system data
12:49:15.354 [JavaFX Application Thread] DEBUG FileSystemAccess     - Writing to: C:\Users\Acer\IdeaProjects\BruhTatos\system\fxgl.bundle
12:49:15.356 [JavaFX Application Thread] DEBUG Async                - Shutting down background threads
12:49:15.356 [JavaFX Application Thread] DEBUG PrimaryStageWindow   - Closing main window
12:49:15.407 [JavaFX Application Thread] DEBUG Logger               - Closing Logger
