12:06:04.312 [main                     ] DEBUG Logger               - Configured Logger
12:06:04.313 [main                     ] DEBUG GameApplication      - Logging settings
Title: Bruhtato
Version: 1.0
Width: 1920
Height: 1080
Fullscreen: false
Intro: false
Profiling: false
Single step:false
App Mode: DEVELOPER
Menu Key: ESCAPE
Stage Style: DECORATED
Scene Factory: class com.almasb.fxgl.app.scene.SceneFactory

12:06:05.260 [JavaFX Application Thread] DEBUG FXGLApplication      - Initializing FXGL
12:06:05.263 [JavaFX Application Thread] INFO  Engine               - FXGL-11.17 (16.07.2021 15.46) on WINDOWS (J:25.0.3 FX:21.0.6)
12:06:05.263 [JavaFX Application Thread] DEBUG Engine               - JRE Vendor Name: Oracle Corporation
12:06:05.263 [JavaFX Application Thread] DEBUG Engine               - Running on OS: Windows 11 version 10.0
12:06:05.264 [JavaFX Application Thread] DEBUG Engine               - Architecture: amd64
12:06:05.264 [JavaFX Application Thread] INFO  Engine               - Source code and latest versions at: https://github.com/AlmasB/FXGL
12:06:05.264 [JavaFX Application Thread] INFO  Engine               -              Join the FXGL chat at: https://gitter.im/AlmasB/FXGL
12:06:05.400 [JavaFX Application Thread] DEBUG PrimaryStageWindow   - Creating a JavaFX scene
12:06:05.400 [JavaFX Application Thread] DEBUG PrimaryStageWindow   - Target size > screen size
12:06:05.454 [JavaFX Application Thread] DEBUG PrimaryStageWindow   - Target settings size: 1920.0 x 1080.0
12:06:05.454 [JavaFX Application Thread] DEBUG PrimaryStageWindow   - Scaled scene size:    1425.0 x 815.0
12:06:05.455 [JavaFX Application Thread] DEBUG PrimaryStageWindow   - Scaled ratio: (0.7421875, 0.7546296296296297)
12:06:05.455 [JavaFX Application Thread] DEBUG PrimaryStageWindow   - Set initial scene to FXGLStartupScene
12:06:05.458 [JavaFX Application Thread] DEBUG PrimaryStageWindow   - Opening main window
12:06:05.641 [JavaFX Application Thread] DEBUG PrimaryStageWindow   - Window border size: (15.0, 37.79998779296875)
12:06:05.641 [JavaFX Application Thread] DEBUG PrimaryStageWindow   - Scaled size: 1425.0 x 815.0
12:06:05.641 [JavaFX Application Thread] DEBUG PrimaryStageWindow   - Scaled ratio: (0.7421875, 0.7546296296296297)
12:06:05.642 [JavaFX Application Thread] DEBUG PrimaryStageWindow   - Scene size: 1425.0 x 815.0
12:06:05.642 [JavaFX Application Thread] DEBUG PrimaryStageWindow   - Stage size: 1440.0 x 852.7999877929688
12:06:05.652 [FXGL Background Thread 1 ] DEBUG Engine               - Initializing environment variables
12:06:05.713 [FXGL Background Thread 1 ] DEBUG FXGLAssetLoaderServi - User app class for loading assets: class BruhTato.BruhTatoApplication
12:06:05.714 [FXGL Background Thread 1 ] DEBUG GameApplicationServi - Applying CSS: fxgl_dark.css
12:06:05.715 [FXGL Background Thread 1 ] DEBUG FXGLAssetLoaderServi - Loading from file system: jar:file:///C:/Users/Ilyan/.m2/repository/com/github/almasb/fxgl/11.17/fxgl-11.17.jar!/fxglassets/ui/css/fxgl_dark.css
12:06:05.766 [FXGL Background Thread 1 ] DEBUG GameApplicationServi - Initializing application scenes
12:06:05.811 [FXGL Background Thread 1 ] DEBUG GameWorld            - Game world initialized
12:06:05.874 [FXGL Background Thread 1 ] DEBUG PhysicsWorld         - Physics world initialized: appHeight=1080, physics.ppm=50.0
12:06:05.874 [FXGL Background Thread 1 ] DEBUG PhysicsWorld         - Using strategy: BRUTE_FORCE
12:06:05.878 [FXGL Background Thread 1 ] DEBUG GameScene            - Game scene initialized: 1920x1080
12:06:05.891 [FXGL Background Thread 1 ] DEBUG FXGL.DefaultMenu     - createMenuBodyGameMenu()
12:06:05.909 [FXGL Background Thread 1 ] DEBUG FXGL.DefaultMenu     - createOptionsMenu()
12:06:05.922 [FXGL Background Thread 1 ] DEBUG FXGLAssetLoaderServi - Loading from file system: jar:file:///C:/Users/Ilyan/.m2/repository/com/github/almasb/fxgl/11.17/fxgl-11.17.jar!/fxglassets/textures/particles/smoke.png
12:06:06.047 [FXGL Background Thread 1 ] DEBUG FXGLAssetLoaderServi - Loading from file system: jar:file:///C:/Users/Ilyan/.m2/repository/com/github/almasb/fxgl/11.17/fxgl-11.17.jar!/fxglassets/textures/particles/trace_horizontal.png
12:06:06.092 [FXGL Background Thread 1 ] DEBUG GameApplicationServi - Application scenes initialized
12:06:06.107 [FXGL Background Thread 1 ] DEBUG SystemBundleService  - Loading FXGL system data
12:06:06.110 [FXGL Background Thread 1 ] DEBUG FileSystemAccess     - Reading from: C:\Users\Ilyan\IdeaProjects\BruhTato\system\fxgl.bundle
12:06:06.114 [FXGL Background Thread 1 ] DEBUG SystemBundleService  - Bundle FXGL: {}
12:06:06.115 [FXGL Background Thread 1 ] DEBUG UpdaterService       - Checking for updates
12:06:06.155 [FXGL Background Thread 4 ] DEBUG FXGLApplication      - Loading fonts
12:06:06.157 [FXGL Background Thread 4 ] DEBUG FXGLAssetLoaderServi - Loading from file system: jar:file:///C:/Users/Ilyan/.m2/repository/com/github/almasb/fxgl/11.17/fxgl-11.17.jar!/fxglassets/ui/fonts/VarelaRound-Regular.ttf
12:06:06.157 [FXGL Background Thread 1 ] DEBUG FXGLApplication      - Loading default localization
12:06:06.157 [FXGL Background Thread 1 ] DEBUG FXGLAssetLoaderServi - Loading from file system: jar:file:///C:/Users/Ilyan/.m2/repository/com/github/almasb/fxgl/11.17/fxgl-11.17.jar!/fxglassets/languages/english.lang
12:06:06.185 [FXGL Background Thread 4 ] DEBUG FXGLAssetLoaderServi - Loading from file system: jar:file:///C:/Users/Ilyan/.m2/repository/com/github/almasb/fxgl/11.17/fxgl-11.17.jar!/fxglassets/ui/fonts/Abel-Regular.ttf
12:06:06.190 [FXGL Background Thread 1 ] INFO  FXGLApplication      - FXGL initialization took: 0.538 sec
12:06:06.192 [FXGL Background Thread 4 ] DEBUG FXGLAssetLoaderServi - Loading from file system: jar:file:///C:/Users/Ilyan/.m2/repository/com/github/almasb/fxgl/11.17/fxgl-11.17.jar!/fxglassets/ui/fonts/lucida_console.ttf
12:06:06.202 [FXGL Background Thread 4 ] DEBUG FXGLAssetLoaderServi - Loading from file system: jar:file:///C:/Users/Ilyan/.m2/repository/com/github/almasb/fxgl/11.17/fxgl-11.17.jar!/fxglassets/ui/fonts/Courier-Prime.ttf
12:06:06.206 [JavaFX Application Thread] DEBUG Input                - Registered new binding: action0 - W
12:06:06.207 [JavaFX Application Thread] DEBUG Input                - Registered new binding: action1 - S
12:06:06.208 [JavaFX Application Thread] DEBUG Input                - Registered new binding: action2 - A
12:06:06.208 [JavaFX Application Thread] DEBUG Input                - Registered new binding: action3 - D
12:06:06.211 [JavaFX Application Thread] DEBUG Input                - Registered new binding: action4 - LMB
12:06:06.212 [JavaFX Application Thread] DEBUG FXGLAssetLoaderServi - Loading from file system: jar:file:///C:/Users/Ilyan/.m2/repository/com/github/almasb/fxgl/11.17/fxgl-11.17.jar!/fxglassets/textures/fxgl_icon.png
12:06:06.245 [JavaFX Application Thread] DEBUG FXGLAssetLoaderServi - Loading from file system: jar:file:///C:/Users/Ilyan/.m2/repository/com/github/almasb/fxgl/11.17/fxgl-11.17.jar!/fxglassets/textures/fxgl_default_cursor.png
12:06:06.247 [JavaFX Application Thread] DEBUG Input                - Registered new binding: Screenshot - CTRL+8
12:06:06.248 [JavaFX Application Thread] DEBUG Input                - Registered new binding: Dev Options - 1
12:06:06.248 [JavaFX Application Thread] DEBUG Input                - Registered new binding: Dev Console - 2
12:06:06.249 [JavaFX Application Thread] DEBUG Input                - Registered new binding: System info dump - CTRL+9
12:06:06.249 [JavaFX Application Thread] DEBUG Input                - Registered new binding: Restart - CTRL+R
12:06:06.250 [JavaFX Application Thread] DEBUG Input                - Registered new binding: Toggle Debug Camera - CTRL+C
12:06:06.255 [JavaFX Application Thread] DEBUG LoopRunner           - Starting loop
12:06:06.277 [JavaFX Application Thread] DEBUG LoopRunner           - Initializing JavaFX AnimationTimerLoop
12:06:06.279 [JavaFX Application Thread] DEBUG GameApplicationServi - Starting new game
12:06:06.280 [JavaFX Application Thread] DEBUG Input                - Clearing active input actions
12:06:06.298 [JavaFX Application Thread] DEBUG GameApplicationServi - Removing overlay from FXGLStartupScene and adding to FXGLLoadingScene
12:06:06.305 [JavaFX Application Thread] DEBUG PrimaryStageWindow   - FXGLStartupScene -> FXGLLoadingScene
12:06:06.305 [JavaFX Application Thread] DEBUG GameApplicationServi - Clearing previous game
12:06:06.305 [JavaFX Application Thread] DEBUG GameScene            - Clearing game scene
12:06:06.305 [JavaFX Application Thread] DEBUG GameWorld            - Clearing game world
12:06:06.305 [JavaFX Application Thread] DEBUG PhysicsWorld         - Clearing physics world
12:06:06.307 [FXGL Background Thread 4 ] DEBUG FXGLApplication      - Initializing game
12:06:06.311 [JavaFX Application Thread] DEBUG FXGLApplication      - Registering font factories with UI factory
12:06:06.336 [FXGL Background Thread 4 ] DEBUG FXGLAssetLoaderServi - Loading from file system: file:/C:/Users/Ilyan/IdeaProjects/BruhTato/target/classes/assets/textures/Bruhtato_FullHealth.png
12:06:06.473 [FXGL Background Thread 4 ] INFO  FXGLApplication      - Game initialization took: 0.165 sec
12:06:06.721 [JavaFX Application Thread] DEBUG Input                - Clearing active input actions
12:06:06.735 [JavaFX Application Thread] DEBUG GameApplicationServi - Removing overlay from FXGLLoadingScene and adding to GameScene
12:06:06.749 [JavaFX Application Thread] DEBUG PrimaryStageWindow   - FXGLLoadingScene -> GameScene
12:06:07.049 [FXGL Background Thread 2 ] INFO  UpdaterService       - Your current version:  11.17
12:06:07.049 [FXGL Background Thread 2 ] INFO  UpdaterService       - Latest stable version: 25
12:06:09.155 [FXGL Background Thread 3 ] DEBUG Engine               - Logging environment variables
12:06:09.155 [FXGL Background Thread 3 ] DEBUG Engine               - achievements: []
12:06:09.155 [FXGL Background Thread 3 ] DEBUG Engine               - actualHeight: 815.0
12:06:09.155 [FXGL Background Thread 3 ] DEBUG Engine               - actualHeightProperty: ReadOnlyDoubleProperty [value: 815.0]
12:06:09.155 [FXGL Background Thread 3 ] DEBUG Engine               - actualWidth: 1425.0
12:06:09.155 [FXGL Background Thread 3 ] DEBUG Engine               - actualWidthProperty: ReadOnlyDoubleProperty [value: 1425.0]
12:06:09.155 [FXGL Background Thread 3 ] DEBUG Engine               - appIcon: fxgl_icon.png
12:06:09.156 [FXGL Background Thread 3 ] DEBUG Engine               - applicationMode: DEVELOPER
12:06:09.156 [FXGL Background Thread 3 ] DEBUG Engine               - cSSList: [fxgl_dark.css]
12:06:09.156 [FXGL Background Thread 3 ] DEBUG Engine               - collisionDetectionStrategy: BRUTE_FORCE
12:06:09.156 [FXGL Background Thread 3 ] DEBUG Engine               - configClass: Optional.empty
12:06:09.156 [FXGL Background Thread 3 ] DEBUG Engine               - credits: []
12:06:09.156 [FXGL Background Thread 3 ] DEBUG Engine               - defaultCursor: CursorInfo(imageName=fxgl_default_cursor.png, hotspotX=7.0, hotspotY=6.0)
12:06:09.156 [FXGL Background Thread 3 ] DEBUG Engine               - devBBoxColorProperty: ObjectProperty [value: 0xff0000ff]
12:06:09.156 [FXGL Background Thread 3 ] DEBUG Engine               - devEnableDebugCameraProperty: BooleanProperty [value: false]
12:06:09.156 [FXGL Background Thread 3 ] DEBUG Engine               - devSensorColorProperty: ObjectProperty [value: 0xffff00ff]
12:06:09.156 [FXGL Background Thread 3 ] DEBUG Engine               - devShowBBoxProperty: BooleanProperty [value: false]
12:06:09.156 [FXGL Background Thread 3 ] DEBUG Engine               - devShowPositionProperty: BooleanProperty [value: false]
12:06:09.156 [FXGL Background Thread 3 ] DEBUG Engine               - enabledMenuItems: []
12:06:09.156 [FXGL Background Thread 3 ] DEBUG Engine               - engineServices: [class com.almasb.fxgl.app.services.FXGLAssetLoaderService, class com.almasb.fxgl.app.FXGLApplication$GameApplicationService, class com.almasb.fxgl.app.services.FXGLDialogService, class com.almasb.fxgl.app.services.IOTaskExecutorService, class com.almasb.fxgl.io.FileSystemService, class com.almasb.fxgl.localization.LocalizationService, class com.almasb.fxgl.app.services.SystemBundleService, class com.almasb.fxgl.profile.SaveLoadService, class com.almasb.fxgl.ui.FXGLUIFactoryServiceProvider, class com.almasb.fxgl.ui.FXGLDialogFactoryServiceProvider, class com.almasb.fxgl.audio.AudioPlayer, class com.almasb.fxgl.notification.impl.NotificationServiceProvider, class com.almasb.fxgl.achievement.AchievementService, class com.almasb.fxgl.cutscene.CutsceneService, class com.almasb.fxgl.minigames.MiniGameService, class com.almasb.fxgl.net.NetService, class com.almasb.fxgl.app.services.UpdaterService, class com.almasb.fxgl.dev.DevService]
12:06:09.156 [FXGL Background Thread 3 ] DEBUG Engine               - fontGame: Abel-Regular.ttf
12:06:09.156 [FXGL Background Thread 3 ] DEBUG Engine               - fontMono: lucida_console.ttf
12:06:09.156 [FXGL Background Thread 3 ] DEBUG Engine               - fontText: Courier-Prime.ttf
12:06:09.156 [FXGL Background Thread 3 ] DEBUG Engine               - fontUI: VarelaRound-Regular.ttf
12:06:09.156 [FXGL Background Thread 3 ] DEBUG Engine               - fullScreen: BooleanProperty [value: false]
12:06:09.156 [FXGL Background Thread 3 ] DEBUG Engine               - gameDifficulty: MEDIUM
12:06:09.156 [FXGL Background Thread 3 ] DEBUG Engine               - gameDifficultyProperty: ObjectProperty [value: MEDIUM]
12:06:09.156 [FXGL Background Thread 3 ] DEBUG Engine               - globalMusicVolume: 0.5
12:06:09.156 [FXGL Background Thread 3 ] DEBUG Engine               - globalMusicVolumeProperty: DoubleProperty [value: 0.5]
12:06:09.156 [FXGL Background Thread 3 ] DEBUG Engine               - globalSoundVolume: 0.5
12:06:09.156 [FXGL Background Thread 3 ] DEBUG Engine               - globalSoundVolumeProperty: DoubleProperty [value: 0.5]
12:06:09.157 [FXGL Background Thread 3 ] DEBUG Engine               - height: 1080
12:06:09.157 [FXGL Background Thread 3 ] DEBUG Engine               - is3D: false
12:06:09.157 [FXGL Background Thread 3 ] DEBUG Engine               - isAndroid: false
12:06:09.157 [FXGL Background Thread 3 ] DEBUG Engine               - isBrowser: false
12:06:09.157 [FXGL Background Thread 3 ] DEBUG Engine               - isClickFeedbackEnabled: false
12:06:09.157 [FXGL Background Thread 3 ] DEBUG Engine               - isCloseConfirmation: false
12:06:09.157 [FXGL Background Thread 3 ] DEBUG Engine               - isDesktop: true
12:06:09.157 [FXGL Background Thread 3 ] DEBUG Engine               - isDeveloperMenuEnabled: true
12:06:09.157 [FXGL Background Thread 3 ] DEBUG Engine               - isEntityPreloadEnabled: true
12:06:09.157 [FXGL Background Thread 3 ] DEBUG Engine               - isExperimentalTiledLargeMap: false
12:06:09.157 [FXGL Background Thread 3 ] DEBUG Engine               - isFileSystemWriteAllowed: true
12:06:09.157 [FXGL Background Thread 3 ] DEBUG Engine               - isFullScreenAllowed: false
12:06:09.157 [FXGL Background Thread 3 ] DEBUG Engine               - isFullScreenFromStart: false
12:06:09.157 [FXGL Background Thread 3 ] DEBUG Engine               - isGameMenuEnabled: true
12:06:09.157 [FXGL Background Thread 3 ] DEBUG Engine               - isIOS: false
12:06:09.157 [FXGL Background Thread 3 ] DEBUG Engine               - isIntroEnabled: false
12:06:09.157 [FXGL Background Thread 3 ] DEBUG Engine               - isLinux: false
12:06:09.157 [FXGL Background Thread 3 ] DEBUG Engine               - isMac: false
12:06:09.158 [FXGL Background Thread 3 ] DEBUG Engine               - isMainMenuEnabled: false
12:06:09.158 [FXGL Background Thread 3 ] DEBUG Engine               - isManualResizeEnabled: false
12:06:09.158 [FXGL Background Thread 3 ] DEBUG Engine               - isMobile: false
12:06:09.158 [FXGL Background Thread 3 ] DEBUG Engine               - isNative: false
12:06:09.158 [FXGL Background Thread 3 ] DEBUG Engine               - isPauseMusicWhenMinimized: true
12:06:09.158 [FXGL Background Thread 3 ] DEBUG Engine               - isPreserveResizeRatio: false
12:06:09.158 [FXGL Background Thread 3 ] DEBUG Engine               - isProfilingEnabled: false
12:06:09.158 [FXGL Background Thread 3 ] DEBUG Engine               - isScaleAffectedOnResize: true
12:06:09.158 [FXGL Background Thread 3 ] DEBUG Engine               - isSingleStep: false
12:06:09.158 [FXGL Background Thread 3 ] DEBUG Engine               - isUserProfileEnabled: false
12:06:09.158 [FXGL Background Thread 3 ] DEBUG Engine               - isWindows: true
12:06:09.158 [FXGL Background Thread 3 ] DEBUG Engine               - language: ObjectProperty [value: ENGLISH]
12:06:09.159 [FXGL Background Thread 3 ] DEBUG Engine               - menuKey: ESCAPE
12:06:09.159 [FXGL Background Thread 3 ] DEBUG Engine               - mouseSensitivity: 0.2
12:06:09.159 [FXGL Background Thread 3 ] DEBUG Engine               - notificationViewClass: class com.almasb.fxgl.notification.view.XboxNotificationView
12:06:09.159 [FXGL Background Thread 3 ] DEBUG Engine               - pixelsPerMeter: 50.0
12:06:09.159 [FXGL Background Thread 3 ] DEBUG Engine               - platform: WINDOWS
12:06:09.159 [FXGL Background Thread 3 ] DEBUG Engine               - prefHeightProperty: ReadOnlyDoubleProperty [value: 1080.0]
12:06:09.159 [FXGL Background Thread 3 ] DEBUG Engine               - prefWidthProperty: ReadOnlyDoubleProperty [value: 1920.0]
12:06:09.159 [FXGL Background Thread 3 ] DEBUG Engine               - profileDir: profiles/
12:06:09.159 [FXGL Background Thread 3 ] DEBUG Engine               - profileName: StringProperty [value: DEFAULT]
12:06:09.159 [FXGL Background Thread 3 ] DEBUG Engine               - randomSeed: -1
12:06:09.159 [FXGL Background Thread 3 ] DEBUG Engine               - runtimeInfo: RuntimeInfo(platform=WINDOWS, version=11.17, build=16.07.2021 15.46)
12:06:09.159 [FXGL Background Thread 3 ] DEBUG Engine               - saveFileExt: sav
12:06:09.159 [FXGL Background Thread 3 ] DEBUG Engine               - scaledHeightProp$fxgl: DoubleProperty [bound, value: 815.0]
12:06:09.159 [FXGL Background Thread 3 ] DEBUG Engine               - scaledWidthProp$fxgl: DoubleProperty [bound, value: 1425.0]
12:06:09.159 [FXGL Background Thread 3 ] DEBUG Engine               - sceneFactory: com.almasb.fxgl.app.scene.SceneFactory@342f34f6
12:06:09.159 [FXGL Background Thread 3 ] DEBUG Engine               - secondsIn24h: 60
12:06:09.159 [FXGL Background Thread 3 ] DEBUG Engine               - soundMenuBack: menu/back.wav
12:06:09.159 [FXGL Background Thread 3 ] DEBUG Engine               - soundMenuPress: menu/press.wav
12:06:09.159 [FXGL Background Thread 3 ] DEBUG Engine               - soundMenuSelect: menu/select.wav
12:06:09.159 [FXGL Background Thread 3 ] DEBUG Engine               - soundNotification: core/notification.wav
12:06:09.159 [FXGL Background Thread 3 ] DEBUG Engine               - stageStyle: DECORATED
12:06:09.159 [FXGL Background Thread 3 ] DEBUG Engine               - supportedLanguages: [ENGLISH, FRENCH, GERMAN, HUNGARIAN, RUSSIAN]
12:06:09.159 [FXGL Background Thread 3 ] DEBUG Engine               - ticksPerSecond: -1
12:06:09.160 [FXGL Background Thread 3 ] DEBUG Engine               - title: Bruhtato
12:06:09.160 [FXGL Background Thread 3 ] DEBUG Engine               - urlGithub: https://github.com/AlmasB/FXGL
12:06:09.160 [FXGL Background Thread 3 ] DEBUG Engine               - urlLeaderboard: http://fxgl-top.herokuapp.com/
12:06:09.160 [FXGL Background Thread 3 ] DEBUG Engine               - urlPOM: https://raw.githubusercontent.com/AlmasB/FXGL/release/README.md
12:06:09.160 [FXGL Background Thread 3 ] DEBUG Engine               - userAppClass: class BruhTato.BruhTatoApplication
12:06:09.160 [FXGL Background Thread 3 ] DEBUG Engine               - version: 1.0
12:06:09.160 [FXGL Background Thread 3 ] DEBUG Engine               - versionCheckDays: 7
12:06:09.160 [FXGL Background Thread 3 ] DEBUG Engine               - width: 1920
12:06:09.160 [FXGL Background Thread 3 ] DEBUG Engine               - Logging services
12:06:09.160 [FXGL Background Thread 3 ] DEBUG Engine               - class com.almasb.fxgl.app.services.FXGLAssetLoaderService
12:06:09.160 [FXGL Background Thread 3 ] DEBUG Engine               - class com.almasb.fxgl.app.FXGLApplication$GameApplicationService
12:06:09.160 [FXGL Background Thread 3 ] DEBUG Engine               - class com.almasb.fxgl.app.services.FXGLDialogService
12:06:09.160 [FXGL Background Thread 3 ] DEBUG Engine               - class com.almasb.fxgl.app.services.IOTaskExecutorService
12:06:09.160 [FXGL Background Thread 3 ] DEBUG Engine               - class com.almasb.fxgl.io.FileSystemService
12:06:09.160 [FXGL Background Thread 3 ] DEBUG Engine               - class com.almasb.fxgl.localization.LocalizationService
12:06:09.160 [FXGL Background Thread 3 ] DEBUG Engine               - class com.almasb.fxgl.app.services.SystemBundleService
12:06:09.160 [FXGL Background Thread 3 ] DEBUG Engine               - class com.almasb.fxgl.profile.SaveLoadService
12:06:09.160 [FXGL Background Thread 3 ] DEBUG Engine               - class com.almasb.fxgl.ui.FXGLUIFactoryServiceProvider
12:06:09.160 [FXGL Background Thread 3 ] DEBUG Engine               - class com.almasb.fxgl.ui.FXGLDialogFactoryServiceProvider
12:06:09.160 [FXGL Background Thread 3 ] DEBUG Engine               - class com.almasb.fxgl.audio.AudioPlayer
12:06:09.160 [FXGL Background Thread 3 ] DEBUG Engine               - class com.almasb.fxgl.notification.impl.NotificationServiceProvider
12:06:09.160 [FXGL Background Thread 3 ] DEBUG Engine               - class com.almasb.fxgl.achievement.AchievementService
12:06:09.160 [FXGL Background Thread 3 ] DEBUG Engine               - class com.almasb.fxgl.cutscene.CutsceneService
12:06:09.160 [FXGL Background Thread 3 ] DEBUG Engine               - class com.almasb.fxgl.minigames.MiniGameService
12:06:09.160 [FXGL Background Thread 3 ] DEBUG Engine               - class com.almasb.fxgl.net.NetService
12:06:09.160 [FXGL Background Thread 3 ] DEBUG Engine               - class com.almasb.fxgl.app.services.UpdaterService
12:06:09.160 [FXGL Background Thread 3 ] DEBUG Engine               - class com.almasb.fxgl.dev.DevService
12:06:18.962 [JavaFX Application Thread] DEBUG FXGLApplication      - Exiting FXGL
12:06:18.962 [JavaFX Application Thread] DEBUG LoopRunner           - Stopping loop
12:06:18.964 [JavaFX Application Thread] DEBUG SystemBundleService  - Saving FXGL system data
12:06:18.965 [JavaFX Application Thread] DEBUG FileSystemAccess     - Writing to: C:\Users\Ilyan\IdeaProjects\BruhTato\system\fxgl.bundle
12:06:18.965 [JavaFX Application Thread] DEBUG Async                - Shutting down background threads
12:06:18.965 [JavaFX Application Thread] DEBUG PrimaryStageWindow   - Closing main window
12:06:18.979 [JavaFX Application Thread] DEBUG Logger               - Closing Logger
