12:00:35.789 [main                     ] DEBUG Logger               - Configured Logger
12:00:35.790 [main                     ] DEBUG GameApplication      - Logging settings
Title: Bruhtato
Version: 1.0
Width: 800
Height: 600
Fullscreen: false
Intro: false
Profiling: false
Single step:false
App Mode: DEVELOPER
Menu Key: ESCAPE
Stage Style: DECORATED
Scene Factory: class com.almasb.fxgl.app.scene.SceneFactory

12:00:36.608 [JavaFX Application Thread] DEBUG FXGLApplication      - Initializing FXGL
12:00:36.609 [JavaFX Application Thread] INFO  Engine               - FXGL-11.17 (16.07.2021 15.46) on WINDOWS (J:25.0.3 FX:21.0.6)
12:00:36.609 [JavaFX Application Thread] DEBUG Engine               - JRE Vendor Name: Oracle Corporation
12:00:36.610 [JavaFX Application Thread] DEBUG Engine               - Running on OS: Windows 11 version 10.0
12:00:36.610 [JavaFX Application Thread] DEBUG Engine               - Architecture: amd64
12:00:36.610 [JavaFX Application Thread] INFO  Engine               - Source code and latest versions at: https://github.com/AlmasB/FXGL
12:00:36.610 [JavaFX Application Thread] INFO  Engine               -              Join the FXGL chat at: https://gitter.im/AlmasB/FXGL
12:00:36.712 [JavaFX Application Thread] DEBUG PrimaryStageWindow   - Creating a JavaFX scene
12:00:36.756 [JavaFX Application Thread] DEBUG PrimaryStageWindow   - Target settings size: 800.0 x 600.0
12:00:36.756 [JavaFX Application Thread] DEBUG PrimaryStageWindow   - Scaled scene size:    800.0 x 600.0
12:00:36.756 [JavaFX Application Thread] DEBUG PrimaryStageWindow   - Scaled ratio: (1.0, 1.0)
12:00:36.757 [JavaFX Application Thread] DEBUG PrimaryStageWindow   - Set initial scene to FXGLStartupScene
12:00:36.760 [JavaFX Application Thread] DEBUG PrimaryStageWindow   - Opening main window
12:00:36.874 [JavaFX Application Thread] DEBUG PrimaryStageWindow   - Window border size: (14.4000244140625, 37.5999755859375)
12:00:36.874 [JavaFX Application Thread] DEBUG PrimaryStageWindow   - Scaled size: 800.0 x 600.0
12:00:36.874 [JavaFX Application Thread] DEBUG PrimaryStageWindow   - Scaled ratio: (1.0, 1.0)
12:00:36.874 [JavaFX Application Thread] DEBUG PrimaryStageWindow   - Scene size: 800.0 x 600.0
12:00:36.875 [JavaFX Application Thread] DEBUG PrimaryStageWindow   - Stage size: 814.4000244140625 x 637.5999755859375
12:00:36.885 [FXGL Background Thread 1 ] DEBUG Engine               - Initializing environment variables
12:00:36.951 [FXGL Background Thread 1 ] DEBUG FXGLAssetLoaderServi - User app class for loading assets: class BruhTato.BruhTatoApplication
12:00:36.951 [FXGL Background Thread 1 ] DEBUG GameApplicationServi - Applying CSS: fxgl_dark.css
12:00:36.952 [FXGL Background Thread 1 ] DEBUG FXGLAssetLoaderServi - Loading from file system: jar:file:///C:/Users/Ilyan/.m2/repository/com/github/almasb/fxgl/11.17/fxgl-11.17.jar!/fxglassets/ui/css/fxgl_dark.css
12:00:37.000 [FXGL Background Thread 1 ] DEBUG GameApplicationServi - Initializing application scenes
12:00:37.040 [FXGL Background Thread 1 ] DEBUG GameWorld            - Game world initialized
12:00:37.094 [FXGL Background Thread 1 ] DEBUG PhysicsWorld         - Physics world initialized: appHeight=600, physics.ppm=50.0
12:00:37.094 [FXGL Background Thread 1 ] DEBUG PhysicsWorld         - Using strategy: BRUTE_FORCE
12:00:37.096 [FXGL Background Thread 1 ] DEBUG GameScene            - Game scene initialized: 800x600
12:00:37.109 [FXGL Background Thread 1 ] DEBUG FXGL.DefaultMenu     - createMenuBodyGameMenu()
12:00:37.126 [FXGL Background Thread 1 ] DEBUG FXGL.DefaultMenu     - createOptionsMenu()
12:00:37.141 [FXGL Background Thread 1 ] DEBUG FXGLAssetLoaderServi - Loading from file system: jar:file:///C:/Users/Ilyan/.m2/repository/com/github/almasb/fxgl/11.17/fxgl-11.17.jar!/fxglassets/textures/particles/smoke.png
12:00:37.234 [FXGL Background Thread 1 ] DEBUG FXGLAssetLoaderServi - Loading from file system: jar:file:///C:/Users/Ilyan/.m2/repository/com/github/almasb/fxgl/11.17/fxgl-11.17.jar!/fxglassets/textures/particles/trace_horizontal.png
12:00:37.279 [FXGL Background Thread 1 ] DEBUG GameApplicationServi - Application scenes initialized
12:00:37.290 [FXGL Background Thread 1 ] DEBUG SystemBundleService  - Loading FXGL system data
12:00:37.292 [FXGL Background Thread 1 ] DEBUG FileSystemAccess     - Reading from: C:\Users\Ilyan\IdeaProjects\BruhTato\system\fxgl.bundle
12:00:37.294 [FXGL Background Thread 1 ] DEBUG SystemBundleService  - Bundle FXGL: {}
12:00:37.294 [FXGL Background Thread 1 ] DEBUG UpdaterService       - Checking for updates
12:00:37.299 [FXGL Background Thread 4 ] DEBUG FXGLApplication      - Loading fonts
12:00:37.300 [FXGL Background Thread 1 ] DEBUG FXGLApplication      - Loading default localization
12:00:37.300 [FXGL Background Thread 4 ] DEBUG FXGLAssetLoaderServi - Loading from file system: jar:file:///C:/Users/Ilyan/.m2/repository/com/github/almasb/fxgl/11.17/fxgl-11.17.jar!/fxglassets/ui/fonts/VarelaRound-Regular.ttf
12:00:37.300 [FXGL Background Thread 1 ] DEBUG FXGLAssetLoaderServi - Loading from file system: jar:file:///C:/Users/Ilyan/.m2/repository/com/github/almasb/fxgl/11.17/fxgl-11.17.jar!/fxglassets/languages/english.lang
12:00:37.313 [FXGL Background Thread 4 ] DEBUG FXGLAssetLoaderServi - Loading from file system: jar:file:///C:/Users/Ilyan/.m2/repository/com/github/almasb/fxgl/11.17/fxgl-11.17.jar!/fxglassets/ui/fonts/Abel-Regular.ttf
12:00:37.317 [FXGL Background Thread 1 ] INFO  FXGLApplication      - FXGL initialization took: 0.433 sec
12:00:37.319 [FXGL Background Thread 4 ] DEBUG FXGLAssetLoaderServi - Loading from file system: jar:file:///C:/Users/Ilyan/.m2/repository/com/github/almasb/fxgl/11.17/fxgl-11.17.jar!/fxglassets/ui/fonts/lucida_console.ttf
12:00:37.327 [FXGL Background Thread 4 ] DEBUG FXGLAssetLoaderServi - Loading from file system: jar:file:///C:/Users/Ilyan/.m2/repository/com/github/almasb/fxgl/11.17/fxgl-11.17.jar!/fxglassets/ui/fonts/Courier-Prime.ttf
12:00:37.328 [JavaFX Application Thread] DEBUG Input                - Registered new binding: action0 - W
12:00:37.328 [JavaFX Application Thread] DEBUG Input                - Registered new binding: action1 - S
12:00:37.329 [JavaFX Application Thread] DEBUG Input                - Registered new binding: action2 - A
12:00:37.330 [JavaFX Application Thread] DEBUG Input                - Registered new binding: action3 - D
12:00:37.330 [JavaFX Application Thread] DEBUG FXGLAssetLoaderServi - Loading from file system: jar:file:///C:/Users/Ilyan/.m2/repository/com/github/almasb/fxgl/11.17/fxgl-11.17.jar!/fxglassets/textures/fxgl_icon.png
12:00:37.360 [JavaFX Application Thread] DEBUG FXGLAssetLoaderServi - Loading from file system: jar:file:///C:/Users/Ilyan/.m2/repository/com/github/almasb/fxgl/11.17/fxgl-11.17.jar!/fxglassets/textures/fxgl_default_cursor.png
12:00:37.362 [JavaFX Application Thread] DEBUG Input                - Registered new binding: Screenshot - CTRL+8
12:00:37.362 [JavaFX Application Thread] DEBUG Input                - Registered new binding: System info dump - CTRL+9
12:00:37.363 [JavaFX Application Thread] DEBUG Input                - Registered new binding: Restart - CTRL+R
12:00:37.363 [JavaFX Application Thread] DEBUG Input                - Registered new binding: Toggle Debug Camera - CTRL+C
12:00:37.367 [JavaFX Application Thread] DEBUG LoopRunner           - Starting loop
12:00:37.368 [JavaFX Application Thread] DEBUG LoopRunner           - Initializing JavaFX AnimationTimerLoop
12:00:37.369 [JavaFX Application Thread] DEBUG GameApplicationServi - Starting new game
12:00:37.370 [JavaFX Application Thread] DEBUG Input                - Clearing active input actions
12:00:37.385 [JavaFX Application Thread] DEBUG GameApplicationServi - Removing overlay from FXGLStartupScene and adding to FXGLLoadingScene
12:00:37.385 [JavaFX Application Thread] DEBUG PrimaryStageWindow   - FXGLStartupScene -> FXGLLoadingScene
12:00:37.385 [JavaFX Application Thread] DEBUG GameApplicationServi - Clearing previous game
12:00:37.385 [JavaFX Application Thread] DEBUG GameScene            - Clearing game scene
12:00:37.385 [JavaFX Application Thread] DEBUG GameWorld            - Clearing game world
12:00:37.385 [JavaFX Application Thread] DEBUG PhysicsWorld         - Clearing physics world
12:00:37.388 [FXGL Background Thread 4 ] DEBUG FXGLApplication      - Initializing game
12:00:37.388 [JavaFX Application Thread] DEBUG FXGLApplication      - Registering font factories with UI factory
12:00:37.407 [FXGL Background Thread 4 ] DEBUG FXGLAssetLoaderServi - Loading from file system: file:/C:/Users/Ilyan/IdeaProjects/BruhTato/target/classes/assets/textures/Bruhtato_FullHealth.png
12:00:37.475 [FXGL Background Thread 4 ] INFO  FXGLApplication      - Game initialization took: 0.088 sec
12:00:37.496 [JavaFX Application Thread] DEBUG Input                - Clearing active input actions
12:00:37.517 [JavaFX Application Thread] DEBUG GameApplicationServi - Removing overlay from FXGLLoadingScene and adding to GameScene
12:00:37.518 [JavaFX Application Thread] DEBUG PrimaryStageWindow   - FXGLLoadingScene -> GameScene
12:00:37.797 [FXGL Background Thread 2 ] INFO  UpdaterService       - Your current version:  11.17
12:00:37.797 [FXGL Background Thread 2 ] INFO  UpdaterService       - Latest stable version: 25
12:00:39.506 [JavaFX Application Thread] DEBUG FXGLApplication      - Exiting FXGL
12:00:39.506 [JavaFX Application Thread] DEBUG LoopRunner           - Stopping loop
12:00:39.506 [JavaFX Application Thread] DEBUG SystemBundleService  - Saving FXGL system data
12:00:39.507 [JavaFX Application Thread] DEBUG FileSystemAccess     - Writing to: C:\Users\Ilyan\IdeaProjects\BruhTato\system\fxgl.bundle
12:00:39.508 [JavaFX Application Thread] DEBUG Async                - Shutting down background threads
12:00:39.508 [JavaFX Application Thread] DEBUG PrimaryStageWindow   - Closing main window
12:00:39.519 [JavaFX Application Thread] DEBUG Logger               - Closing Logger
