12:57:34.781 [main                     ] DEBUG Logger               - Configured Logger
12:57:34.783 [main                     ] DEBUG GameApplication      - Logging settings
Title: Bruhtato
Version: 1.2
Width: 1920
Height: 1080
Fullscreen: false
Intro: false
Profiling: false
Single step:false
App Mode: DEVELOPER
Menu Key: ESCAPE
Stage Style: DECORATED
Scene Factory: class com.almasb.fxgl.app.scene.SceneFactory

12:57:35.342 [JavaFX Application Thread] DEBUG FXGLApplication      - Initializing FXGL
12:57:35.345 [JavaFX Application Thread] INFO  Engine               - FXGL-11.17 (16.07.2021 15.46) on WINDOWS (J:25.0.3 FX:21.0.6)
12:57:35.345 [JavaFX Application Thread] DEBUG Engine               - JRE Vendor Name: Oracle Corporation
12:57:35.345 [JavaFX Application Thread] DEBUG Engine               - Running on OS: Windows 11 version 10.0
12:57:35.346 [JavaFX Application Thread] DEBUG Engine               - Architecture: amd64
12:57:35.346 [JavaFX Application Thread] INFO  Engine               - Source code and latest versions at: https://github.com/AlmasB/FXGL
12:57:35.346 [JavaFX Application Thread] INFO  Engine               -              Join the FXGL chat at: https://gitter.im/AlmasB/FXGL
12:57:35.476 [JavaFX Application Thread] DEBUG PrimaryStageWindow   - Creating a JavaFX scene
12:57:35.476 [JavaFX Application Thread] DEBUG PrimaryStageWindow   - Target size > screen size
12:57:35.533 [JavaFX Application Thread] DEBUG PrimaryStageWindow   - Target settings size: 1920.0 x 1080.0
12:57:35.533 [JavaFX Application Thread] DEBUG PrimaryStageWindow   - Scaled scene size:    1511.0 x 864.0
12:57:35.533 [JavaFX Application Thread] DEBUG PrimaryStageWindow   - Scaled ratio: (0.7869791666666667, 0.8)
12:57:35.534 [JavaFX Application Thread] DEBUG PrimaryStageWindow   - Set initial scene to FXGLStartupScene
12:57:35.538 [JavaFX Application Thread] DEBUG PrimaryStageWindow   - Opening main window
12:57:35.698 [JavaFX Application Thread] DEBUG PrimaryStageWindow   - Window border size: (14.5999755859375, 37.5999755859375)
12:57:35.698 [JavaFX Application Thread] DEBUG PrimaryStageWindow   - Scaled size: 1511.0 x 864.0
12:57:35.698 [JavaFX Application Thread] DEBUG PrimaryStageWindow   - Scaled ratio: (0.7869791666666667, 0.8)
12:57:35.698 [JavaFX Application Thread] DEBUG PrimaryStageWindow   - Scene size: 1511.0 x 864.0
12:57:35.698 [JavaFX Application Thread] DEBUG PrimaryStageWindow   - Stage size: 1525.5999755859375 x 901.5999755859375
12:57:35.708 [FXGL Background Thread 1 ] DEBUG Engine               - Initializing environment variables
12:57:35.772 [FXGL Background Thread 1 ] DEBUG FXGLAssetLoaderServi - User app class for loading assets: class BruhTato.BruhTatoApplication
12:57:35.772 [FXGL Background Thread 1 ] DEBUG GameApplicationServi - Applying CSS: fxgl_dark.css
12:57:35.773 [FXGL Background Thread 1 ] DEBUG FXGLAssetLoaderServi - Loading from file system: jar:file:///C:/Users/Acer/.m2/repository/com/github/almasb/fxgl/11.17/fxgl-11.17.jar!/fxglassets/ui/css/fxgl_dark.css
12:57:35.835 [FXGL Background Thread 1 ] DEBUG GameApplicationServi - Initializing application scenes
12:57:35.876 [FXGL Background Thread 1 ] DEBUG GameWorld            - Game world initialized
12:57:35.946 [FXGL Background Thread 1 ] DEBUG PhysicsWorld         - Physics world initialized: appHeight=1080, physics.ppm=50.0
12:57:35.946 [FXGL Background Thread 1 ] DEBUG PhysicsWorld         - Using strategy: BRUTE_FORCE
12:57:35.949 [FXGL Background Thread 1 ] DEBUG GameScene            - Game scene initialized: 1920x1080
12:57:35.962 [FXGL Background Thread 1 ] DEBUG FXGL.DefaultMenu     - createMenuBodyGameMenu()
12:57:35.978 [FXGL Background Thread 1 ] DEBUG FXGL.DefaultMenu     - createOptionsMenu()
12:57:35.990 [FXGL Background Thread 1 ] DEBUG FXGLAssetLoaderServi - Loading from file system: jar:file:///C:/Users/Acer/.m2/repository/com/github/almasb/fxgl/11.17/fxgl-11.17.jar!/fxglassets/textures/particles/smoke.png
12:57:36.101 [FXGL Background Thread 1 ] DEBUG FXGLAssetLoaderServi - Loading from file system: jar:file:///C:/Users/Acer/.m2/repository/com/github/almasb/fxgl/11.17/fxgl-11.17.jar!/fxglassets/textures/particles/trace_horizontal.png
12:57:36.140 [FXGL Background Thread 1 ] DEBUG GameApplicationServi - Application scenes initialized
12:57:36.152 [FXGL Background Thread 1 ] DEBUG SystemBundleService  - Loading FXGL system data
12:57:36.153 [FXGL Background Thread 1 ] DEBUG FileSystemAccess     - Reading from: C:\Users\Acer\IdeaProjects\BruhTatos\system\fxgl.bundle
12:57:36.156 [FXGL Background Thread 1 ] DEBUG SystemBundleService  - Bundle FXGL: {}
12:57:36.156 [FXGL Background Thread 1 ] DEBUG UpdaterService       - Checking for updates
12:57:36.185 [FXGL Background Thread 4 ] DEBUG FXGLApplication      - Loading fonts
12:57:36.186 [FXGL Background Thread 1 ] DEBUG FXGLApplication      - Loading default localization
12:57:36.186 [FXGL Background Thread 4 ] DEBUG FXGLAssetLoaderServi - Loading from file system: jar:file:///C:/Users/Acer/.m2/repository/com/github/almasb/fxgl/11.17/fxgl-11.17.jar!/fxglassets/ui/fonts/VarelaRound-Regular.ttf
12:57:36.186 [FXGL Background Thread 1 ] DEBUG FXGLAssetLoaderServi - Loading from file system: jar:file:///C:/Users/Acer/.m2/repository/com/github/almasb/fxgl/11.17/fxgl-11.17.jar!/fxglassets/languages/english.lang
12:57:36.198 [FXGL Background Thread 4 ] DEBUG FXGLAssetLoaderServi - Loading from file system: jar:file:///C:/Users/Acer/.m2/repository/com/github/almasb/fxgl/11.17/fxgl-11.17.jar!/fxglassets/ui/fonts/Abel-Regular.ttf
12:57:36.211 [FXGL Background Thread 4 ] DEBUG FXGLAssetLoaderServi - Loading from file system: jar:file:///C:/Users/Acer/.m2/repository/com/github/almasb/fxgl/11.17/fxgl-11.17.jar!/fxglassets/ui/fonts/lucida_console.ttf
12:57:36.214 [FXGL Background Thread 1 ] INFO  FXGLApplication      - FXGL initialization took: 0.506 sec
12:57:36.226 [FXGL Background Thread 4 ] DEBUG FXGLAssetLoaderServi - Loading from file system: jar:file:///C:/Users/Acer/.m2/repository/com/github/almasb/fxgl/11.17/fxgl-11.17.jar!/fxglassets/ui/fonts/Courier-Prime.ttf
12:57:36.228 [JavaFX Application Thread] DEBUG Input                - Registered new binding: action0 - W
12:57:36.229 [JavaFX Application Thread] DEBUG Input                - Registered new binding: action1 - S
12:57:36.230 [JavaFX Application Thread] DEBUG Input                - Registered new binding: action2 - A
12:57:36.230 [JavaFX Application Thread] DEBUG Input                - Registered new binding: action3 - D
12:57:36.233 [JavaFX Application Thread] DEBUG Input                - Registered new binding: action4 - LMB
12:57:36.233 [JavaFX Application Thread] DEBUG FXGLAssetLoaderServi - Loading from file system: jar:file:///C:/Users/Acer/.m2/repository/com/github/almasb/fxgl/11.17/fxgl-11.17.jar!/fxglassets/textures/fxgl_icon.png
12:57:36.263 [JavaFX Application Thread] DEBUG FXGLAssetLoaderServi - Loading from file system: jar:file:///C:/Users/Acer/.m2/repository/com/github/almasb/fxgl/11.17/fxgl-11.17.jar!/fxglassets/textures/fxgl_default_cursor.png
12:57:36.264 [JavaFX Application Thread] DEBUG Input                - Registered new binding: Screenshot - CTRL+8
12:57:36.265 [JavaFX Application Thread] DEBUG Input                - Registered new binding: Dev Options - 1
12:57:36.265 [JavaFX Application Thread] DEBUG Input                - Registered new binding: Dev Console - 2
12:57:36.266 [JavaFX Application Thread] DEBUG Input                - Registered new binding: System info dump - CTRL+9
12:57:36.266 [JavaFX Application Thread] DEBUG Input                - Registered new binding: Restart - CTRL+R
12:57:36.267 [JavaFX Application Thread] DEBUG Input                - Registered new binding: Toggle Debug Camera - CTRL+C
12:57:36.270 [JavaFX Application Thread] DEBUG LoopRunner           - Starting loop
12:57:36.288 [JavaFX Application Thread] DEBUG LoopRunner           - Initializing JavaFX AnimationTimerLoop
12:57:36.289 [JavaFX Application Thread] DEBUG GameApplicationServi - Starting new game
12:57:36.289 [JavaFX Application Thread] DEBUG Input                - Clearing active input actions
12:57:36.304 [JavaFX Application Thread] DEBUG GameApplicationServi - Removing overlay from FXGLStartupScene and adding to FXGLLoadingScene
12:57:36.307 [JavaFX Application Thread] DEBUG PrimaryStageWindow   - FXGLStartupScene -> FXGLLoadingScene
12:57:36.307 [JavaFX Application Thread] DEBUG GameApplicationServi - Clearing previous game
12:57:36.307 [JavaFX Application Thread] DEBUG GameScene            - Clearing game scene
12:57:36.307 [JavaFX Application Thread] DEBUG GameWorld            - Clearing game world
12:57:36.307 [JavaFX Application Thread] DEBUG PhysicsWorld         - Clearing physics world
12:57:36.309 [FXGL Background Thread 4 ] DEBUG FXGLApplication      - Initializing game
12:57:36.309 [JavaFX Application Thread] DEBUG FXGLApplication      - Registering font factories with UI factory
12:57:36.336 [FXGL Background Thread 4 ] DEBUG FXGLAssetLoaderServi - Loading from file system: file:/C:/Users/Acer/IdeaProjects/BruhTatos/target/classes/assets/textures/Bruhtato_FullHealth.png
12:57:36.426 [FXGL Background Thread 4 ] DEBUG FXGLAssetLoaderServi - Loading from file system: file:/C:/Users/Acer/IdeaProjects/BruhTatos/target/classes/assets/textures/Melee_Enemy_FullHealth.png
12:57:36.467 [FXGL Background Thread 4 ] INFO  FXGLApplication      - Game initialization took: 0.159 sec
12:57:36.560 [JavaFX Application Thread] DEBUG Input                - Clearing active input actions
12:57:36.571 [JavaFX Application Thread] DEBUG GameApplicationServi - Removing overlay from FXGLLoadingScene and adding to GameScene
12:57:36.579 [JavaFX Application Thread] DEBUG PrimaryStageWindow   - FXGLLoadingScene -> GameScene
12:57:37.025 [FXGL Background Thread 2 ] INFO  UpdaterService       - Your current version:  11.17
12:57:37.025 [FXGL Background Thread 2 ] INFO  UpdaterService       - Latest stable version: 25
12:57:39.186 [FXGL Background Thread 3 ] DEBUG Engine               - Logging environment variables
12:57:39.186 [FXGL Background Thread 3 ] DEBUG Engine               - achievements: []
12:57:39.186 [FXGL Background Thread 3 ] DEBUG Engine               - actualHeight: 864.0
12:57:39.186 [FXGL Background Thread 3 ] DEBUG Engine               - actualHeightProperty: ReadOnlyDoubleProperty [value: 864.0]
12:57:39.186 [FXGL Background Thread 3 ] DEBUG Engine               - actualWidth: 1511.0
12:57:39.187 [FXGL Background Thread 3 ] DEBUG Engine               - actualWidthProperty: ReadOnlyDoubleProperty [value: 1511.0]
12:57:39.187 [FXGL Background Thread 3 ] DEBUG Engine               - appIcon: fxgl_icon.png
12:57:39.187 [FXGL Background Thread 3 ] DEBUG Engine               - applicationMode: DEVELOPER
12:57:39.187 [FXGL Background Thread 3 ] DEBUG Engine               - cSSList: [fxgl_dark.css]
12:57:39.187 [FXGL Background Thread 3 ] DEBUG Engine               - collisionDetectionStrategy: BRUTE_FORCE
12:57:39.187 [FXGL Background Thread 3 ] DEBUG Engine               - configClass: Optional.empty
12:57:39.187 [FXGL Background Thread 3 ] DEBUG Engine               - credits: []
12:57:39.187 [FXGL Background Thread 3 ] DEBUG Engine               - defaultCursor: CursorInfo(imageName=fxgl_default_cursor.png, hotspotX=7.0, hotspotY=6.0)
12:57:39.187 [FXGL Background Thread 3 ] DEBUG Engine               - devBBoxColorProperty: ObjectProperty [value: 0xff0000ff]
12:57:39.187 [FXGL Background Thread 3 ] DEBUG Engine               - devEnableDebugCameraProperty: BooleanProperty [value: false]
12:57:39.188 [FXGL Background Thread 3 ] DEBUG Engine               - devSensorColorProperty: ObjectProperty [value: 0xffff00ff]
12:57:39.188 [FXGL Background Thread 3 ] DEBUG Engine               - devShowBBoxProperty: BooleanProperty [value: false]
12:57:39.188 [FXGL Background Thread 3 ] DEBUG Engine               - devShowPositionProperty: BooleanProperty [value: false]
12:57:39.188 [FXGL Background Thread 3 ] DEBUG Engine               - enabledMenuItems: []
12:57:39.188 [FXGL Background Thread 3 ] DEBUG Engine               - engineServices: [class com.almasb.fxgl.app.services.FXGLAssetLoaderService, class com.almasb.fxgl.app.FXGLApplication$GameApplicationService, class com.almasb.fxgl.app.services.FXGLDialogService, class com.almasb.fxgl.app.services.IOTaskExecutorService, class com.almasb.fxgl.io.FileSystemService, class com.almasb.fxgl.localization.LocalizationService, class com.almasb.fxgl.app.services.SystemBundleService, class com.almasb.fxgl.profile.SaveLoadService, class com.almasb.fxgl.ui.FXGLUIFactoryServiceProvider, class com.almasb.fxgl.ui.FXGLDialogFactoryServiceProvider, class com.almasb.fxgl.audio.AudioPlayer, class com.almasb.fxgl.notification.impl.NotificationServiceProvider, class com.almasb.fxgl.achievement.AchievementService, class com.almasb.fxgl.cutscene.CutsceneService, class com.almasb.fxgl.minigames.MiniGameService, class com.almasb.fxgl.net.NetService, class com.almasb.fxgl.app.services.UpdaterService, class com.almasb.fxgl.dev.DevService]
12:57:39.188 [FXGL Background Thread 3 ] DEBUG Engine               - fontGame: Abel-Regular.ttf
12:57:39.188 [FXGL Background Thread 3 ] DEBUG Engine               - fontMono: lucida_console.ttf
12:57:39.188 [FXGL Background Thread 3 ] DEBUG Engine               - fontText: Courier-Prime.ttf
12:57:39.188 [FXGL Background Thread 3 ] DEBUG Engine               - fontUI: VarelaRound-Regular.ttf
12:57:39.188 [FXGL Background Thread 3 ] DEBUG Engine               - fullScreen: BooleanProperty [value: false]
12:57:39.188 [FXGL Background Thread 3 ] DEBUG Engine               - gameDifficulty: MEDIUM
12:57:39.188 [FXGL Background Thread 3 ] DEBUG Engine               - gameDifficultyProperty: ObjectProperty [value: MEDIUM]
12:57:39.188 [FXGL Background Thread 3 ] DEBUG Engine               - globalMusicVolume: 0.5
12:57:39.189 [FXGL Background Thread 3 ] DEBUG Engine               - globalMusicVolumeProperty: DoubleProperty [value: 0.5]
12:57:39.189 [FXGL Background Thread 3 ] DEBUG Engine               - globalSoundVolume: 0.5
12:57:39.189 [FXGL Background Thread 3 ] DEBUG Engine               - globalSoundVolumeProperty: DoubleProperty [value: 0.5]
12:57:39.189 [FXGL Background Thread 3 ] DEBUG Engine               - height: 1080
12:57:39.189 [FXGL Background Thread 3 ] DEBUG Engine               - is3D: false
12:57:39.189 [FXGL Background Thread 3 ] DEBUG Engine               - isAndroid: false
12:57:39.189 [FXGL Background Thread 3 ] DEBUG Engine               - isBrowser: false
12:57:39.189 [FXGL Background Thread 3 ] DEBUG Engine               - isClickFeedbackEnabled: false
12:57:39.189 [FXGL Background Thread 3 ] DEBUG Engine               - isCloseConfirmation: false
12:57:39.189 [FXGL Background Thread 3 ] DEBUG Engine               - isDesktop: true
12:57:39.189 [FXGL Background Thread 3 ] DEBUG Engine               - isDeveloperMenuEnabled: true
12:57:39.189 [FXGL Background Thread 3 ] DEBUG Engine               - isEntityPreloadEnabled: true
12:57:39.189 [FXGL Background Thread 3 ] DEBUG Engine               - isExperimentalTiledLargeMap: false
12:57:39.189 [FXGL Background Thread 3 ] DEBUG Engine               - isFileSystemWriteAllowed: true
12:57:39.189 [FXGL Background Thread 3 ] DEBUG Engine               - isFullScreenAllowed: false
12:57:39.189 [FXGL Background Thread 3 ] DEBUG Engine               - isFullScreenFromStart: false
12:57:39.190 [FXGL Background Thread 3 ] DEBUG Engine               - isGameMenuEnabled: true
12:57:39.190 [FXGL Background Thread 3 ] DEBUG Engine               - isIOS: false
12:57:39.190 [FXGL Background Thread 3 ] DEBUG Engine               - isIntroEnabled: false
12:57:39.190 [FXGL Background Thread 3 ] DEBUG Engine               - isLinux: false
12:57:39.190 [FXGL Background Thread 3 ] DEBUG Engine               - isMac: false
12:57:39.190 [FXGL Background Thread 3 ] DEBUG Engine               - isMainMenuEnabled: false
12:57:39.190 [FXGL Background Thread 3 ] DEBUG Engine               - isManualResizeEnabled: false
12:57:39.190 [FXGL Background Thread 3 ] DEBUG Engine               - isMobile: false
12:57:39.190 [FXGL Background Thread 3 ] DEBUG Engine               - isNative: false
12:57:39.190 [FXGL Background Thread 3 ] DEBUG Engine               - isPauseMusicWhenMinimized: true
12:57:39.190 [FXGL Background Thread 3 ] DEBUG Engine               - isPreserveResizeRatio: false
12:57:39.190 [FXGL Background Thread 3 ] DEBUG Engine               - isProfilingEnabled: false
12:57:39.190 [FXGL Background Thread 3 ] DEBUG Engine               - isScaleAffectedOnResize: true
12:57:39.190 [FXGL Background Thread 3 ] DEBUG Engine               - isSingleStep: false
12:57:39.190 [FXGL Background Thread 3 ] DEBUG Engine               - isUserProfileEnabled: false
12:57:39.191 [FXGL Background Thread 3 ] DEBUG Engine               - isWindows: true
12:57:39.191 [FXGL Background Thread 3 ] DEBUG Engine               - language: ObjectProperty [value: ENGLISH]
12:57:39.191 [FXGL Background Thread 3 ] DEBUG Engine               - menuKey: ESCAPE
12:57:39.191 [FXGL Background Thread 3 ] DEBUG Engine               - mouseSensitivity: 0.2
12:57:39.191 [FXGL Background Thread 3 ] DEBUG Engine               - notificationViewClass: class com.almasb.fxgl.notification.view.XboxNotificationView
12:57:39.191 [FXGL Background Thread 3 ] DEBUG Engine               - pixelsPerMeter: 50.0
12:57:39.191 [FXGL Background Thread 3 ] DEBUG Engine               - platform: WINDOWS
12:57:39.191 [FXGL Background Thread 3 ] DEBUG Engine               - prefHeightProperty: ReadOnlyDoubleProperty [value: 1080.0]
12:57:39.191 [FXGL Background Thread 3 ] DEBUG Engine               - prefWidthProperty: ReadOnlyDoubleProperty [value: 1920.0]
12:57:39.191 [FXGL Background Thread 3 ] DEBUG Engine               - profileDir: profiles/
12:57:39.191 [FXGL Background Thread 3 ] DEBUG Engine               - profileName: StringProperty [value: DEFAULT]
12:57:39.192 [FXGL Background Thread 3 ] DEBUG Engine               - randomSeed: -1
12:57:39.192 [FXGL Background Thread 3 ] DEBUG Engine               - runtimeInfo: RuntimeInfo(platform=WINDOWS, version=11.17, build=16.07.2021 15.46)
12:57:39.192 [FXGL Background Thread 3 ] DEBUG Engine               - saveFileExt: sav
12:57:39.192 [FXGL Background Thread 3 ] DEBUG Engine               - scaledHeightProp$fxgl: DoubleProperty [bound, value: 864.0]
12:57:39.192 [FXGL Background Thread 3 ] DEBUG Engine               - scaledWidthProp$fxgl: DoubleProperty [bound, value: 1511.0]
12:57:39.192 [FXGL Background Thread 3 ] DEBUG Engine               - sceneFactory: com.almasb.fxgl.app.scene.SceneFactory@635a39c2
12:57:39.192 [FXGL Background Thread 3 ] DEBUG Engine               - secondsIn24h: 60
12:57:39.192 [FXGL Background Thread 3 ] DEBUG Engine               - soundMenuBack: menu/back.wav
12:57:39.192 [FXGL Background Thread 3 ] DEBUG Engine               - soundMenuPress: menu/press.wav
12:57:39.192 [FXGL Background Thread 3 ] DEBUG Engine               - soundMenuSelect: menu/select.wav
12:57:39.192 [FXGL Background Thread 3 ] DEBUG Engine               - soundNotification: core/notification.wav
12:57:39.194 [FXGL Background Thread 3 ] DEBUG Engine               - stageStyle: DECORATED
12:57:39.194 [FXGL Background Thread 3 ] DEBUG Engine               - supportedLanguages: [ENGLISH, FRENCH, GERMAN, HUNGARIAN, RUSSIAN]
12:57:39.194 [FXGL Background Thread 3 ] DEBUG Engine               - ticksPerSecond: -1
12:57:39.194 [FXGL Background Thread 3 ] DEBUG Engine               - title: Bruhtato
12:57:39.194 [FXGL Background Thread 3 ] DEBUG Engine               - urlGithub: https://github.com/AlmasB/FXGL
12:57:39.194 [FXGL Background Thread 3 ] DEBUG Engine               - urlLeaderboard: http://fxgl-top.herokuapp.com/
12:57:39.194 [FXGL Background Thread 3 ] DEBUG Engine               - urlPOM: https://raw.githubusercontent.com/AlmasB/FXGL/release/README.md
12:57:39.194 [FXGL Background Thread 3 ] DEBUG Engine               - userAppClass: class BruhTato.BruhTatoApplication
12:57:39.194 [FXGL Background Thread 3 ] DEBUG Engine               - version: 1.2
12:57:39.194 [FXGL Background Thread 3 ] DEBUG Engine               - versionCheckDays: 7
12:57:39.195 [FXGL Background Thread 3 ] DEBUG Engine               - width: 1920
12:57:39.195 [FXGL Background Thread 3 ] DEBUG Engine               - Logging services
12:57:39.195 [FXGL Background Thread 3 ] DEBUG Engine               - class com.almasb.fxgl.app.services.FXGLAssetLoaderService
12:57:39.195 [FXGL Background Thread 3 ] DEBUG Engine               - class com.almasb.fxgl.app.FXGLApplication$GameApplicationService
12:57:39.195 [FXGL Background Thread 3 ] DEBUG Engine               - class com.almasb.fxgl.app.services.FXGLDialogService
12:57:39.195 [FXGL Background Thread 3 ] DEBUG Engine               - class com.almasb.fxgl.app.services.IOTaskExecutorService
12:57:39.195 [FXGL Background Thread 3 ] DEBUG Engine               - class com.almasb.fxgl.io.FileSystemService
12:57:39.195 [FXGL Background Thread 3 ] DEBUG Engine               - class com.almasb.fxgl.localization.LocalizationService
12:57:39.195 [FXGL Background Thread 3 ] DEBUG Engine               - class com.almasb.fxgl.app.services.SystemBundleService
12:57:39.195 [FXGL Background Thread 3 ] DEBUG Engine               - class com.almasb.fxgl.profile.SaveLoadService
12:57:39.195 [FXGL Background Thread 3 ] DEBUG Engine               - class com.almasb.fxgl.ui.FXGLUIFactoryServiceProvider
12:57:39.195 [FXGL Background Thread 3 ] DEBUG Engine               - class com.almasb.fxgl.ui.FXGLDialogFactoryServiceProvider
12:57:39.195 [FXGL Background Thread 3 ] DEBUG Engine               - class com.almasb.fxgl.audio.AudioPlayer
12:57:39.195 [FXGL Background Thread 3 ] DEBUG Engine               - class com.almasb.fxgl.notification.impl.NotificationServiceProvider
12:57:39.196 [FXGL Background Thread 3 ] DEBUG Engine               - class com.almasb.fxgl.achievement.AchievementService
12:57:39.196 [FXGL Background Thread 3 ] DEBUG Engine               - class com.almasb.fxgl.cutscene.CutsceneService
12:57:39.196 [FXGL Background Thread 3 ] DEBUG Engine               - class com.almasb.fxgl.minigames.MiniGameService
12:57:39.196 [FXGL Background Thread 3 ] DEBUG Engine               - class com.almasb.fxgl.net.NetService
12:57:39.196 [FXGL Background Thread 3 ] DEBUG Engine               - class com.almasb.fxgl.app.services.UpdaterService
12:57:39.196 [FXGL Background Thread 3 ] DEBUG Engine               - class com.almasb.fxgl.dev.DevService
12:58:24.295 [JavaFX Application Thread] DEBUG FXGLApplication      - Exiting FXGL
12:58:24.295 [JavaFX Application Thread] DEBUG LoopRunner           - Stopping loop
12:58:24.295 [JavaFX Application Thread] DEBUG SystemBundleService  - Saving FXGL system data
12:58:24.297 [JavaFX Application Thread] DEBUG FileSystemAccess     - Writing to: C:\Users\Acer\IdeaProjects\BruhTatos\system\fxgl.bundle
12:58:24.298 [JavaFX Application Thread] DEBUG Async                - Shutting down background threads
12:58:24.298 [JavaFX Application Thread] DEBUG PrimaryStageWindow   - Closing main window
12:58:24.327 [JavaFX Application Thread] DEBUG Logger               - Closing Logger
