16:04:01.768 [main                     ] DEBUG Logger               - Configured Logger
16:04:01.769 [main                     ] DEBUG GameApplication      - Logging settings
Title: Bruhtato
Version: 1.2
Width: 1920
Height: 1080
Fullscreen: false
Intro: false
Profiling: false
Single step:false
App Mode: DEVELOPER
Menu Key: ESCAPE
Stage Style: DECORATED
Scene Factory: class com.almasb.fxgl.app.scene.SceneFactory

16:04:02.401 [JavaFX Application Thread] DEBUG FXGLApplication      - Initializing FXGL
16:04:02.403 [JavaFX Application Thread] INFO  Engine               - FXGL-11.17 (16.07.2021 15.46) on WINDOWS (J:25.0.3 FX:21.0.6)
16:04:02.404 [JavaFX Application Thread] DEBUG Engine               - JRE Vendor Name: Oracle Corporation
16:04:02.404 [JavaFX Application Thread] DEBUG Engine               - Running on OS: Windows 11 version 10.0
16:04:02.404 [JavaFX Application Thread] DEBUG Engine               - Architecture: amd64
16:04:02.404 [JavaFX Application Thread] INFO  Engine               - Source code and latest versions at: https://github.com/AlmasB/FXGL
16:04:02.404 [JavaFX Application Thread] INFO  Engine               -              Join the FXGL chat at: https://gitter.im/AlmasB/FXGL
16:04:02.522 [JavaFX Application Thread] DEBUG PrimaryStageWindow   - Creating a JavaFX scene
16:04:02.522 [JavaFX Application Thread] DEBUG PrimaryStageWindow   - Target size > screen size
16:04:02.571 [JavaFX Application Thread] DEBUG PrimaryStageWindow   - Target settings size: 1920.0 x 1080.0
16:04:02.571 [JavaFX Application Thread] DEBUG PrimaryStageWindow   - Scaled scene size:    1425.0 x 815.0
16:04:02.571 [JavaFX Application Thread] DEBUG PrimaryStageWindow   - Scaled ratio: (0.7421875, 0.7546296296296297)
16:04:02.573 [JavaFX Application Thread] DEBUG PrimaryStageWindow   - Set initial scene to FXGLStartupScene
16:04:02.576 [JavaFX Application Thread] DEBUG PrimaryStageWindow   - Opening main window
16:04:02.712 [JavaFX Application Thread] DEBUG PrimaryStageWindow   - Window border size: (15.0, 37.79998779296875)
16:04:02.712 [JavaFX Application Thread] DEBUG PrimaryStageWindow   - Scaled size: 1425.0 x 815.0
16:04:02.712 [JavaFX Application Thread] DEBUG PrimaryStageWindow   - Scaled ratio: (0.7421875, 0.7546296296296297)
16:04:02.712 [JavaFX Application Thread] DEBUG PrimaryStageWindow   - Scene size: 1425.0 x 815.0
16:04:02.713 [JavaFX Application Thread] DEBUG PrimaryStageWindow   - Stage size: 1440.0 x 852.7999877929688
16:04:02.722 [FXGL Background Thread 1 ] DEBUG Engine               - Initializing environment variables
16:04:02.781 [FXGL Background Thread 1 ] DEBUG FXGLAssetLoaderServi - User app class for loading assets: class BruhTato.BruhTatoApplication
16:04:02.781 [FXGL Background Thread 1 ] DEBUG GameApplicationServi - Applying CSS: fxgl_dark.css
16:04:02.782 [FXGL Background Thread 1 ] DEBUG FXGLAssetLoaderServi - Loading from file system: jar:file:///C:/Users/Ilyan/.m2/repository/com/github/almasb/fxgl/11.17/fxgl-11.17.jar!/fxglassets/ui/css/fxgl_dark.css
16:04:02.829 [FXGL Background Thread 1 ] DEBUG GameApplicationServi - Initializing application scenes
16:04:02.867 [FXGL Background Thread 1 ] DEBUG GameWorld            - Game world initialized
16:04:02.918 [FXGL Background Thread 1 ] DEBUG PhysicsWorld         - Physics world initialized: appHeight=1080, physics.ppm=50.0
16:04:02.919 [FXGL Background Thread 1 ] DEBUG PhysicsWorld         - Using strategy: BRUTE_FORCE
16:04:02.921 [FXGL Background Thread 1 ] DEBUG GameScene            - Game scene initialized: 1920x1080
16:04:02.934 [FXGL Background Thread 1 ] DEBUG FXGL.DefaultMenu     - createMenuBodyGameMenu()
16:04:02.949 [FXGL Background Thread 1 ] DEBUG FXGL.DefaultMenu     - createOptionsMenu()
16:04:02.961 [FXGL Background Thread 1 ] DEBUG FXGLAssetLoaderServi - Loading from file system: jar:file:///C:/Users/Ilyan/.m2/repository/com/github/almasb/fxgl/11.17/fxgl-11.17.jar!/fxglassets/textures/particles/smoke.png
16:04:03.057 [FXGL Background Thread 1 ] DEBUG FXGLAssetLoaderServi - Loading from file system: jar:file:///C:/Users/Ilyan/.m2/repository/com/github/almasb/fxgl/11.17/fxgl-11.17.jar!/fxglassets/textures/particles/trace_horizontal.png
16:04:03.092 [FXGL Background Thread 1 ] DEBUG GameApplicationServi - Application scenes initialized
16:04:03.104 [FXGL Background Thread 1 ] DEBUG SystemBundleService  - Loading FXGL system data
16:04:03.106 [FXGL Background Thread 1 ] DEBUG FileSystemAccess     - Reading from: C:\Users\Ilyan\IdeaProjects\BruhTato\system\fxgl.bundle
16:04:03.108 [FXGL Background Thread 1 ] DEBUG SystemBundleService  - Bundle FXGL: {}
16:04:03.108 [FXGL Background Thread 1 ] DEBUG UpdaterService       - Checking for updates
16:04:03.140 [FXGL Background Thread 4 ] DEBUG FXGLApplication      - Loading fonts
16:04:03.141 [FXGL Background Thread 4 ] DEBUG FXGLAssetLoaderServi - Loading from file system: jar:file:///C:/Users/Ilyan/.m2/repository/com/github/almasb/fxgl/11.17/fxgl-11.17.jar!/fxglassets/ui/fonts/VarelaRound-Regular.ttf
16:04:03.141 [FXGL Background Thread 1 ] DEBUG FXGLApplication      - Loading default localization
16:04:03.142 [FXGL Background Thread 1 ] DEBUG FXGLAssetLoaderServi - Loading from file system: jar:file:///C:/Users/Ilyan/.m2/repository/com/github/almasb/fxgl/11.17/fxgl-11.17.jar!/fxglassets/languages/english.lang
16:04:03.168 [FXGL Background Thread 4 ] DEBUG FXGLAssetLoaderServi - Loading from file system: jar:file:///C:/Users/Ilyan/.m2/repository/com/github/almasb/fxgl/11.17/fxgl-11.17.jar!/fxglassets/ui/fonts/Abel-Regular.ttf
16:04:03.173 [FXGL Background Thread 1 ] INFO  FXGLApplication      - FXGL initialization took: 0.451 sec
16:04:03.175 [FXGL Background Thread 4 ] DEBUG FXGLAssetLoaderServi - Loading from file system: jar:file:///C:/Users/Ilyan/.m2/repository/com/github/almasb/fxgl/11.17/fxgl-11.17.jar!/fxglassets/ui/fonts/lucida_console.ttf
16:04:03.182 [FXGL Background Thread 4 ] DEBUG FXGLAssetLoaderServi - Loading from file system: jar:file:///C:/Users/Ilyan/.m2/repository/com/github/almasb/fxgl/11.17/fxgl-11.17.jar!/fxglassets/ui/fonts/Courier-Prime.ttf
16:04:03.186 [JavaFX Application Thread] DEBUG Input                - Registered new binding: action0 - W
16:04:03.187 [JavaFX Application Thread] DEBUG Input                - Registered new binding: action1 - S
16:04:03.187 [JavaFX Application Thread] DEBUG Input                - Registered new binding: action2 - A
16:04:03.188 [JavaFX Application Thread] DEBUG Input                - Registered new binding: action3 - D
16:04:03.190 [JavaFX Application Thread] DEBUG Input                - Registered new binding: action4 - LMB
16:04:03.190 [JavaFX Application Thread] DEBUG FXGLAssetLoaderServi - Loading from file system: jar:file:///C:/Users/Ilyan/.m2/repository/com/github/almasb/fxgl/11.17/fxgl-11.17.jar!/fxglassets/textures/fxgl_icon.png
16:04:03.214 [JavaFX Application Thread] DEBUG FXGLAssetLoaderServi - Loading from file system: jar:file:///C:/Users/Ilyan/.m2/repository/com/github/almasb/fxgl/11.17/fxgl-11.17.jar!/fxglassets/textures/fxgl_default_cursor.png
16:04:03.216 [JavaFX Application Thread] DEBUG Input                - Registered new binding: Screenshot - CTRL+8
16:04:03.217 [JavaFX Application Thread] DEBUG Input                - Registered new binding: Dev Options - 1
16:04:03.217 [JavaFX Application Thread] DEBUG Input                - Registered new binding: Dev Console - 2
16:04:03.217 [JavaFX Application Thread] DEBUG Input                - Registered new binding: System info dump - CTRL+9
16:04:03.218 [JavaFX Application Thread] DEBUG Input                - Registered new binding: Restart - CTRL+R
16:04:03.218 [JavaFX Application Thread] DEBUG Input                - Registered new binding: Toggle Debug Camera - CTRL+C
16:04:03.222 [JavaFX Application Thread] DEBUG LoopRunner           - Starting loop
16:04:03.238 [JavaFX Application Thread] DEBUG LoopRunner           - Initializing JavaFX AnimationTimerLoop
16:04:03.238 [JavaFX Application Thread] DEBUG GameApplicationServi - Starting new game
16:04:03.240 [JavaFX Application Thread] DEBUG Input                - Clearing active input actions
16:04:03.254 [JavaFX Application Thread] DEBUG GameApplicationServi - Removing overlay from FXGLStartupScene and adding to FXGLLoadingScene
16:04:03.257 [JavaFX Application Thread] DEBUG PrimaryStageWindow   - FXGLStartupScene -> FXGLLoadingScene
16:04:03.257 [JavaFX Application Thread] DEBUG GameApplicationServi - Clearing previous game
16:04:03.258 [JavaFX Application Thread] DEBUG GameScene            - Clearing game scene
16:04:03.258 [JavaFX Application Thread] DEBUG GameWorld            - Clearing game world
16:04:03.258 [JavaFX Application Thread] DEBUG PhysicsWorld         - Clearing physics world
16:04:03.259 [FXGL Background Thread 4 ] DEBUG FXGLApplication      - Initializing game
16:04:03.261 [JavaFX Application Thread] DEBUG FXGLApplication      - Registering font factories with UI factory
16:04:03.290 [FXGL Background Thread 4 ] DEBUG FXGLAssetLoaderServi - Loading from file system: file:/C:/Users/Ilyan/IdeaProjects/BruhTato/target/classes/assets/textures/Bruhtato_FullHealth.png
16:04:03.375 [FXGL Background Thread 4 ] DEBUG FXGLAssetLoaderServi - Loading from file system: file:/C:/Users/Ilyan/IdeaProjects/BruhTato/target/classes/assets/textures/Melee_Enemy_FullHealth.png
16:04:03.424 [FXGL Background Thread 4 ] INFO  FXGLApplication      - Game initialization took: 0.165 sec
16:04:03.555 [JavaFX Application Thread] DEBUG Input                - Clearing active input actions
16:04:03.567 [JavaFX Application Thread] DEBUG GameApplicationServi - Removing overlay from FXGLLoadingScene and adding to GameScene
16:04:03.577 [JavaFX Application Thread] DEBUG PrimaryStageWindow   - FXGLLoadingScene -> GameScene
16:04:03.618 [FXGL Background Thread 2 ] INFO  UpdaterService       - Your current version:  11.17
16:04:03.619 [FXGL Background Thread 2 ] INFO  UpdaterService       - Latest stable version: 25
16:04:06.140 [FXGL Background Thread 3 ] DEBUG Engine               - Logging environment variables
16:04:06.140 [FXGL Background Thread 3 ] DEBUG Engine               - achievements: []
16:04:06.140 [FXGL Background Thread 3 ] DEBUG Engine               - actualHeight: 815.0
16:04:06.140 [FXGL Background Thread 3 ] DEBUG Engine               - actualHeightProperty: ReadOnlyDoubleProperty [value: 815.0]
16:04:06.140 [FXGL Background Thread 3 ] DEBUG Engine               - actualWidth: 1425.0
16:04:06.140 [FXGL Background Thread 3 ] DEBUG Engine               - actualWidthProperty: ReadOnlyDoubleProperty [value: 1425.0]
16:04:06.140 [FXGL Background Thread 3 ] DEBUG Engine               - appIcon: fxgl_icon.png
16:04:06.140 [FXGL Background Thread 3 ] DEBUG Engine               - applicationMode: DEVELOPER
16:04:06.140 [FXGL Background Thread 3 ] DEBUG Engine               - cSSList: [fxgl_dark.css]
16:04:06.140 [FXGL Background Thread 3 ] DEBUG Engine               - collisionDetectionStrategy: BRUTE_FORCE
16:04:06.140 [FXGL Background Thread 3 ] DEBUG Engine               - configClass: Optional.empty
16:04:06.140 [FXGL Background Thread 3 ] DEBUG Engine               - credits: []
16:04:06.141 [FXGL Background Thread 3 ] DEBUG Engine               - defaultCursor: CursorInfo(imageName=fxgl_default_cursor.png, hotspotX=7.0, hotspotY=6.0)
16:04:06.141 [FXGL Background Thread 3 ] DEBUG Engine               - devBBoxColorProperty: ObjectProperty [value: 0xff0000ff]
16:04:06.141 [FXGL Background Thread 3 ] DEBUG Engine               - devEnableDebugCameraProperty: BooleanProperty [value: false]
16:04:06.141 [FXGL Background Thread 3 ] DEBUG Engine               - devSensorColorProperty: ObjectProperty [value: 0xffff00ff]
16:04:06.141 [FXGL Background Thread 3 ] DEBUG Engine               - devShowBBoxProperty: BooleanProperty [value: false]
16:04:06.141 [FXGL Background Thread 3 ] DEBUG Engine               - devShowPositionProperty: BooleanProperty [value: false]
16:04:06.141 [FXGL Background Thread 3 ] DEBUG Engine               - enabledMenuItems: []
16:04:06.141 [FXGL Background Thread 3 ] DEBUG Engine               - engineServices: [class com.almasb.fxgl.app.services.FXGLAssetLoaderService, class com.almasb.fxgl.app.FXGLApplication$GameApplicationService, class com.almasb.fxgl.app.services.FXGLDialogService, class com.almasb.fxgl.app.services.IOTaskExecutorService, class com.almasb.fxgl.io.FileSystemService, class com.almasb.fxgl.localization.LocalizationService, class com.almasb.fxgl.app.services.SystemBundleService, class com.almasb.fxgl.profile.SaveLoadService, class com.almasb.fxgl.ui.FXGLUIFactoryServiceProvider, class com.almasb.fxgl.ui.FXGLDialogFactoryServiceProvider, class com.almasb.fxgl.audio.AudioPlayer, class com.almasb.fxgl.notification.impl.NotificationServiceProvider, class com.almasb.fxgl.achievement.AchievementService, class com.almasb.fxgl.cutscene.CutsceneService, class com.almasb.fxgl.minigames.MiniGameService, class com.almasb.fxgl.net.NetService, class com.almasb.fxgl.app.services.UpdaterService, class com.almasb.fxgl.dev.DevService]
16:04:06.141 [FXGL Background Thread 3 ] DEBUG Engine               - fontGame: Abel-Regular.ttf
16:04:06.141 [FXGL Background Thread 3 ] DEBUG Engine               - fontMono: lucida_console.ttf
16:04:06.141 [FXGL Background Thread 3 ] DEBUG Engine               - fontText: Courier-Prime.ttf
16:04:06.141 [FXGL Background Thread 3 ] DEBUG Engine               - fontUI: VarelaRound-Regular.ttf
16:04:06.141 [FXGL Background Thread 3 ] DEBUG Engine               - fullScreen: BooleanProperty [value: false]
16:04:06.141 [FXGL Background Thread 3 ] DEBUG Engine               - gameDifficulty: MEDIUM
16:04:06.141 [FXGL Background Thread 3 ] DEBUG Engine               - gameDifficultyProperty: ObjectProperty [value: MEDIUM]
16:04:06.141 [FXGL Background Thread 3 ] DEBUG Engine               - globalMusicVolume: 0.5
16:04:06.141 [FXGL Background Thread 3 ] DEBUG Engine               - globalMusicVolumeProperty: DoubleProperty [value: 0.5]
16:04:06.141 [FXGL Background Thread 3 ] DEBUG Engine               - globalSoundVolume: 0.5
16:04:06.141 [FXGL Background Thread 3 ] DEBUG Engine               - globalSoundVolumeProperty: DoubleProperty [value: 0.5]
16:04:06.142 [FXGL Background Thread 3 ] DEBUG Engine               - height: 1080
16:04:06.142 [FXGL Background Thread 3 ] DEBUG Engine               - is3D: false
16:04:06.142 [FXGL Background Thread 3 ] DEBUG Engine               - isAndroid: false
16:04:06.142 [FXGL Background Thread 3 ] DEBUG Engine               - isBrowser: false
16:04:06.142 [FXGL Background Thread 3 ] DEBUG Engine               - isClickFeedbackEnabled: false
16:04:06.142 [FXGL Background Thread 3 ] DEBUG Engine               - isCloseConfirmation: false
16:04:06.142 [FXGL Background Thread 3 ] DEBUG Engine               - isDesktop: true
16:04:06.142 [FXGL Background Thread 3 ] DEBUG Engine               - isDeveloperMenuEnabled: true
16:04:06.142 [FXGL Background Thread 3 ] DEBUG Engine               - isEntityPreloadEnabled: true
16:04:06.142 [FXGL Background Thread 3 ] DEBUG Engine               - isExperimentalTiledLargeMap: false
16:04:06.142 [FXGL Background Thread 3 ] DEBUG Engine               - isFileSystemWriteAllowed: true
16:04:06.142 [FXGL Background Thread 3 ] DEBUG Engine               - isFullScreenAllowed: false
16:04:06.142 [FXGL Background Thread 3 ] DEBUG Engine               - isFullScreenFromStart: false
16:04:06.142 [FXGL Background Thread 3 ] DEBUG Engine               - isGameMenuEnabled: true
16:04:06.142 [FXGL Background Thread 3 ] DEBUG Engine               - isIOS: false
16:04:06.142 [FXGL Background Thread 3 ] DEBUG Engine               - isIntroEnabled: false
16:04:06.142 [FXGL Background Thread 3 ] DEBUG Engine               - isLinux: false
16:04:06.142 [FXGL Background Thread 3 ] DEBUG Engine               - isMac: false
16:04:06.142 [FXGL Background Thread 3 ] DEBUG Engine               - isMainMenuEnabled: false
16:04:06.142 [FXGL Background Thread 3 ] DEBUG Engine               - isManualResizeEnabled: false
16:04:06.142 [FXGL Background Thread 3 ] DEBUG Engine               - isMobile: false
16:04:06.142 [FXGL Background Thread 3 ] DEBUG Engine               - isNative: false
16:04:06.142 [FXGL Background Thread 3 ] DEBUG Engine               - isPauseMusicWhenMinimized: true
16:04:06.142 [FXGL Background Thread 3 ] DEBUG Engine               - isPreserveResizeRatio: false
16:04:06.142 [FXGL Background Thread 3 ] DEBUG Engine               - isProfilingEnabled: false
16:04:06.142 [FXGL Background Thread 3 ] DEBUG Engine               - isScaleAffectedOnResize: true
16:04:06.142 [FXGL Background Thread 3 ] DEBUG Engine               - isSingleStep: false
16:04:06.142 [FXGL Background Thread 3 ] DEBUG Engine               - isUserProfileEnabled: false
16:04:06.142 [FXGL Background Thread 3 ] DEBUG Engine               - isWindows: true
16:04:06.142 [FXGL Background Thread 3 ] DEBUG Engine               - language: ObjectProperty [value: ENGLISH]
16:04:06.142 [FXGL Background Thread 3 ] DEBUG Engine               - menuKey: ESCAPE
16:04:06.144 [FXGL Background Thread 3 ] DEBUG Engine               - mouseSensitivity: 0.2
16:04:06.144 [FXGL Background Thread 3 ] DEBUG Engine               - notificationViewClass: class com.almasb.fxgl.notification.view.XboxNotificationView
16:04:06.144 [FXGL Background Thread 3 ] DEBUG Engine               - pixelsPerMeter: 50.0
16:04:06.144 [FXGL Background Thread 3 ] DEBUG Engine               - platform: WINDOWS
16:04:06.144 [FXGL Background Thread 3 ] DEBUG Engine               - prefHeightProperty: ReadOnlyDoubleProperty [value: 1080.0]
16:04:06.144 [FXGL Background Thread 3 ] DEBUG Engine               - prefWidthProperty: ReadOnlyDoubleProperty [value: 1920.0]
16:04:06.144 [FXGL Background Thread 3 ] DEBUG Engine               - profileDir: profiles/
16:04:06.144 [FXGL Background Thread 3 ] DEBUG Engine               - profileName: StringProperty [value: DEFAULT]
16:04:06.144 [FXGL Background Thread 3 ] DEBUG Engine               - randomSeed: -1
16:04:06.144 [FXGL Background Thread 3 ] DEBUG Engine               - runtimeInfo: RuntimeInfo(platform=WINDOWS, version=11.17, build=16.07.2021 15.46)
16:04:06.144 [FXGL Background Thread 3 ] DEBUG Engine               - saveFileExt: sav
16:04:06.144 [FXGL Background Thread 3 ] DEBUG Engine               - scaledHeightProp$fxgl: DoubleProperty [bound, value: 815.0]
16:04:06.144 [FXGL Background Thread 3 ] DEBUG Engine               - scaledWidthProp$fxgl: DoubleProperty [bound, value: 1425.0]
16:04:06.144 [FXGL Background Thread 3 ] DEBUG Engine               - sceneFactory: com.almasb.fxgl.app.scene.SceneFactory@80e76f0
16:04:06.144 [FXGL Background Thread 3 ] DEBUG Engine               - secondsIn24h: 60
16:04:06.144 [FXGL Background Thread 3 ] DEBUG Engine               - soundMenuBack: menu/back.wav
16:04:06.144 [FXGL Background Thread 3 ] DEBUG Engine               - soundMenuPress: menu/press.wav
16:04:06.144 [FXGL Background Thread 3 ] DEBUG Engine               - soundMenuSelect: menu/select.wav
16:04:06.144 [FXGL Background Thread 3 ] DEBUG Engine               - soundNotification: core/notification.wav
16:04:06.144 [FXGL Background Thread 3 ] DEBUG Engine               - stageStyle: DECORATED
16:04:06.144 [FXGL Background Thread 3 ] DEBUG Engine               - supportedLanguages: [ENGLISH, FRENCH, GERMAN, HUNGARIAN, RUSSIAN]
16:04:06.144 [FXGL Background Thread 3 ] DEBUG Engine               - ticksPerSecond: -1
16:04:06.144 [FXGL Background Thread 3 ] DEBUG Engine               - title: Bruhtato
16:04:06.144 [FXGL Background Thread 3 ] DEBUG Engine               - urlGithub: https://github.com/AlmasB/FXGL
16:04:06.144 [FXGL Background Thread 3 ] DEBUG Engine               - urlLeaderboard: http://fxgl-top.herokuapp.com/
16:04:06.144 [FXGL Background Thread 3 ] DEBUG Engine               - urlPOM: https://raw.githubusercontent.com/AlmasB/FXGL/release/README.md
16:04:06.144 [FXGL Background Thread 3 ] DEBUG Engine               - userAppClass: class BruhTato.BruhTatoApplication
16:04:06.144 [FXGL Background Thread 3 ] DEBUG Engine               - version: 1.2
16:04:06.144 [FXGL Background Thread 3 ] DEBUG Engine               - versionCheckDays: 7
16:04:06.144 [FXGL Background Thread 3 ] DEBUG Engine               - width: 1920
16:04:06.144 [FXGL Background Thread 3 ] DEBUG Engine               - Logging services
16:04:06.144 [FXGL Background Thread 3 ] DEBUG Engine               - class com.almasb.fxgl.app.services.FXGLAssetLoaderService
16:04:06.144 [FXGL Background Thread 3 ] DEBUG Engine               - class com.almasb.fxgl.app.FXGLApplication$GameApplicationService
16:04:06.144 [FXGL Background Thread 3 ] DEBUG Engine               - class com.almasb.fxgl.app.services.FXGLDialogService
16:04:06.144 [FXGL Background Thread 3 ] DEBUG Engine               - class com.almasb.fxgl.app.services.IOTaskExecutorService
16:04:06.144 [FXGL Background Thread 3 ] DEBUG Engine               - class com.almasb.fxgl.io.FileSystemService
16:04:06.144 [FXGL Background Thread 3 ] DEBUG Engine               - class com.almasb.fxgl.localization.LocalizationService
16:04:06.144 [FXGL Background Thread 3 ] DEBUG Engine               - class com.almasb.fxgl.app.services.SystemBundleService
16:04:06.144 [FXGL Background Thread 3 ] DEBUG Engine               - class com.almasb.fxgl.profile.SaveLoadService
16:04:06.144 [FXGL Background Thread 3 ] DEBUG Engine               - class com.almasb.fxgl.ui.FXGLUIFactoryServiceProvider
16:04:06.144 [FXGL Background Thread 3 ] DEBUG Engine               - class com.almasb.fxgl.ui.FXGLDialogFactoryServiceProvider
16:04:06.144 [FXGL Background Thread 3 ] DEBUG Engine               - class com.almasb.fxgl.audio.AudioPlayer
16:04:06.145 [FXGL Background Thread 3 ] DEBUG Engine               - class com.almasb.fxgl.notification.impl.NotificationServiceProvider
16:04:06.145 [FXGL Background Thread 3 ] DEBUG Engine               - class com.almasb.fxgl.achievement.AchievementService
16:04:06.145 [FXGL Background Thread 3 ] DEBUG Engine               - class com.almasb.fxgl.cutscene.CutsceneService
16:04:06.145 [FXGL Background Thread 3 ] DEBUG Engine               - class com.almasb.fxgl.minigames.MiniGameService
16:04:06.145 [FXGL Background Thread 3 ] DEBUG Engine               - class com.almasb.fxgl.net.NetService
16:04:06.145 [FXGL Background Thread 3 ] DEBUG Engine               - class com.almasb.fxgl.app.services.UpdaterService
16:04:06.145 [FXGL Background Thread 3 ] DEBUG Engine               - class com.almasb.fxgl.dev.DevService
16:04:07.216 [JavaFX Application Thread] DEBUG FXGLApplication      - Exiting FXGL
16:04:07.216 [JavaFX Application Thread] DEBUG LoopRunner           - Stopping loop
16:04:07.216 [JavaFX Application Thread] DEBUG SystemBundleService  - Saving FXGL system data
16:04:07.217 [JavaFX Application Thread] DEBUG FileSystemAccess     - Writing to: C:\Users\Ilyan\IdeaProjects\BruhTato\system\fxgl.bundle
16:04:07.217 [JavaFX Application Thread] DEBUG Async                - Shutting down background threads
16:04:07.218 [JavaFX Application Thread] DEBUG PrimaryStageWindow   - Closing main window
16:04:07.228 [JavaFX Application Thread] DEBUG Logger               - Closing Logger
