16:10:40.436 [main                     ] DEBUG Logger               - Configured Logger
16:10:40.444 [main                     ] DEBUG GameApplication      - Logging settings
Title: Bruhtato
Version: 1.2
Width: 1920
Height: 1080
Fullscreen: false
Intro: false
Profiling: false
Single step:false
App Mode: DEVELOPER
Menu Key: ESCAPE
Stage Style: DECORATED
Scene Factory: class com.almasb.fxgl.app.scene.SceneFactory

16:10:40.955 [JavaFX Application Thread] DEBUG FXGLApplication      - Initializing FXGL
16:10:40.958 [JavaFX Application Thread] INFO  Engine               - FXGL-11.17 (16.07.2021 15.46) on WINDOWS (J:25.0.3 FX:21.0.6)
16:10:40.958 [JavaFX Application Thread] DEBUG Engine               - JRE Vendor Name: Oracle Corporation
16:10:40.958 [JavaFX Application Thread] DEBUG Engine               - Running on OS: Windows 11 version 10.0
16:10:40.958 [JavaFX Application Thread] DEBUG Engine               - Architecture: amd64
16:10:40.958 [JavaFX Application Thread] INFO  Engine               - Source code and latest versions at: https://github.com/AlmasB/FXGL
16:10:40.958 [JavaFX Application Thread] INFO  Engine               -              Join the FXGL chat at: https://gitter.im/AlmasB/FXGL
16:10:41.041 [JavaFX Application Thread] DEBUG PrimaryStageWindow   - Creating a JavaFX scene
16:10:41.041 [JavaFX Application Thread] DEBUG PrimaryStageWindow   - Target size > screen size
16:10:41.105 [JavaFX Application Thread] DEBUG PrimaryStageWindow   - Target settings size: 1920.0 x 1080.0
16:10:41.105 [JavaFX Application Thread] DEBUG PrimaryStageWindow   - Scaled scene size:    1425.0 x 815.0
16:10:41.105 [JavaFX Application Thread] DEBUG PrimaryStageWindow   - Scaled ratio: (0.7421875, 0.7546296296296297)
16:10:41.106 [JavaFX Application Thread] DEBUG PrimaryStageWindow   - Set initial scene to FXGLStartupScene
16:10:41.110 [JavaFX Application Thread] DEBUG PrimaryStageWindow   - Opening main window
16:10:41.224 [JavaFX Application Thread] DEBUG PrimaryStageWindow   - Window border size: (15.0, 37.79998779296875)
16:10:41.224 [JavaFX Application Thread] DEBUG PrimaryStageWindow   - Scaled size: 1425.0 x 815.0
16:10:41.224 [JavaFX Application Thread] DEBUG PrimaryStageWindow   - Scaled ratio: (0.7421875, 0.7546296296296297)
16:10:41.224 [JavaFX Application Thread] DEBUG PrimaryStageWindow   - Scene size: 1425.0 x 815.0
16:10:41.224 [JavaFX Application Thread] DEBUG PrimaryStageWindow   - Stage size: 1440.0 x 852.7999877929688
16:10:41.235 [FXGL Background Thread 1 ] DEBUG Engine               - Initializing environment variables
16:10:41.322 [FXGL Background Thread 1 ] DEBUG FXGLAssetLoaderServi - User app class for loading assets: class BruhTato.BruhTatoApplication
16:10:41.322 [FXGL Background Thread 1 ] DEBUG GameApplicationServi - Applying CSS: fxgl_dark.css
16:10:41.324 [FXGL Background Thread 1 ] DEBUG FXGLAssetLoaderServi - Loading from file system: jar:file:///C:/Users/Ilyan/.m2/repository/com/github/almasb/fxgl/11.17/fxgl-11.17.jar!/fxglassets/ui/css/fxgl_dark.css
16:10:41.375 [FXGL Background Thread 1 ] DEBUG GameApplicationServi - Initializing application scenes
16:10:41.414 [FXGL Background Thread 1 ] DEBUG GameWorld            - Game world initialized
16:10:41.485 [FXGL Background Thread 1 ] DEBUG PhysicsWorld         - Physics world initialized: appHeight=1080, physics.ppm=50.0
16:10:41.485 [FXGL Background Thread 1 ] DEBUG PhysicsWorld         - Using strategy: BRUTE_FORCE
16:10:41.487 [FXGL Background Thread 1 ] DEBUG GameScene            - Game scene initialized: 1920x1080
16:10:41.502 [FXGL Background Thread 1 ] DEBUG FXGL.DefaultMenu     - createMenuBodyGameMenu()
16:10:41.521 [FXGL Background Thread 1 ] DEBUG FXGL.DefaultMenu     - createOptionsMenu()
16:10:41.534 [FXGL Background Thread 1 ] DEBUG FXGLAssetLoaderServi - Loading from file system: jar:file:///C:/Users/Ilyan/.m2/repository/com/github/almasb/fxgl/11.17/fxgl-11.17.jar!/fxglassets/textures/particles/smoke.png
16:10:41.631 [FXGL Background Thread 1 ] DEBUG FXGLAssetLoaderServi - Loading from file system: jar:file:///C:/Users/Ilyan/.m2/repository/com/github/almasb/fxgl/11.17/fxgl-11.17.jar!/fxglassets/textures/particles/trace_horizontal.png
16:10:41.662 [FXGL Background Thread 1 ] DEBUG GameApplicationServi - Application scenes initialized
16:10:41.675 [FXGL Background Thread 1 ] DEBUG SystemBundleService  - Loading FXGL system data
16:10:41.681 [FXGL Background Thread 1 ] DEBUG FileSystemAccess     - Reading from: C:\Users\Ilyan\IdeaProjects\BruhTato\system\fxgl.bundle
16:10:41.689 [FXGL Background Thread 1 ] DEBUG SystemBundleService  - Bundle FXGL: {}
16:10:41.689 [FXGL Background Thread 1 ] DEBUG UpdaterService       - Checking for updates
16:10:41.731 [FXGL Background Thread 4 ] DEBUG FXGLApplication      - Loading fonts
16:10:41.732 [FXGL Background Thread 1 ] DEBUG FXGLApplication      - Loading default localization
16:10:41.733 [FXGL Background Thread 1 ] DEBUG FXGLAssetLoaderServi - Loading from file system: jar:file:///C:/Users/Ilyan/.m2/repository/com/github/almasb/fxgl/11.17/fxgl-11.17.jar!/fxglassets/languages/english.lang
16:10:41.733 [FXGL Background Thread 4 ] DEBUG FXGLAssetLoaderServi - Loading from file system: jar:file:///C:/Users/Ilyan/.m2/repository/com/github/almasb/fxgl/11.17/fxgl-11.17.jar!/fxglassets/ui/fonts/VarelaRound-Regular.ttf
16:10:41.751 [FXGL Background Thread 1 ] INFO  FXGLApplication      - FXGL initialization took: 0.516 sec
16:10:41.763 [JavaFX Application Thread] DEBUG Input                - Registered new binding: action0 - W
16:10:41.763 [JavaFX Application Thread] DEBUG Input                - Registered new binding: action1 - S
16:10:41.764 [JavaFX Application Thread] DEBUG Input                - Registered new binding: action2 - A
16:10:41.764 [JavaFX Application Thread] DEBUG Input                - Registered new binding: action3 - D
16:10:41.766 [JavaFX Application Thread] DEBUG Input                - Registered new binding: action4 - LMB
16:10:41.767 [JavaFX Application Thread] DEBUG FXGLAssetLoaderServi - Loading from file system: jar:file:///C:/Users/Ilyan/.m2/repository/com/github/almasb/fxgl/11.17/fxgl-11.17.jar!/fxglassets/textures/fxgl_icon.png
16:10:41.786 [FXGL Background Thread 4 ] DEBUG FXGLAssetLoaderServi - Loading from file system: jar:file:///C:/Users/Ilyan/.m2/repository/com/github/almasb/fxgl/11.17/fxgl-11.17.jar!/fxglassets/ui/fonts/Abel-Regular.ttf
16:10:41.789 [JavaFX Application Thread] DEBUG FXGLAssetLoaderServi - Loading from file system: jar:file:///C:/Users/Ilyan/.m2/repository/com/github/almasb/fxgl/11.17/fxgl-11.17.jar!/fxglassets/textures/fxgl_default_cursor.png
16:10:41.791 [JavaFX Application Thread] DEBUG Input                - Registered new binding: Screenshot - CTRL+8
16:10:41.791 [FXGL Background Thread 4 ] DEBUG FXGLAssetLoaderServi - Loading from file system: jar:file:///C:/Users/Ilyan/.m2/repository/com/github/almasb/fxgl/11.17/fxgl-11.17.jar!/fxglassets/ui/fonts/lucida_console.ttf
16:10:41.791 [JavaFX Application Thread] DEBUG Input                - Registered new binding: Dev Options - 1
16:10:41.791 [JavaFX Application Thread] DEBUG Input                - Registered new binding: Dev Console - 2
16:10:41.793 [JavaFX Application Thread] DEBUG Input                - Registered new binding: System info dump - CTRL+9
16:10:41.793 [JavaFX Application Thread] DEBUG Input                - Registered new binding: Restart - CTRL+R
16:10:41.793 [JavaFX Application Thread] DEBUG Input                - Registered new binding: Toggle Debug Camera - CTRL+C
16:10:41.797 [JavaFX Application Thread] DEBUG LoopRunner           - Starting loop
16:10:41.798 [FXGL Background Thread 4 ] DEBUG FXGLAssetLoaderServi - Loading from file system: jar:file:///C:/Users/Ilyan/.m2/repository/com/github/almasb/fxgl/11.17/fxgl-11.17.jar!/fxglassets/ui/fonts/Courier-Prime.ttf
16:10:41.816 [JavaFX Application Thread] DEBUG LoopRunner           - Initializing JavaFX AnimationTimerLoop
16:10:41.817 [JavaFX Application Thread] DEBUG GameApplicationServi - Starting new game
16:10:41.819 [JavaFX Application Thread] DEBUG Input                - Clearing active input actions
16:10:41.834 [JavaFX Application Thread] DEBUG GameApplicationServi - Removing overlay from FXGLStartupScene and adding to FXGLLoadingScene
16:10:41.837 [JavaFX Application Thread] DEBUG PrimaryStageWindow   - FXGLStartupScene -> FXGLLoadingScene
16:10:41.837 [JavaFX Application Thread] DEBUG GameApplicationServi - Clearing previous game
16:10:41.837 [JavaFX Application Thread] DEBUG GameScene            - Clearing game scene
16:10:41.837 [JavaFX Application Thread] DEBUG GameWorld            - Clearing game world
16:10:41.837 [JavaFX Application Thread] DEBUG PhysicsWorld         - Clearing physics world
16:10:41.839 [FXGL Background Thread 4 ] DEBUG FXGLApplication      - Initializing game
16:10:41.874 [FXGL Background Thread 4 ] DEBUG FXGLAssetLoaderServi - Loading from file system: file:/C:/Users/Ilyan/IdeaProjects/BruhTato/target/classes/assets/textures/Bruhtato_FullHealth.png
16:10:41.954 [FXGL Background Thread 4 ] DEBUG FXGLAssetLoaderServi - Loading from file system: file:/C:/Users/Ilyan/IdeaProjects/BruhTato/target/classes/assets/textures/Melee_Enemy_FullHealth.png
16:10:42.032 [FXGL Background Thread 4 ] INFO  FXGLApplication      - Game initialization took: 0.193 sec
16:10:42.103 [JavaFX Application Thread] DEBUG FXGLApplication      - Registering font factories with UI factory
16:10:42.122 [JavaFX Application Thread] DEBUG Input                - Clearing active input actions
16:10:42.133 [JavaFX Application Thread] DEBUG GameApplicationServi - Removing overlay from FXGLLoadingScene and adding to GameScene
16:10:42.143 [JavaFX Application Thread] DEBUG PrimaryStageWindow   - FXGLLoadingScene -> GameScene
16:10:42.644 [FXGL Background Thread 2 ] INFO  UpdaterService       - Your current version:  11.17
16:10:42.645 [FXGL Background Thread 2 ] INFO  UpdaterService       - Latest stable version: 25
16:10:43.608 [JavaFX Application Thread] DEBUG FXGLApplication      - Exiting FXGL
16:10:43.609 [JavaFX Application Thread] DEBUG LoopRunner           - Stopping loop
16:10:43.609 [JavaFX Application Thread] DEBUG SystemBundleService  - Saving FXGL system data
16:10:43.612 [JavaFX Application Thread] DEBUG FileSystemAccess     - Writing to: C:\Users\Ilyan\IdeaProjects\BruhTato\system\fxgl.bundle
16:10:43.613 [JavaFX Application Thread] DEBUG Async                - Shutting down background threads
16:10:43.613 [JavaFX Application Thread] DEBUG PrimaryStageWindow   - Closing main window
16:10:43.623 [JavaFX Application Thread] DEBUG Logger               - Closing Logger
