15:16:41.203 [main                     ] DEBUG Logger               - Configured Logger
15:16:41.205 [main                     ] DEBUG GameApplication      - Logging settings
Title: Bruhtato
Version: 1.0
Width: 1920
Height: 1080
Fullscreen: false
Intro: false
Profiling: false
Single step:false
App Mode: DEVELOPER
Menu Key: ESCAPE
Stage Style: DECORATED
Scene Factory: class com.almasb.fxgl.app.scene.SceneFactory

15:16:41.897 [JavaFX Application Thread] DEBUG FXGLApplication      - Initializing FXGL
15:16:41.899 [JavaFX Application Thread] INFO  Engine               - FXGL-11.17 (16.07.2021 15.46) on WINDOWS (J:25.0.3 FX:21.0.6)
15:16:41.899 [JavaFX Application Thread] DEBUG Engine               - JRE Vendor Name: Oracle Corporation
15:16:41.899 [JavaFX Application Thread] DEBUG Engine               - Running on OS: Windows 11 version 10.0
15:16:41.900 [JavaFX Application Thread] DEBUG Engine               - Architecture: amd64
15:16:41.900 [JavaFX Application Thread] INFO  Engine               - Source code and latest versions at: https://github.com/AlmasB/FXGL
15:16:41.900 [JavaFX Application Thread] INFO  Engine               -              Join the FXGL chat at: https://gitter.im/AlmasB/FXGL
15:16:42.004 [JavaFX Application Thread] DEBUG PrimaryStageWindow   - Creating a JavaFX scene
15:16:42.004 [JavaFX Application Thread] DEBUG PrimaryStageWindow   - Target size > screen size
15:16:42.046 [JavaFX Application Thread] DEBUG PrimaryStageWindow   - Target settings size: 1920.0 x 1080.0
15:16:42.046 [JavaFX Application Thread] DEBUG PrimaryStageWindow   - Scaled scene size:    1425.0 x 815.0
15:16:42.047 [JavaFX Application Thread] DEBUG PrimaryStageWindow   - Scaled ratio: (0.7421875, 0.7546296296296297)
15:16:42.047 [JavaFX Application Thread] DEBUG PrimaryStageWindow   - Set initial scene to FXGLStartupScene
15:16:42.049 [JavaFX Application Thread] DEBUG PrimaryStageWindow   - Opening main window
15:16:42.152 [JavaFX Application Thread] DEBUG PrimaryStageWindow   - Window border size: (15.0, 37.79998779296875)
15:16:42.152 [JavaFX Application Thread] DEBUG PrimaryStageWindow   - Scaled size: 1425.0 x 815.0
15:16:42.152 [JavaFX Application Thread] DEBUG PrimaryStageWindow   - Scaled ratio: (0.7421875, 0.7546296296296297)
15:16:42.152 [JavaFX Application Thread] DEBUG PrimaryStageWindow   - Scene size: 1425.0 x 815.0
15:16:42.153 [JavaFX Application Thread] DEBUG PrimaryStageWindow   - Stage size: 1440.0 x 852.7999877929688
15:16:42.161 [FXGL Background Thread 1 ] DEBUG Engine               - Initializing environment variables
15:16:42.210 [FXGL Background Thread 1 ] DEBUG FXGLAssetLoaderServi - User app class for loading assets: class BruhTato.BruhTatoApplication
15:16:42.210 [FXGL Background Thread 1 ] DEBUG GameApplicationServi - Applying CSS: fxgl_dark.css
15:16:42.211 [FXGL Background Thread 1 ] DEBUG FXGLAssetLoaderServi - Loading from file system: jar:file:///C:/Users/Ilyan/.m2/repository/com/github/almasb/fxgl/11.17/fxgl-11.17.jar!/fxglassets/ui/css/fxgl_dark.css
15:16:42.253 [FXGL Background Thread 1 ] DEBUG GameApplicationServi - Initializing application scenes
15:16:42.287 [FXGL Background Thread 1 ] DEBUG GameWorld            - Game world initialized
15:16:42.335 [FXGL Background Thread 1 ] DEBUG PhysicsWorld         - Physics world initialized: appHeight=1080, physics.ppm=50.0
15:16:42.335 [FXGL Background Thread 1 ] DEBUG PhysicsWorld         - Using strategy: BRUTE_FORCE
15:16:42.338 [FXGL Background Thread 1 ] DEBUG GameScene            - Game scene initialized: 1920x1080
15:16:42.348 [FXGL Background Thread 1 ] DEBUG FXGL.DefaultMenu     - createMenuBodyGameMenu()
15:16:42.360 [FXGL Background Thread 1 ] DEBUG FXGL.DefaultMenu     - createOptionsMenu()
15:16:42.369 [FXGL Background Thread 1 ] DEBUG FXGLAssetLoaderServi - Loading from file system: jar:file:///C:/Users/Ilyan/.m2/repository/com/github/almasb/fxgl/11.17/fxgl-11.17.jar!/fxglassets/textures/particles/smoke.png
15:16:42.437 [FXGL Background Thread 1 ] DEBUG FXGLAssetLoaderServi - Loading from file system: jar:file:///C:/Users/Ilyan/.m2/repository/com/github/almasb/fxgl/11.17/fxgl-11.17.jar!/fxglassets/textures/particles/trace_horizontal.png
15:16:42.462 [FXGL Background Thread 1 ] DEBUG GameApplicationServi - Application scenes initialized
15:16:42.469 [FXGL Background Thread 1 ] DEBUG SystemBundleService  - Loading FXGL system data
15:16:42.470 [FXGL Background Thread 1 ] DEBUG FileSystemAccess     - Reading from: C:\Users\Ilyan\IdeaProjects\BruhTato\system\fxgl.bundle
15:16:42.472 [FXGL Background Thread 1 ] DEBUG SystemBundleService  - Bundle FXGL: {}
15:16:42.473 [FXGL Background Thread 1 ] DEBUG UpdaterService       - Checking for updates
15:16:42.493 [FXGL Background Thread 4 ] DEBUG FXGLApplication      - Loading fonts
15:16:42.494 [FXGL Background Thread 1 ] DEBUG FXGLApplication      - Loading default localization
15:16:42.494 [FXGL Background Thread 4 ] DEBUG FXGLAssetLoaderServi - Loading from file system: jar:file:///C:/Users/Ilyan/.m2/repository/com/github/almasb/fxgl/11.17/fxgl-11.17.jar!/fxglassets/ui/fonts/VarelaRound-Regular.ttf
15:16:42.494 [FXGL Background Thread 1 ] DEBUG FXGLAssetLoaderServi - Loading from file system: jar:file:///C:/Users/Ilyan/.m2/repository/com/github/almasb/fxgl/11.17/fxgl-11.17.jar!/fxglassets/languages/english.lang
15:16:42.510 [FXGL Background Thread 4 ] DEBUG FXGLAssetLoaderServi - Loading from file system: jar:file:///C:/Users/Ilyan/.m2/repository/com/github/almasb/fxgl/11.17/fxgl-11.17.jar!/fxglassets/ui/fonts/Abel-Regular.ttf
15:16:42.515 [FXGL Background Thread 1 ] INFO  FXGLApplication      - FXGL initialization took: 0.355 sec
15:16:42.516 [FXGL Background Thread 4 ] DEBUG FXGLAssetLoaderServi - Loading from file system: jar:file:///C:/Users/Ilyan/.m2/repository/com/github/almasb/fxgl/11.17/fxgl-11.17.jar!/fxglassets/ui/fonts/lucida_console.ttf
15:16:42.521 [FXGL Background Thread 4 ] DEBUG FXGLAssetLoaderServi - Loading from file system: jar:file:///C:/Users/Ilyan/.m2/repository/com/github/almasb/fxgl/11.17/fxgl-11.17.jar!/fxglassets/ui/fonts/Courier-Prime.ttf
15:16:42.524 [JavaFX Application Thread] DEBUG Input                - Registered new binding: action0 - W
15:16:42.525 [JavaFX Application Thread] DEBUG Input                - Registered new binding: action1 - S
15:16:42.525 [JavaFX Application Thread] DEBUG Input                - Registered new binding: action2 - A
15:16:42.526 [JavaFX Application Thread] DEBUG Input                - Registered new binding: action3 - D
15:16:42.526 [JavaFX Application Thread] DEBUG FXGLAssetLoaderServi - Loading from file system: jar:file:///C:/Users/Ilyan/.m2/repository/com/github/almasb/fxgl/11.17/fxgl-11.17.jar!/fxglassets/textures/fxgl_icon.png
15:16:42.549 [JavaFX Application Thread] DEBUG FXGLAssetLoaderServi - Loading from file system: jar:file:///C:/Users/Ilyan/.m2/repository/com/github/almasb/fxgl/11.17/fxgl-11.17.jar!/fxglassets/textures/fxgl_default_cursor.png
15:16:42.552 [JavaFX Application Thread] DEBUG Input                - Registered new binding: Screenshot - CTRL+8
15:16:42.552 [JavaFX Application Thread] DEBUG Input                - Registered new binding: Dev Options - 1
15:16:42.552 [JavaFX Application Thread] DEBUG Input                - Registered new binding: Dev Console - 2
15:16:42.553 [JavaFX Application Thread] DEBUG Input                - Registered new binding: System info dump - CTRL+9
15:16:42.553 [JavaFX Application Thread] DEBUG Input                - Registered new binding: Restart - CTRL+R
15:16:42.554 [JavaFX Application Thread] DEBUG Input                - Registered new binding: Toggle Debug Camera - CTRL+C
15:16:42.557 [JavaFX Application Thread] DEBUG LoopRunner           - Starting loop
15:16:42.570 [JavaFX Application Thread] DEBUG LoopRunner           - Initializing JavaFX AnimationTimerLoop
15:16:42.571 [JavaFX Application Thread] DEBUG GameApplicationServi - Starting new game
15:16:42.573 [JavaFX Application Thread] DEBUG Input                - Clearing active input actions
15:16:42.583 [JavaFX Application Thread] DEBUG GameApplicationServi - Removing overlay from FXGLStartupScene and adding to FXGLLoadingScene
15:16:42.587 [JavaFX Application Thread] DEBUG PrimaryStageWindow   - FXGLStartupScene -> FXGLLoadingScene
15:16:42.587 [JavaFX Application Thread] DEBUG GameApplicationServi - Clearing previous game
15:16:42.587 [JavaFX Application Thread] DEBUG GameScene            - Clearing game scene
15:16:42.587 [JavaFX Application Thread] DEBUG GameWorld            - Clearing game world
15:16:42.587 [JavaFX Application Thread] DEBUG PhysicsWorld         - Clearing physics world
15:16:42.589 [FXGL Background Thread 4 ] DEBUG FXGLApplication      - Initializing game
15:16:42.589 [JavaFX Application Thread] DEBUG FXGLApplication      - Registering font factories with UI factory
15:16:42.605 [FXGL Background Thread 4 ] DEBUG FXGLAssetLoaderServi - Loading from file system: file:/C:/Users/Ilyan/IdeaProjects/BruhTato/target/classes/assets/textures/Bruhtato_FullHealth.png
15:16:42.694 [FXGL Background Thread 4 ] INFO  FXGLApplication      - Game initialization took: 0.105 sec
15:16:42.802 [JavaFX Application Thread] DEBUG Input                - Clearing active input actions
15:16:42.808 [JavaFX Application Thread] DEBUG GameApplicationServi - Removing overlay from FXGLLoadingScene and adding to GameScene
15:16:42.814 [JavaFX Application Thread] DEBUG PrimaryStageWindow   - FXGLLoadingScene -> GameScene
15:16:45.492 [FXGL Background Thread 3 ] DEBUG Engine               - Logging environment variables
15:16:45.492 [FXGL Background Thread 3 ] DEBUG Engine               - achievements: []
15:16:45.492 [FXGL Background Thread 3 ] DEBUG Engine               - actualHeight: 815.0
15:16:45.492 [FXGL Background Thread 3 ] DEBUG Engine               - actualHeightProperty: ReadOnlyDoubleProperty [value: 815.0]
15:16:45.492 [FXGL Background Thread 3 ] DEBUG Engine               - actualWidth: 1425.0
15:16:45.492 [FXGL Background Thread 3 ] DEBUG Engine               - actualWidthProperty: ReadOnlyDoubleProperty [value: 1425.0]
15:16:45.494 [FXGL Background Thread 3 ] DEBUG Engine               - appIcon: fxgl_icon.png
15:16:45.494 [FXGL Background Thread 3 ] DEBUG Engine               - applicationMode: DEVELOPER
15:16:45.494 [FXGL Background Thread 3 ] DEBUG Engine               - cSSList: [fxgl_dark.css]
15:16:45.494 [FXGL Background Thread 3 ] DEBUG Engine               - collisionDetectionStrategy: BRUTE_FORCE
15:16:45.494 [FXGL Background Thread 3 ] DEBUG Engine               - configClass: Optional.empty
15:16:45.494 [FXGL Background Thread 3 ] DEBUG Engine               - credits: []
15:16:45.494 [FXGL Background Thread 3 ] DEBUG Engine               - defaultCursor: CursorInfo(imageName=fxgl_default_cursor.png, hotspotX=7.0, hotspotY=6.0)
15:16:45.494 [FXGL Background Thread 3 ] DEBUG Engine               - devBBoxColorProperty: ObjectProperty [value: 0xff0000ff]
15:16:45.495 [FXGL Background Thread 3 ] DEBUG Engine               - devEnableDebugCameraProperty: BooleanProperty [value: false]
15:16:45.495 [FXGL Background Thread 3 ] DEBUG Engine               - devSensorColorProperty: ObjectProperty [value: 0xffff00ff]
15:16:45.495 [FXGL Background Thread 3 ] DEBUG Engine               - devShowBBoxProperty: BooleanProperty [value: false]
15:16:45.495 [FXGL Background Thread 3 ] DEBUG Engine               - devShowPositionProperty: BooleanProperty [value: false]
15:16:45.495 [FXGL Background Thread 3 ] DEBUG Engine               - enabledMenuItems: []
15:16:45.495 [FXGL Background Thread 3 ] DEBUG Engine               - engineServices: [class com.almasb.fxgl.app.services.FXGLAssetLoaderService, class com.almasb.fxgl.app.FXGLApplication$GameApplicationService, class com.almasb.fxgl.app.services.FXGLDialogService, class com.almasb.fxgl.app.services.IOTaskExecutorService, class com.almasb.fxgl.io.FileSystemService, class com.almasb.fxgl.localization.LocalizationService, class com.almasb.fxgl.app.services.SystemBundleService, class com.almasb.fxgl.profile.SaveLoadService, class com.almasb.fxgl.ui.FXGLUIFactoryServiceProvider, class com.almasb.fxgl.ui.FXGLDialogFactoryServiceProvider, class com.almasb.fxgl.audio.AudioPlayer, class com.almasb.fxgl.notification.impl.NotificationServiceProvider, class com.almasb.fxgl.achievement.AchievementService, class com.almasb.fxgl.cutscene.CutsceneService, class com.almasb.fxgl.minigames.MiniGameService, class com.almasb.fxgl.net.NetService, class com.almasb.fxgl.app.services.UpdaterService, class com.almasb.fxgl.dev.DevService]
15:16:45.496 [FXGL Background Thread 3 ] DEBUG Engine               - fontGame: Abel-Regular.ttf
15:16:45.496 [FXGL Background Thread 3 ] DEBUG Engine               - fontMono: lucida_console.ttf
15:16:45.496 [FXGL Background Thread 3 ] DEBUG Engine               - fontText: Courier-Prime.ttf
15:16:45.496 [FXGL Background Thread 3 ] DEBUG Engine               - fontUI: VarelaRound-Regular.ttf
15:16:45.496 [FXGL Background Thread 3 ] DEBUG Engine               - fullScreen: BooleanProperty [value: false]
15:16:45.496 [FXGL Background Thread 3 ] DEBUG Engine               - gameDifficulty: MEDIUM
15:16:45.496 [FXGL Background Thread 3 ] DEBUG Engine               - gameDifficultyProperty: ObjectProperty [value: MEDIUM]
15:16:45.496 [FXGL Background Thread 3 ] DEBUG Engine               - globalMusicVolume: 0.5
15:16:45.496 [FXGL Background Thread 3 ] DEBUG Engine               - globalMusicVolumeProperty: DoubleProperty [value: 0.5]
15:16:45.496 [FXGL Background Thread 3 ] DEBUG Engine               - globalSoundVolume: 0.5
15:16:45.497 [FXGL Background Thread 3 ] DEBUG Engine               - globalSoundVolumeProperty: DoubleProperty [value: 0.5]
15:16:45.497 [FXGL Background Thread 3 ] DEBUG Engine               - height: 1080
15:16:45.497 [FXGL Background Thread 3 ] DEBUG Engine               - is3D: false
15:16:45.497 [FXGL Background Thread 3 ] DEBUG Engine               - isAndroid: false
15:16:45.497 [FXGL Background Thread 3 ] DEBUG Engine               - isBrowser: false
15:16:45.497 [FXGL Background Thread 3 ] DEBUG Engine               - isClickFeedbackEnabled: false
15:16:45.497 [FXGL Background Thread 3 ] DEBUG Engine               - isCloseConfirmation: false
15:16:45.497 [FXGL Background Thread 3 ] DEBUG Engine               - isDesktop: true
15:16:45.497 [FXGL Background Thread 3 ] DEBUG Engine               - isDeveloperMenuEnabled: true
15:16:45.497 [FXGL Background Thread 3 ] DEBUG Engine               - isEntityPreloadEnabled: true
15:16:45.498 [FXGL Background Thread 3 ] DEBUG Engine               - isExperimentalTiledLargeMap: false
15:16:45.498 [FXGL Background Thread 3 ] DEBUG Engine               - isFileSystemWriteAllowed: true
15:16:45.498 [FXGL Background Thread 3 ] DEBUG Engine               - isFullScreenAllowed: false
15:16:45.498 [FXGL Background Thread 3 ] DEBUG Engine               - isFullScreenFromStart: false
15:16:45.498 [FXGL Background Thread 3 ] DEBUG Engine               - isGameMenuEnabled: true
15:16:45.498 [FXGL Background Thread 3 ] DEBUG Engine               - isIOS: false
15:16:45.499 [FXGL Background Thread 3 ] DEBUG Engine               - isIntroEnabled: false
15:16:45.499 [FXGL Background Thread 3 ] DEBUG Engine               - isLinux: false
15:16:45.499 [FXGL Background Thread 3 ] DEBUG Engine               - isMac: false
15:16:45.499 [FXGL Background Thread 3 ] DEBUG Engine               - isMainMenuEnabled: false
15:16:45.500 [FXGL Background Thread 3 ] DEBUG Engine               - isManualResizeEnabled: false
15:16:45.500 [FXGL Background Thread 3 ] DEBUG Engine               - isMobile: false
15:16:45.500 [FXGL Background Thread 3 ] DEBUG Engine               - isNative: false
15:16:45.500 [FXGL Background Thread 3 ] DEBUG Engine               - isPauseMusicWhenMinimized: true
15:16:45.500 [FXGL Background Thread 3 ] DEBUG Engine               - isPreserveResizeRatio: false
15:16:45.501 [FXGL Background Thread 3 ] DEBUG Engine               - isProfilingEnabled: false
15:16:45.501 [FXGL Background Thread 3 ] DEBUG Engine               - isScaleAffectedOnResize: true
15:16:45.501 [FXGL Background Thread 3 ] DEBUG Engine               - isSingleStep: false
15:16:45.501 [FXGL Background Thread 3 ] DEBUG Engine               - isUserProfileEnabled: false
15:16:45.501 [FXGL Background Thread 3 ] DEBUG Engine               - isWindows: true
15:16:45.501 [FXGL Background Thread 3 ] DEBUG Engine               - language: ObjectProperty [value: ENGLISH]
15:16:45.502 [FXGL Background Thread 3 ] DEBUG Engine               - menuKey: ESCAPE
15:16:45.503 [FXGL Background Thread 3 ] DEBUG Engine               - mouseSensitivity: 0.2
15:16:45.504 [FXGL Background Thread 3 ] DEBUG Engine               - notificationViewClass: class com.almasb.fxgl.notification.view.XboxNotificationView
15:16:45.504 [FXGL Background Thread 3 ] DEBUG Engine               - pixelsPerMeter: 50.0
15:16:45.504 [FXGL Background Thread 3 ] DEBUG Engine               - platform: WINDOWS
15:16:45.504 [FXGL Background Thread 3 ] DEBUG Engine               - prefHeightProperty: ReadOnlyDoubleProperty [value: 1080.0]
15:16:45.504 [FXGL Background Thread 3 ] DEBUG Engine               - prefWidthProperty: ReadOnlyDoubleProperty [value: 1920.0]
15:16:45.504 [FXGL Background Thread 3 ] DEBUG Engine               - profileDir: profiles/
15:16:45.504 [FXGL Background Thread 3 ] DEBUG Engine               - profileName: StringProperty [value: DEFAULT]
15:16:45.504 [FXGL Background Thread 3 ] DEBUG Engine               - randomSeed: -1
15:16:45.504 [FXGL Background Thread 3 ] DEBUG Engine               - runtimeInfo: RuntimeInfo(platform=WINDOWS, version=11.17, build=16.07.2021 15.46)
15:16:45.504 [FXGL Background Thread 3 ] DEBUG Engine               - saveFileExt: sav
15:16:45.504 [FXGL Background Thread 3 ] DEBUG Engine               - scaledHeightProp$fxgl: DoubleProperty [bound, value: 815.0]
15:16:45.504 [FXGL Background Thread 3 ] DEBUG Engine               - scaledWidthProp$fxgl: DoubleProperty [bound, value: 1425.0]
15:16:45.505 [FXGL Background Thread 3 ] DEBUG Engine               - sceneFactory: com.almasb.fxgl.app.scene.SceneFactory@16982dde
15:16:45.505 [FXGL Background Thread 3 ] DEBUG Engine               - secondsIn24h: 60
15:16:45.505 [FXGL Background Thread 3 ] DEBUG Engine               - soundMenuBack: menu/back.wav
15:16:45.505 [FXGL Background Thread 3 ] DEBUG Engine               - soundMenuPress: menu/press.wav
15:16:45.505 [FXGL Background Thread 3 ] DEBUG Engine               - soundMenuSelect: menu/select.wav
15:16:45.505 [FXGL Background Thread 3 ] DEBUG Engine               - soundNotification: core/notification.wav
15:16:45.505 [FXGL Background Thread 3 ] DEBUG Engine               - stageStyle: DECORATED
15:16:45.505 [FXGL Background Thread 3 ] DEBUG Engine               - supportedLanguages: [ENGLISH, FRENCH, GERMAN, HUNGARIAN, RUSSIAN]
15:16:45.505 [FXGL Background Thread 3 ] DEBUG Engine               - ticksPerSecond: -1
15:16:45.505 [FXGL Background Thread 3 ] DEBUG Engine               - title: Bruhtato
15:16:45.505 [FXGL Background Thread 3 ] DEBUG Engine               - urlGithub: https://github.com/AlmasB/FXGL
15:16:45.505 [FXGL Background Thread 3 ] DEBUG Engine               - urlLeaderboard: http://fxgl-top.herokuapp.com/
15:16:45.505 [FXGL Background Thread 3 ] DEBUG Engine               - urlPOM: https://raw.githubusercontent.com/AlmasB/FXGL/release/README.md
15:16:45.505 [FXGL Background Thread 3 ] DEBUG Engine               - userAppClass: class BruhTato.BruhTatoApplication
15:16:45.505 [FXGL Background Thread 3 ] DEBUG Engine               - version: 1.0
15:16:45.505 [FXGL Background Thread 3 ] DEBUG Engine               - versionCheckDays: 7
15:16:45.506 [FXGL Background Thread 3 ] DEBUG Engine               - width: 1920
15:16:45.506 [FXGL Background Thread 3 ] DEBUG Engine               - Logging services
15:16:45.506 [FXGL Background Thread 3 ] DEBUG Engine               - class com.almasb.fxgl.app.services.FXGLAssetLoaderService
15:16:45.506 [FXGL Background Thread 3 ] DEBUG Engine               - class com.almasb.fxgl.app.FXGLApplication$GameApplicationService
15:16:45.506 [FXGL Background Thread 3 ] DEBUG Engine               - class com.almasb.fxgl.app.services.FXGLDialogService
15:16:45.506 [FXGL Background Thread 3 ] DEBUG Engine               - class com.almasb.fxgl.app.services.IOTaskExecutorService
15:16:45.506 [FXGL Background Thread 3 ] DEBUG Engine               - class com.almasb.fxgl.io.FileSystemService
15:16:45.506 [FXGL Background Thread 3 ] DEBUG Engine               - class com.almasb.fxgl.localization.LocalizationService
15:16:45.506 [FXGL Background Thread 3 ] DEBUG Engine               - class com.almasb.fxgl.app.services.SystemBundleService
15:16:45.506 [FXGL Background Thread 3 ] DEBUG Engine               - class com.almasb.fxgl.profile.SaveLoadService
15:16:45.506 [FXGL Background Thread 3 ] DEBUG Engine               - class com.almasb.fxgl.ui.FXGLUIFactoryServiceProvider
15:16:45.506 [FXGL Background Thread 3 ] DEBUG Engine               - class com.almasb.fxgl.ui.FXGLDialogFactoryServiceProvider
15:16:45.506 [FXGL Background Thread 3 ] DEBUG Engine               - class com.almasb.fxgl.audio.AudioPlayer
15:16:45.506 [FXGL Background Thread 3 ] DEBUG Engine               - class com.almasb.fxgl.notification.impl.NotificationServiceProvider
15:16:45.506 [FXGL Background Thread 3 ] DEBUG Engine               - class com.almasb.fxgl.achievement.AchievementService
15:16:45.506 [FXGL Background Thread 3 ] DEBUG Engine               - class com.almasb.fxgl.cutscene.CutsceneService
15:16:45.506 [FXGL Background Thread 3 ] DEBUG Engine               - class com.almasb.fxgl.minigames.MiniGameService
15:16:45.506 [FXGL Background Thread 3 ] DEBUG Engine               - class com.almasb.fxgl.net.NetService
15:16:45.506 [FXGL Background Thread 3 ] DEBUG Engine               - class com.almasb.fxgl.app.services.UpdaterService
15:16:45.506 [FXGL Background Thread 3 ] DEBUG Engine               - class com.almasb.fxgl.dev.DevService
15:16:59.542 [FXGL Background Thread 2 ] INFO  UpdaterService       - Your current version:  11.17
15:16:59.543 [FXGL Background Thread 2 ] INFO  UpdaterService       - Latest stable version: 25
15:24:01.149 [JavaFX Application Thread] DEBUG PrimaryStageWindow   - Push state: FXGLDefaultMenu
15:24:01.153 [JavaFX Application Thread] DEBUG Input                - Clearing active input actions
15:24:01.155 [JavaFX Application Thread] DEBUG GameApplicationServi - Removing overlay from GameScene and adding to FXGLDefaultMenu
15:24:01.158 [JavaFX Application Thread] DEBUG PrimaryStageWindow   - GameScene -> FXGLDefaultMenu
15:24:04.429 [JavaFX Application Thread] DEBUG FXGL.DefaultMenu     - createContentControls()
15:24:06.678 [JavaFX Application Thread] DEBUG PrimaryStageWindow   - Push state: PressAnyKeyState
15:24:06.678 [JavaFX Application Thread] DEBUG Input                - Clearing active input actions
15:24:06.679 [JavaFX Application Thread] DEBUG GameApplicationServi - Removing overlay from FXGLDefaultMenu and adding to PressAnyKeyState
15:24:06.680 [JavaFX Application Thread] DEBUG PrimaryStageWindow   - FXGLDefaultMenu -> PressAnyKeyState
15:24:07.959 [JavaFX Application Thread] DEBUG PrimaryStageWindow   - Pop state: PressAnyKeyState
15:24:07.959 [JavaFX Application Thread] DEBUG Input                - Clearing active input actions
15:24:07.961 [JavaFX Application Thread] DEBUG GameApplicationServi - Removing overlay from PressAnyKeyState and adding to FXGLDefaultMenu
15:24:07.962 [JavaFX Application Thread] DEBUG PrimaryStageWindow   - FXGLDefaultMenu <- PressAnyKeyState
15:24:09.695 [JavaFX Application Thread] DEBUG PrimaryStageWindow   - Push state: PressAnyKeyState
15:24:09.695 [JavaFX Application Thread] DEBUG Input                - Clearing active input actions
15:24:09.695 [JavaFX Application Thread] DEBUG GameApplicationServi - Removing overlay from FXGLDefaultMenu and adding to PressAnyKeyState
15:24:09.696 [JavaFX Application Thread] DEBUG PrimaryStageWindow   - FXGLDefaultMenu -> PressAnyKeyState
15:24:10.310 [JavaFX Application Thread] DEBUG PrimaryStageWindow   - Pop state: PressAnyKeyState
15:24:10.310 [JavaFX Application Thread] DEBUG Input                - Clearing active input actions
15:24:10.311 [JavaFX Application Thread] DEBUG GameApplicationServi - Removing overlay from PressAnyKeyState and adding to FXGLDefaultMenu
15:24:10.311 [JavaFX Application Thread] DEBUG PrimaryStageWindow   - FXGLDefaultMenu <- PressAnyKeyState
15:24:13.492 [JavaFX Application Thread] DEBUG PrimaryStageWindow   - Push state: PressAnyKeyState
15:24:13.492 [JavaFX Application Thread] DEBUG Input                - Clearing active input actions
15:24:13.492 [JavaFX Application Thread] DEBUG GameApplicationServi - Removing overlay from FXGLDefaultMenu and adding to PressAnyKeyState
15:24:13.493 [JavaFX Application Thread] DEBUG PrimaryStageWindow   - FXGLDefaultMenu -> PressAnyKeyState
15:24:14.226 [JavaFX Application Thread] DEBUG PrimaryStageWindow   - Pop state: PressAnyKeyState
15:24:14.226 [JavaFX Application Thread] DEBUG Input                - Clearing active input actions
15:24:14.227 [JavaFX Application Thread] DEBUG GameApplicationServi - Removing overlay from PressAnyKeyState and adding to FXGLDefaultMenu
15:24:14.227 [JavaFX Application Thread] DEBUG PrimaryStageWindow   - FXGLDefaultMenu <- PressAnyKeyState
15:24:15.657 [JavaFX Application Thread] DEBUG PrimaryStageWindow   - Push state: PressAnyKeyState
15:24:15.657 [JavaFX Application Thread] DEBUG Input                - Clearing active input actions
15:24:15.657 [JavaFX Application Thread] DEBUG GameApplicationServi - Removing overlay from FXGLDefaultMenu and adding to PressAnyKeyState
15:24:15.657 [JavaFX Application Thread] DEBUG PrimaryStageWindow   - FXGLDefaultMenu -> PressAnyKeyState
15:24:15.985 [JavaFX Application Thread] DEBUG PrimaryStageWindow   - Pop state: PressAnyKeyState
15:24:15.985 [JavaFX Application Thread] DEBUG Input                - Clearing active input actions
15:24:15.985 [JavaFX Application Thread] DEBUG GameApplicationServi - Removing overlay from PressAnyKeyState and adding to FXGLDefaultMenu
15:24:15.986 [JavaFX Application Thread] DEBUG PrimaryStageWindow   - FXGLDefaultMenu <- PressAnyKeyState
15:24:16.959 [JavaFX Application Thread] DEBUG PrimaryStageWindow   - Push state: PressAnyKeyState
15:24:16.959 [JavaFX Application Thread] DEBUG Input                - Clearing active input actions
15:24:16.959 [JavaFX Application Thread] DEBUG GameApplicationServi - Removing overlay from FXGLDefaultMenu and adding to PressAnyKeyState
15:24:16.961 [JavaFX Application Thread] DEBUG PrimaryStageWindow   - FXGLDefaultMenu -> PressAnyKeyState
15:24:17.218 [JavaFX Application Thread] DEBUG PrimaryStageWindow   - Pop state: PressAnyKeyState
15:24:17.218 [JavaFX Application Thread] DEBUG Input                - Clearing active input actions
15:24:17.219 [JavaFX Application Thread] DEBUG GameApplicationServi - Removing overlay from PressAnyKeyState and adding to FXGLDefaultMenu
15:24:17.219 [JavaFX Application Thread] DEBUG PrimaryStageWindow   - FXGLDefaultMenu <- PressAnyKeyState
15:24:20.470 [JavaFX Application Thread] DEBUG Menu                 - fireResume()
15:24:20.471 [JavaFX Application Thread] DEBUG PrimaryStageWindow   - Pop state: FXGLDefaultMenu
15:24:20.471 [JavaFX Application Thread] DEBUG Input                - Clearing active input actions
15:24:20.471 [JavaFX Application Thread] DEBUG GameApplicationServi - Removing overlay from FXGLDefaultMenu and adding to GameScene
15:24:20.472 [JavaFX Application Thread] DEBUG PrimaryStageWindow   - GameScene <- FXGLDefaultMenu
15:29:56.361 [JavaFX Application Thread] DEBUG FXGLApplication      - Exiting FXGL
15:29:56.361 [JavaFX Application Thread] DEBUG LoopRunner           - Stopping loop
15:29:56.363 [JavaFX Application Thread] DEBUG SystemBundleService  - Saving FXGL system data
15:29:56.364 [JavaFX Application Thread] DEBUG FileSystemAccess     - Writing to: C:\Users\Ilyan\IdeaProjects\BruhTato\system\fxgl.bundle
15:29:56.366 [JavaFX Application Thread] DEBUG Async                - Shutting down background threads
15:29:56.366 [JavaFX Application Thread] DEBUG PrimaryStageWindow   - Closing main window
15:29:56.400 [JavaFX Application Thread] DEBUG Logger               - Closing Logger
