11:57:57.637 [main                     ] DEBUG Logger               - Configured Logger
11:57:57.639 [main                     ] DEBUG GameApplication      - Logging settings
Title: Bruhtato
Version: 1.0
Width: 800
Height: 600
Fullscreen: false
Intro: false
Profiling: false
Single step:false
App Mode: DEVELOPER
Menu Key: ESCAPE
Stage Style: DECORATED
Scene Factory: class com.almasb.fxgl.app.scene.SceneFactory

11:57:58.309 [JavaFX Application Thread] DEBUG FXGLApplication      - Initializing FXGL
11:57:58.310 [JavaFX Application Thread] INFO  Engine               - FXGL-11.17 (16.07.2021 15.46) on WINDOWS (J:25.0.3 FX:21.0.6)
11:57:58.310 [JavaFX Application Thread] DEBUG Engine               - JRE Vendor Name: Oracle Corporation
11:57:58.310 [JavaFX Application Thread] DEBUG Engine               - Running on OS: Windows 11 version 10.0
11:57:58.310 [JavaFX Application Thread] DEBUG Engine               - Architecture: amd64
11:57:58.310 [JavaFX Application Thread] INFO  Engine               - Source code and latest versions at: https://github.com/AlmasB/FXGL
11:57:58.311 [JavaFX Application Thread] INFO  Engine               -              Join the FXGL chat at: https://gitter.im/AlmasB/FXGL
11:57:58.406 [JavaFX Application Thread] DEBUG PrimaryStageWindow   - Creating a JavaFX scene
11:57:58.448 [JavaFX Application Thread] DEBUG PrimaryStageWindow   - Target settings size: 800.0 x 600.0
11:57:58.448 [JavaFX Application Thread] DEBUG PrimaryStageWindow   - Scaled scene size:    800.0 x 600.0
11:57:58.449 [JavaFX Application Thread] DEBUG PrimaryStageWindow   - Scaled ratio: (1.0, 1.0)
11:57:58.450 [JavaFX Application Thread] DEBUG PrimaryStageWindow   - Set initial scene to FXGLStartupScene
11:57:58.455 [JavaFX Application Thread] DEBUG PrimaryStageWindow   - Opening main window
11:57:58.565 [JavaFX Application Thread] DEBUG PrimaryStageWindow   - Window border size: (14.4000244140625, 37.5999755859375)
11:57:58.565 [JavaFX Application Thread] DEBUG PrimaryStageWindow   - Scaled size: 800.0 x 600.0
11:57:58.565 [JavaFX Application Thread] DEBUG PrimaryStageWindow   - Scaled ratio: (1.0, 1.0)
11:57:58.565 [JavaFX Application Thread] DEBUG PrimaryStageWindow   - Scene size: 800.0 x 600.0
11:57:58.565 [JavaFX Application Thread] DEBUG PrimaryStageWindow   - Stage size: 814.4000244140625 x 637.5999755859375
11:57:58.572 [FXGL Background Thread 1 ] DEBUG Engine               - Initializing environment variables
11:57:58.626 [FXGL Background Thread 1 ] DEBUG FXGLAssetLoaderServi - User app class for loading assets: class BruhTato.BruhTatoApplication
11:57:58.626 [FXGL Background Thread 1 ] DEBUG GameApplicationServi - Applying CSS: fxgl_dark.css
11:57:58.627 [FXGL Background Thread 1 ] DEBUG FXGLAssetLoaderServi - Loading from file system: jar:file:///C:/Users/Ilyan/.m2/repository/com/github/almasb/fxgl/11.17/fxgl-11.17.jar!/fxglassets/ui/css/fxgl_dark.css
11:57:58.668 [FXGL Background Thread 1 ] DEBUG GameApplicationServi - Initializing application scenes
11:57:58.703 [FXGL Background Thread 1 ] DEBUG GameWorld            - Game world initialized
11:57:58.750 [FXGL Background Thread 1 ] DEBUG PhysicsWorld         - Physics world initialized: appHeight=600, physics.ppm=50.0
11:57:58.750 [FXGL Background Thread 1 ] DEBUG PhysicsWorld         - Using strategy: BRUTE_FORCE
11:57:58.753 [FXGL Background Thread 1 ] DEBUG GameScene            - Game scene initialized: 800x600
11:57:58.764 [FXGL Background Thread 1 ] DEBUG FXGL.DefaultMenu     - createMenuBodyGameMenu()
11:57:58.778 [FXGL Background Thread 1 ] DEBUG FXGL.DefaultMenu     - createOptionsMenu()
11:57:58.790 [FXGL Background Thread 1 ] DEBUG FXGLAssetLoaderServi - Loading from file system: jar:file:///C:/Users/Ilyan/.m2/repository/com/github/almasb/fxgl/11.17/fxgl-11.17.jar!/fxglassets/textures/particles/smoke.png
11:57:58.880 [FXGL Background Thread 1 ] DEBUG FXGLAssetLoaderServi - Loading from file system: jar:file:///C:/Users/Ilyan/.m2/repository/com/github/almasb/fxgl/11.17/fxgl-11.17.jar!/fxglassets/textures/particles/trace_horizontal.png
11:57:58.915 [FXGL Background Thread 1 ] DEBUG GameApplicationServi - Application scenes initialized
11:57:58.927 [FXGL Background Thread 1 ] DEBUG SystemBundleService  - Loading FXGL system data
11:57:58.929 [FXGL Background Thread 1 ] DEBUG FileSystemAccess     - Reading from: C:\Users\Ilyan\IdeaProjects\BruhTato\system\fxgl.bundle
11:57:58.932 [FXGL Background Thread 1 ] DEBUG SystemBundleService  - Bundle FXGL: {}
11:57:58.932 [FXGL Background Thread 1 ] DEBUG UpdaterService       - Checking for updates
11:57:58.937 [FXGL Background Thread 4 ] DEBUG FXGLApplication      - Loading fonts
11:57:58.938 [FXGL Background Thread 1 ] DEBUG FXGLApplication      - Loading default localization
11:57:58.938 [FXGL Background Thread 4 ] DEBUG FXGLAssetLoaderServi - Loading from file system: jar:file:///C:/Users/Ilyan/.m2/repository/com/github/almasb/fxgl/11.17/fxgl-11.17.jar!/fxglassets/ui/fonts/VarelaRound-Regular.ttf
11:57:58.938 [FXGL Background Thread 1 ] DEBUG FXGLAssetLoaderServi - Loading from file system: jar:file:///C:/Users/Ilyan/.m2/repository/com/github/almasb/fxgl/11.17/fxgl-11.17.jar!/fxglassets/languages/english.lang
11:57:58.952 [FXGL Background Thread 4 ] DEBUG FXGLAssetLoaderServi - Loading from file system: jar:file:///C:/Users/Ilyan/.m2/repository/com/github/almasb/fxgl/11.17/fxgl-11.17.jar!/fxglassets/ui/fonts/Abel-Regular.ttf
11:57:58.958 [FXGL Background Thread 1 ] INFO  FXGLApplication      - FXGL initialization took: 0.386 sec
11:57:58.960 [FXGL Background Thread 4 ] DEBUG FXGLAssetLoaderServi - Loading from file system: jar:file:///C:/Users/Ilyan/.m2/repository/com/github/almasb/fxgl/11.17/fxgl-11.17.jar!/fxglassets/ui/fonts/lucida_console.ttf
11:57:58.968 [FXGL Background Thread 4 ] DEBUG FXGLAssetLoaderServi - Loading from file system: jar:file:///C:/Users/Ilyan/.m2/repository/com/github/almasb/fxgl/11.17/fxgl-11.17.jar!/fxglassets/ui/fonts/Courier-Prime.ttf
11:57:58.971 [JavaFX Application Thread] DEBUG Input                - Registered new binding: action0 - W
11:57:58.972 [JavaFX Application Thread] DEBUG Input                - Registered new binding: action1 - S
11:57:58.972 [JavaFX Application Thread] DEBUG Input                - Registered new binding: action2 - A
11:57:58.974 [JavaFX Application Thread] DEBUG Input                - Registered new binding: action3 - D
11:57:58.974 [JavaFX Application Thread] DEBUG FXGLAssetLoaderServi - Loading from file system: jar:file:///C:/Users/Ilyan/.m2/repository/com/github/almasb/fxgl/11.17/fxgl-11.17.jar!/fxglassets/textures/fxgl_icon.png
11:57:59.010 [JavaFX Application Thread] DEBUG FXGLAssetLoaderServi - Loading from file system: jar:file:///C:/Users/Ilyan/.m2/repository/com/github/almasb/fxgl/11.17/fxgl-11.17.jar!/fxglassets/textures/fxgl_default_cursor.png
11:57:59.013 [JavaFX Application Thread] DEBUG Input                - Registered new binding: Screenshot - CTRL+8
11:57:59.013 [JavaFX Application Thread] DEBUG Input                - Registered new binding: System info dump - CTRL+9
11:57:59.013 [JavaFX Application Thread] DEBUG Input                - Registered new binding: Restart - CTRL+R
11:57:59.014 [JavaFX Application Thread] DEBUG Input                - Registered new binding: Toggle Debug Camera - CTRL+C
11:57:59.019 [JavaFX Application Thread] DEBUG LoopRunner           - Starting loop
11:57:59.019 [JavaFX Application Thread] DEBUG LoopRunner           - Initializing JavaFX AnimationTimerLoop
11:57:59.022 [JavaFX Application Thread] DEBUG GameApplicationServi - Starting new game
11:57:59.023 [JavaFX Application Thread] DEBUG Input                - Clearing active input actions
11:57:59.039 [JavaFX Application Thread] DEBUG GameApplicationServi - Removing overlay from FXGLStartupScene and adding to FXGLLoadingScene
11:57:59.040 [JavaFX Application Thread] DEBUG PrimaryStageWindow   - FXGLStartupScene -> FXGLLoadingScene
11:57:59.040 [JavaFX Application Thread] DEBUG GameApplicationServi - Clearing previous game
11:57:59.040 [JavaFX Application Thread] DEBUG GameScene            - Clearing game scene
11:57:59.040 [JavaFX Application Thread] DEBUG GameWorld            - Clearing game world
11:57:59.040 [JavaFX Application Thread] DEBUG PhysicsWorld         - Clearing physics world
11:57:59.041 [FXGL Background Thread 4 ] DEBUG FXGLApplication      - Initializing game
11:57:59.045 [JavaFX Application Thread] DEBUG FXGLApplication      - Registering font factories with UI factory
11:57:59.066 [FXGL Background Thread 4 ] WARN  FXGLAssetLoaderServi - Asset "/assets/textures/Bruhtato_FullHealth.png" was not found!
11:57:59.066 [FXGL Background Thread 4 ] WARN  FXGLAssetLoaderServi - Failed to load IMAGE
11:57:59.190 [FXGL Background Thread 4 ] INFO  FXGLApplication      - Game initialization took: 0.148 sec
11:57:59.236 [JavaFX Application Thread] DEBUG Input                - Clearing active input actions
11:57:59.249 [JavaFX Application Thread] DEBUG GameApplicationServi - Removing overlay from FXGLLoadingScene and adding to GameScene
11:57:59.249 [JavaFX Application Thread] DEBUG PrimaryStageWindow   - FXGLLoadingScene -> GameScene
11:57:59.465 [FXGL Background Thread 2 ] INFO  UpdaterService       - Your current version:  11.17
11:57:59.466 [FXGL Background Thread 2 ] INFO  UpdaterService       - Latest stable version: 25
11:58:00.950 [JavaFX Application Thread] DEBUG FXGLApplication      - Exiting FXGL
11:58:00.950 [JavaFX Application Thread] DEBUG LoopRunner           - Stopping loop
11:58:00.950 [JavaFX Application Thread] DEBUG SystemBundleService  - Saving FXGL system data
11:58:00.952 [JavaFX Application Thread] DEBUG FileSystemAccess     - Writing to: C:\Users\Ilyan\IdeaProjects\BruhTato\system\fxgl.bundle
11:58:00.954 [JavaFX Application Thread] DEBUG Async                - Shutting down background threads
11:58:00.963 [JavaFX Application Thread] DEBUG PrimaryStageWindow   - Closing main window
11:58:00.979 [JavaFX Application Thread] DEBUG Logger               - Closing Logger
