11:58:27.391 [main                     ] DEBUG Logger               - Configured Logger
11:58:27.393 [main                     ] DEBUG GameApplication      - Logging settings
Title: Bruhtato
Version: 1.0
Width: 1920
Height: 1080
Fullscreen: false
Intro: false
Profiling: false
Single step:false
App Mode: DEVELOPER
Menu Key: ESCAPE
Stage Style: DECORATED
Scene Factory: class com.almasb.fxgl.app.scene.SceneFactory

11:58:28.240 [JavaFX Application Thread] DEBUG FXGLApplication      - Initializing FXGL
11:58:28.242 [JavaFX Application Thread] INFO  Engine               - FXGL-11.17 (16.07.2021 15.46) on WINDOWS (J:25.0.3 FX:21.0.6)
11:58:28.242 [JavaFX Application Thread] DEBUG Engine               - JRE Vendor Name: Oracle Corporation
11:58:28.242 [JavaFX Application Thread] DEBUG Engine               - Running on OS: Windows 11 version 10.0
11:58:28.242 [JavaFX Application Thread] DEBUG Engine               - Architecture: amd64
11:58:28.243 [JavaFX Application Thread] INFO  Engine               - Source code and latest versions at: https://github.com/AlmasB/FXGL
11:58:28.243 [JavaFX Application Thread] INFO  Engine               -              Join the FXGL chat at: https://gitter.im/AlmasB/FXGL
11:58:28.371 [JavaFX Application Thread] DEBUG PrimaryStageWindow   - Creating a JavaFX scene
11:58:28.371 [JavaFX Application Thread] DEBUG PrimaryStageWindow   - Target size > screen size
11:58:28.422 [JavaFX Application Thread] DEBUG PrimaryStageWindow   - Target settings size: 1920.0 x 1080.0
11:58:28.422 [JavaFX Application Thread] DEBUG PrimaryStageWindow   - Scaled scene size:    1425.0 x 815.0
11:58:28.422 [JavaFX Application Thread] DEBUG PrimaryStageWindow   - Scaled ratio: (0.7421875, 0.7546296296296297)
11:58:28.423 [JavaFX Application Thread] DEBUG PrimaryStageWindow   - Set initial scene to FXGLStartupScene
11:58:28.430 [JavaFX Application Thread] DEBUG PrimaryStageWindow   - Opening main window
11:58:28.594 [JavaFX Application Thread] DEBUG PrimaryStageWindow   - Window border size: (15.0, 37.79998779296875)
11:58:28.594 [JavaFX Application Thread] DEBUG PrimaryStageWindow   - Scaled size: 1425.0 x 815.0
11:58:28.594 [JavaFX Application Thread] DEBUG PrimaryStageWindow   - Scaled ratio: (0.7421875, 0.7546296296296297)
11:58:28.595 [JavaFX Application Thread] DEBUG PrimaryStageWindow   - Scene size: 1425.0 x 815.0
11:58:28.595 [JavaFX Application Thread] DEBUG PrimaryStageWindow   - Stage size: 1440.0 x 852.7999877929688
11:58:28.604 [FXGL Background Thread 1 ] DEBUG Engine               - Initializing environment variables
11:58:28.669 [FXGL Background Thread 1 ] DEBUG FXGLAssetLoaderServi - User app class for loading assets: class BruhTato.BruhTatoApplication
11:58:28.669 [FXGL Background Thread 1 ] DEBUG GameApplicationServi - Applying CSS: fxgl_dark.css
11:58:28.670 [FXGL Background Thread 1 ] DEBUG FXGLAssetLoaderServi - Loading from file system: jar:file:///C:/Users/Ilyan/.m2/repository/com/github/almasb/fxgl/11.17/fxgl-11.17.jar!/fxglassets/ui/css/fxgl_dark.css
11:58:28.730 [FXGL Background Thread 1 ] DEBUG GameApplicationServi - Initializing application scenes
11:58:28.775 [FXGL Background Thread 1 ] DEBUG GameWorld            - Game world initialized
11:58:28.843 [FXGL Background Thread 1 ] DEBUG PhysicsWorld         - Physics world initialized: appHeight=1080, physics.ppm=50.0
11:58:28.843 [FXGL Background Thread 1 ] DEBUG PhysicsWorld         - Using strategy: BRUTE_FORCE
11:58:28.847 [FXGL Background Thread 1 ] DEBUG GameScene            - Game scene initialized: 1920x1080
11:58:28.864 [FXGL Background Thread 1 ] DEBUG FXGL.DefaultMenu     - createMenuBodyGameMenu()
11:58:28.889 [FXGL Background Thread 1 ] DEBUG FXGL.DefaultMenu     - createOptionsMenu()
11:58:28.906 [FXGL Background Thread 1 ] DEBUG FXGLAssetLoaderServi - Loading from file system: jar:file:///C:/Users/Ilyan/.m2/repository/com/github/almasb/fxgl/11.17/fxgl-11.17.jar!/fxglassets/textures/particles/smoke.png
11:58:29.043 [FXGL Background Thread 1 ] DEBUG FXGLAssetLoaderServi - Loading from file system: jar:file:///C:/Users/Ilyan/.m2/repository/com/github/almasb/fxgl/11.17/fxgl-11.17.jar!/fxglassets/textures/particles/trace_horizontal.png
11:58:29.086 [FXGL Background Thread 1 ] DEBUG GameApplicationServi - Application scenes initialized
11:58:29.100 [FXGL Background Thread 1 ] DEBUG SystemBundleService  - Loading FXGL system data
11:58:29.102 [FXGL Background Thread 1 ] DEBUG FileSystemAccess     - Reading from: C:\Users\Ilyan\IdeaProjects\BruhTato\system\fxgl.bundle
11:58:29.106 [FXGL Background Thread 1 ] DEBUG SystemBundleService  - Bundle FXGL: {}
11:58:29.107 [FXGL Background Thread 1 ] DEBUG UpdaterService       - Checking for updates
11:58:29.140 [FXGL Background Thread 4 ] DEBUG FXGLApplication      - Loading fonts
11:58:29.140 [FXGL Background Thread 1 ] DEBUG FXGLApplication      - Loading default localization
11:58:29.141 [FXGL Background Thread 4 ] DEBUG FXGLAssetLoaderServi - Loading from file system: jar:file:///C:/Users/Ilyan/.m2/repository/com/github/almasb/fxgl/11.17/fxgl-11.17.jar!/fxglassets/ui/fonts/VarelaRound-Regular.ttf
11:58:29.141 [FXGL Background Thread 1 ] DEBUG FXGLAssetLoaderServi - Loading from file system: jar:file:///C:/Users/Ilyan/.m2/repository/com/github/almasb/fxgl/11.17/fxgl-11.17.jar!/fxglassets/languages/english.lang
11:58:29.169 [FXGL Background Thread 4 ] DEBUG FXGLAssetLoaderServi - Loading from file system: jar:file:///C:/Users/Ilyan/.m2/repository/com/github/almasb/fxgl/11.17/fxgl-11.17.jar!/fxglassets/ui/fonts/Abel-Regular.ttf
11:58:29.174 [FXGL Background Thread 1 ] INFO  FXGLApplication      - FXGL initialization took: 0.570 sec
11:58:29.176 [FXGL Background Thread 4 ] DEBUG FXGLAssetLoaderServi - Loading from file system: jar:file:///C:/Users/Ilyan/.m2/repository/com/github/almasb/fxgl/11.17/fxgl-11.17.jar!/fxglassets/ui/fonts/lucida_console.ttf
11:58:29.184 [FXGL Background Thread 4 ] DEBUG FXGLAssetLoaderServi - Loading from file system: jar:file:///C:/Users/Ilyan/.m2/repository/com/github/almasb/fxgl/11.17/fxgl-11.17.jar!/fxglassets/ui/fonts/Courier-Prime.ttf
11:58:29.187 [JavaFX Application Thread] DEBUG Input                - Registered new binding: action0 - W
11:58:29.188 [JavaFX Application Thread] DEBUG Input                - Registered new binding: action1 - S
11:58:29.189 [JavaFX Application Thread] DEBUG Input                - Registered new binding: action2 - A
11:58:29.189 [JavaFX Application Thread] DEBUG Input                - Registered new binding: action3 - D
11:58:29.190 [JavaFX Application Thread] DEBUG Input                - Registered new binding: action4 - LMB
11:58:29.191 [JavaFX Application Thread] DEBUG FXGLAssetLoaderServi - Loading from file system: jar:file:///C:/Users/Ilyan/.m2/repository/com/github/almasb/fxgl/11.17/fxgl-11.17.jar!/fxglassets/textures/fxgl_icon.png
11:58:29.218 [JavaFX Application Thread] DEBUG FXGLAssetLoaderServi - Loading from file system: jar:file:///C:/Users/Ilyan/.m2/repository/com/github/almasb/fxgl/11.17/fxgl-11.17.jar!/fxglassets/textures/fxgl_default_cursor.png
11:58:29.221 [JavaFX Application Thread] DEBUG Input                - Registered new binding: Screenshot - CTRL+8
11:58:29.221 [JavaFX Application Thread] DEBUG Input                - Registered new binding: Dev Options - 1
11:58:29.222 [JavaFX Application Thread] DEBUG Input                - Registered new binding: Dev Console - 2
11:58:29.222 [JavaFX Application Thread] DEBUG Input                - Registered new binding: System info dump - CTRL+9
11:58:29.222 [JavaFX Application Thread] DEBUG Input                - Registered new binding: Restart - CTRL+R
11:58:29.224 [JavaFX Application Thread] DEBUG Input                - Registered new binding: Toggle Debug Camera - CTRL+C
11:58:29.229 [JavaFX Application Thread] DEBUG LoopRunner           - Starting loop
11:58:29.248 [JavaFX Application Thread] DEBUG LoopRunner           - Initializing JavaFX AnimationTimerLoop
11:58:29.250 [JavaFX Application Thread] DEBUG GameApplicationServi - Starting new game
11:58:29.250 [JavaFX Application Thread] DEBUG Input                - Clearing active input actions
11:58:29.269 [JavaFX Application Thread] DEBUG GameApplicationServi - Removing overlay from FXGLStartupScene and adding to FXGLLoadingScene
11:58:29.272 [JavaFX Application Thread] DEBUG PrimaryStageWindow   - FXGLStartupScene -> FXGLLoadingScene
11:58:29.273 [JavaFX Application Thread] DEBUG GameApplicationServi - Clearing previous game
11:58:29.273 [JavaFX Application Thread] DEBUG GameScene            - Clearing game scene
11:58:29.273 [JavaFX Application Thread] DEBUG GameWorld            - Clearing game world
11:58:29.273 [JavaFX Application Thread] DEBUG PhysicsWorld         - Clearing physics world
11:58:29.274 [FXGL Background Thread 4 ] DEBUG FXGLApplication      - Initializing game
11:58:29.278 [JavaFX Application Thread] DEBUG FXGLApplication      - Registering font factories with UI factory
11:58:29.303 [FXGL Background Thread 4 ] DEBUG FXGLAssetLoaderServi - Loading from file system: file:/C:/Users/Ilyan/IdeaProjects/BruhTato/target/classes/assets/textures/Bruhtato_FullHealth.png
11:58:29.450 [FXGL Background Thread 4 ] INFO  FXGLApplication      - Game initialization took: 0.175 sec
11:58:29.661 [JavaFX Application Thread] DEBUG Input                - Clearing active input actions
11:58:29.678 [JavaFX Application Thread] DEBUG GameApplicationServi - Removing overlay from FXGLLoadingScene and adding to GameScene
11:58:29.690 [JavaFX Application Thread] DEBUG PrimaryStageWindow   - FXGLLoadingScene -> GameScene
11:58:30.079 [FXGL Background Thread 2 ] INFO  UpdaterService       - Your current version:  11.17
11:58:30.079 [FXGL Background Thread 2 ] INFO  UpdaterService       - Latest stable version: 25
11:58:32.138 [FXGL Background Thread 3 ] DEBUG Engine               - Logging environment variables
11:58:32.138 [FXGL Background Thread 3 ] DEBUG Engine               - achievements: []
11:58:32.138 [FXGL Background Thread 3 ] DEBUG Engine               - actualHeight: 815.0
11:58:32.138 [FXGL Background Thread 3 ] DEBUG Engine               - actualHeightProperty: ReadOnlyDoubleProperty [value: 815.0]
11:58:32.138 [FXGL Background Thread 3 ] DEBUG Engine               - actualWidth: 1425.0
11:58:32.138 [FXGL Background Thread 3 ] DEBUG Engine               - actualWidthProperty: ReadOnlyDoubleProperty [value: 1425.0]
11:58:32.138 [FXGL Background Thread 3 ] DEBUG Engine               - appIcon: fxgl_icon.png
11:58:32.138 [FXGL Background Thread 3 ] DEBUG Engine               - applicationMode: DEVELOPER
11:58:32.138 [FXGL Background Thread 3 ] DEBUG Engine               - cSSList: [fxgl_dark.css]
11:58:32.138 [FXGL Background Thread 3 ] DEBUG Engine               - collisionDetectionStrategy: BRUTE_FORCE
11:58:32.138 [FXGL Background Thread 3 ] DEBUG Engine               - configClass: Optional.empty
11:58:32.138 [FXGL Background Thread 3 ] DEBUG Engine               - credits: []
11:58:32.138 [FXGL Background Thread 3 ] DEBUG Engine               - defaultCursor: CursorInfo(imageName=fxgl_default_cursor.png, hotspotX=7.0, hotspotY=6.0)
11:58:32.139 [FXGL Background Thread 3 ] DEBUG Engine               - devBBoxColorProperty: ObjectProperty [value: 0xff0000ff]
11:58:32.139 [FXGL Background Thread 3 ] DEBUG Engine               - devEnableDebugCameraProperty: BooleanProperty [value: false]
11:58:32.139 [FXGL Background Thread 3 ] DEBUG Engine               - devSensorColorProperty: ObjectProperty [value: 0xffff00ff]
11:58:32.139 [FXGL Background Thread 3 ] DEBUG Engine               - devShowBBoxProperty: BooleanProperty [value: false]
11:58:32.139 [FXGL Background Thread 3 ] DEBUG Engine               - devShowPositionProperty: BooleanProperty [value: false]
11:58:32.139 [FXGL Background Thread 3 ] DEBUG Engine               - enabledMenuItems: []
11:58:32.139 [FXGL Background Thread 3 ] DEBUG Engine               - engineServices: [class com.almasb.fxgl.app.services.FXGLAssetLoaderService, class com.almasb.fxgl.app.FXGLApplication$GameApplicationService, class com.almasb.fxgl.app.services.FXGLDialogService, class com.almasb.fxgl.app.services.IOTaskExecutorService, class com.almasb.fxgl.io.FileSystemService, class com.almasb.fxgl.localization.LocalizationService, class com.almasb.fxgl.app.services.SystemBundleService, class com.almasb.fxgl.profile.SaveLoadService, class com.almasb.fxgl.ui.FXGLUIFactoryServiceProvider, class com.almasb.fxgl.ui.FXGLDialogFactoryServiceProvider, class com.almasb.fxgl.audio.AudioPlayer, class com.almasb.fxgl.notification.impl.NotificationServiceProvider, class com.almasb.fxgl.achievement.AchievementService, class com.almasb.fxgl.cutscene.CutsceneService, class com.almasb.fxgl.minigames.MiniGameService, class com.almasb.fxgl.net.NetService, class com.almasb.fxgl.app.services.UpdaterService, class com.almasb.fxgl.dev.DevService]
11:58:32.139 [FXGL Background Thread 3 ] DEBUG Engine               - fontGame: Abel-Regular.ttf
11:58:32.139 [FXGL Background Thread 3 ] DEBUG Engine               - fontMono: lucida_console.ttf
11:58:32.139 [FXGL Background Thread 3 ] DEBUG Engine               - fontText: Courier-Prime.ttf
11:58:32.139 [FXGL Background Thread 3 ] DEBUG Engine               - fontUI: VarelaRound-Regular.ttf
11:58:32.139 [FXGL Background Thread 3 ] DEBUG Engine               - fullScreen: BooleanProperty [value: false]
11:58:32.139 [FXGL Background Thread 3 ] DEBUG Engine               - gameDifficulty: MEDIUM
11:58:32.139 [FXGL Background Thread 3 ] DEBUG Engine               - gameDifficultyProperty: ObjectProperty [value: MEDIUM]
11:58:32.139 [FXGL Background Thread 3 ] DEBUG Engine               - globalMusicVolume: 0.5
11:58:32.139 [FXGL Background Thread 3 ] DEBUG Engine               - globalMusicVolumeProperty: DoubleProperty [value: 0.5]
11:58:32.139 [FXGL Background Thread 3 ] DEBUG Engine               - globalSoundVolume: 0.5
11:58:32.139 [FXGL Background Thread 3 ] DEBUG Engine               - globalSoundVolumeProperty: DoubleProperty [value: 0.5]
11:58:32.140 [FXGL Background Thread 3 ] DEBUG Engine               - height: 1080
11:58:32.140 [FXGL Background Thread 3 ] DEBUG Engine               - is3D: false
11:58:32.140 [FXGL Background Thread 3 ] DEBUG Engine               - isAndroid: false
11:58:32.140 [FXGL Background Thread 3 ] DEBUG Engine               - isBrowser: false
11:58:32.140 [FXGL Background Thread 3 ] DEBUG Engine               - isClickFeedbackEnabled: false
11:58:32.140 [FXGL Background Thread 3 ] DEBUG Engine               - isCloseConfirmation: false
11:58:32.140 [FXGL Background Thread 3 ] DEBUG Engine               - isDesktop: true
11:58:32.140 [FXGL Background Thread 3 ] DEBUG Engine               - isDeveloperMenuEnabled: true
11:58:32.140 [FXGL Background Thread 3 ] DEBUG Engine               - isEntityPreloadEnabled: true
11:58:32.140 [FXGL Background Thread 3 ] DEBUG Engine               - isExperimentalTiledLargeMap: false
11:58:32.140 [FXGL Background Thread 3 ] DEBUG Engine               - isFileSystemWriteAllowed: true
11:58:32.140 [FXGL Background Thread 3 ] DEBUG Engine               - isFullScreenAllowed: false
11:58:32.140 [FXGL Background Thread 3 ] DEBUG Engine               - isFullScreenFromStart: false
11:58:32.140 [FXGL Background Thread 3 ] DEBUG Engine               - isGameMenuEnabled: true
11:58:32.140 [FXGL Background Thread 3 ] DEBUG Engine               - isIOS: false
11:58:32.140 [FXGL Background Thread 3 ] DEBUG Engine               - isIntroEnabled: false
11:58:32.140 [FXGL Background Thread 3 ] DEBUG Engine               - isLinux: false
11:58:32.140 [FXGL Background Thread 3 ] DEBUG Engine               - isMac: false
11:58:32.140 [FXGL Background Thread 3 ] DEBUG Engine               - isMainMenuEnabled: false
11:58:32.140 [FXGL Background Thread 3 ] DEBUG Engine               - isManualResizeEnabled: false
11:58:32.140 [FXGL Background Thread 3 ] DEBUG Engine               - isMobile: false
11:58:32.140 [FXGL Background Thread 3 ] DEBUG Engine               - isNative: false
11:58:32.140 [FXGL Background Thread 3 ] DEBUG Engine               - isPauseMusicWhenMinimized: true
11:58:32.140 [FXGL Background Thread 3 ] DEBUG Engine               - isPreserveResizeRatio: false
11:58:32.140 [FXGL Background Thread 3 ] DEBUG Engine               - isProfilingEnabled: false
11:58:32.140 [FXGL Background Thread 3 ] DEBUG Engine               - isScaleAffectedOnResize: true
11:58:32.140 [FXGL Background Thread 3 ] DEBUG Engine               - isSingleStep: false
11:58:32.140 [FXGL Background Thread 3 ] DEBUG Engine               - isUserProfileEnabled: false
11:58:32.140 [FXGL Background Thread 3 ] DEBUG Engine               - isWindows: true
11:58:32.140 [FXGL Background Thread 3 ] DEBUG Engine               - language: ObjectProperty [value: ENGLISH]
11:58:32.140 [FXGL Background Thread 3 ] DEBUG Engine               - menuKey: ESCAPE
11:58:32.140 [FXGL Background Thread 3 ] DEBUG Engine               - mouseSensitivity: 0.2
11:58:32.140 [FXGL Background Thread 3 ] DEBUG Engine               - notificationViewClass: class com.almasb.fxgl.notification.view.XboxNotificationView
11:58:32.141 [FXGL Background Thread 3 ] DEBUG Engine               - pixelsPerMeter: 50.0
11:58:32.141 [FXGL Background Thread 3 ] DEBUG Engine               - platform: WINDOWS
11:58:32.141 [FXGL Background Thread 3 ] DEBUG Engine               - prefHeightProperty: ReadOnlyDoubleProperty [value: 1080.0]
11:58:32.141 [FXGL Background Thread 3 ] DEBUG Engine               - prefWidthProperty: ReadOnlyDoubleProperty [value: 1920.0]
11:58:32.141 [FXGL Background Thread 3 ] DEBUG Engine               - profileDir: profiles/
11:58:32.141 [FXGL Background Thread 3 ] DEBUG Engine               - profileName: StringProperty [value: DEFAULT]
11:58:32.141 [FXGL Background Thread 3 ] DEBUG Engine               - randomSeed: -1
11:58:32.141 [FXGL Background Thread 3 ] DEBUG Engine               - runtimeInfo: RuntimeInfo(platform=WINDOWS, version=11.17, build=16.07.2021 15.46)
11:58:32.141 [FXGL Background Thread 3 ] DEBUG Engine               - saveFileExt: sav
11:58:32.141 [FXGL Background Thread 3 ] DEBUG Engine               - scaledHeightProp$fxgl: DoubleProperty [bound, value: 815.0]
11:58:32.141 [FXGL Background Thread 3 ] DEBUG Engine               - scaledWidthProp$fxgl: DoubleProperty [bound, value: 1425.0]
11:58:32.141 [FXGL Background Thread 3 ] DEBUG Engine               - sceneFactory: com.almasb.fxgl.app.scene.SceneFactory@64cd993a
11:58:32.141 [FXGL Background Thread 3 ] DEBUG Engine               - secondsIn24h: 60
11:58:32.141 [FXGL Background Thread 3 ] DEBUG Engine               - soundMenuBack: menu/back.wav
11:58:32.141 [FXGL Background Thread 3 ] DEBUG Engine               - soundMenuPress: menu/press.wav
11:58:32.141 [FXGL Background Thread 3 ] DEBUG Engine               - soundMenuSelect: menu/select.wav
11:58:32.141 [FXGL Background Thread 3 ] DEBUG Engine               - soundNotification: core/notification.wav
11:58:32.141 [FXGL Background Thread 3 ] DEBUG Engine               - stageStyle: DECORATED
11:58:32.141 [FXGL Background Thread 3 ] DEBUG Engine               - supportedLanguages: [ENGLISH, FRENCH, GERMAN, HUNGARIAN, RUSSIAN]
11:58:32.141 [FXGL Background Thread 3 ] DEBUG Engine               - ticksPerSecond: -1
11:58:32.141 [FXGL Background Thread 3 ] DEBUG Engine               - title: Bruhtato
11:58:32.141 [FXGL Background Thread 3 ] DEBUG Engine               - urlGithub: https://github.com/AlmasB/FXGL
11:58:32.141 [FXGL Background Thread 3 ] DEBUG Engine               - urlLeaderboard: http://fxgl-top.herokuapp.com/
11:58:32.141 [FXGL Background Thread 3 ] DEBUG Engine               - urlPOM: https://raw.githubusercontent.com/AlmasB/FXGL/release/README.md
11:58:32.141 [FXGL Background Thread 3 ] DEBUG Engine               - userAppClass: class BruhTato.BruhTatoApplication
11:58:32.141 [FXGL Background Thread 3 ] DEBUG Engine               - version: 1.0
11:58:32.141 [FXGL Background Thread 3 ] DEBUG Engine               - versionCheckDays: 7
11:58:32.141 [FXGL Background Thread 3 ] DEBUG Engine               - width: 1920
11:58:32.141 [FXGL Background Thread 3 ] DEBUG Engine               - Logging services
11:58:32.141 [FXGL Background Thread 3 ] DEBUG Engine               - class com.almasb.fxgl.app.services.FXGLAssetLoaderService
11:58:32.141 [FXGL Background Thread 3 ] DEBUG Engine               - class com.almasb.fxgl.app.FXGLApplication$GameApplicationService
11:58:32.141 [FXGL Background Thread 3 ] DEBUG Engine               - class com.almasb.fxgl.app.services.FXGLDialogService
11:58:32.141 [FXGL Background Thread 3 ] DEBUG Engine               - class com.almasb.fxgl.app.services.IOTaskExecutorService
11:58:32.141 [FXGL Background Thread 3 ] DEBUG Engine               - class com.almasb.fxgl.io.FileSystemService
11:58:32.141 [FXGL Background Thread 3 ] DEBUG Engine               - class com.almasb.fxgl.localization.LocalizationService
11:58:32.141 [FXGL Background Thread 3 ] DEBUG Engine               - class com.almasb.fxgl.app.services.SystemBundleService
11:58:32.141 [FXGL Background Thread 3 ] DEBUG Engine               - class com.almasb.fxgl.profile.SaveLoadService
11:58:32.141 [FXGL Background Thread 3 ] DEBUG Engine               - class com.almasb.fxgl.ui.FXGLUIFactoryServiceProvider
11:58:32.141 [FXGL Background Thread 3 ] DEBUG Engine               - class com.almasb.fxgl.ui.FXGLDialogFactoryServiceProvider
11:58:32.141 [FXGL Background Thread 3 ] DEBUG Engine               - class com.almasb.fxgl.audio.AudioPlayer
11:58:32.141 [FXGL Background Thread 3 ] DEBUG Engine               - class com.almasb.fxgl.notification.impl.NotificationServiceProvider
11:58:32.141 [FXGL Background Thread 3 ] DEBUG Engine               - class com.almasb.fxgl.achievement.AchievementService
11:58:32.141 [FXGL Background Thread 3 ] DEBUG Engine               - class com.almasb.fxgl.cutscene.CutsceneService
11:58:32.141 [FXGL Background Thread 3 ] DEBUG Engine               - class com.almasb.fxgl.minigames.MiniGameService
11:58:32.141 [FXGL Background Thread 3 ] DEBUG Engine               - class com.almasb.fxgl.net.NetService
11:58:32.141 [FXGL Background Thread 3 ] DEBUG Engine               - class com.almasb.fxgl.app.services.UpdaterService
11:58:32.141 [FXGL Background Thread 3 ] DEBUG Engine               - class com.almasb.fxgl.dev.DevService
11:58:45.508 [JavaFX Application Thread] DEBUG FXGLApplication      - Exiting FXGL
11:58:45.508 [JavaFX Application Thread] DEBUG LoopRunner           - Stopping loop
11:58:45.508 [JavaFX Application Thread] DEBUG SystemBundleService  - Saving FXGL system data
11:58:45.510 [JavaFX Application Thread] DEBUG FileSystemAccess     - Writing to: C:\Users\Ilyan\IdeaProjects\BruhTato\system\fxgl.bundle
11:58:45.510 [JavaFX Application Thread] DEBUG Async                - Shutting down background threads
11:58:45.510 [JavaFX Application Thread] DEBUG PrimaryStageWindow   - Closing main window
11:58:45.525 [JavaFX Application Thread] DEBUG Logger               - Closing Logger
