15:01:32.417 [main                     ] DEBUG Logger               - Configured Logger
15:01:32.419 [main                     ] DEBUG GameApplication      - Logging settings
Title: Bruhtato
Version: 1.0
Width: 1920
Height: 1080
Fullscreen: false
Intro: false
Profiling: false
Single step:false
App Mode: DEVELOPER
Menu Key: ESCAPE
Stage Style: DECORATED
Scene Factory: class com.almasb.fxgl.app.scene.SceneFactory

15:01:33.127 [JavaFX Application Thread] DEBUG FXGLApplication      - Initializing FXGL
15:01:33.128 [JavaFX Application Thread] INFO  Engine               - FXGL-11.17 (16.07.2021 15.46) on WINDOWS (J:25.0.3 FX:21.0.6)
15:01:33.128 [JavaFX Application Thread] DEBUG Engine               - JRE Vendor Name: Oracle Corporation
15:01:33.128 [JavaFX Application Thread] DEBUG Engine               - Running on OS: Windows 11 version 10.0
15:01:33.128 [JavaFX Application Thread] DEBUG Engine               - Architecture: amd64
15:01:33.128 [JavaFX Application Thread] INFO  Engine               - Source code and latest versions at: https://github.com/AlmasB/FXGL
15:01:33.128 [JavaFX Application Thread] INFO  Engine               -              Join the FXGL chat at: https://gitter.im/AlmasB/FXGL
15:01:33.226 [JavaFX Application Thread] DEBUG PrimaryStageWindow   - Creating a JavaFX scene
15:01:33.226 [JavaFX Application Thread] DEBUG PrimaryStageWindow   - Target size > screen size
15:01:33.275 [JavaFX Application Thread] DEBUG PrimaryStageWindow   - Target settings size: 1920.0 x 1080.0
15:01:33.275 [JavaFX Application Thread] DEBUG PrimaryStageWindow   - Scaled scene size:    1425.0 x 815.0
15:01:33.275 [JavaFX Application Thread] DEBUG PrimaryStageWindow   - Scaled ratio: (0.7421875, 0.7546296296296297)
15:01:33.275 [JavaFX Application Thread] DEBUG PrimaryStageWindow   - Set initial scene to FXGLStartupScene
15:01:33.277 [JavaFX Application Thread] DEBUG PrimaryStageWindow   - Opening main window
15:01:33.392 [JavaFX Application Thread] DEBUG PrimaryStageWindow   - Window border size: (15.0, 37.79998779296875)
15:01:33.392 [JavaFX Application Thread] DEBUG PrimaryStageWindow   - Scaled size: 1425.0 x 815.0
15:01:33.392 [JavaFX Application Thread] DEBUG PrimaryStageWindow   - Scaled ratio: (0.7421875, 0.7546296296296297)
15:01:33.392 [JavaFX Application Thread] DEBUG PrimaryStageWindow   - Scene size: 1425.0 x 815.0
15:01:33.392 [JavaFX Application Thread] DEBUG PrimaryStageWindow   - Stage size: 1440.0 x 852.7999877929688
15:01:33.401 [FXGL Background Thread 1 ] DEBUG Engine               - Initializing environment variables
15:01:33.449 [FXGL Background Thread 1 ] DEBUG FXGLAssetLoaderServi - User app class for loading assets: class BruhTato.BruhTatoApplication
15:01:33.449 [FXGL Background Thread 1 ] DEBUG GameApplicationServi - Applying CSS: fxgl_dark.css
15:01:33.450 [FXGL Background Thread 1 ] DEBUG FXGLAssetLoaderServi - Loading from file system: jar:file:///C:/Users/Ilyan/.m2/repository/com/github/almasb/fxgl/11.17/fxgl-11.17.jar!/fxglassets/ui/css/fxgl_dark.css
15:01:33.495 [FXGL Background Thread 1 ] DEBUG GameApplicationServi - Initializing application scenes
15:01:33.530 [FXGL Background Thread 1 ] DEBUG GameWorld            - Game world initialized
15:01:33.575 [FXGL Background Thread 1 ] DEBUG PhysicsWorld         - Physics world initialized: appHeight=1080, physics.ppm=50.0
15:01:33.575 [FXGL Background Thread 1 ] DEBUG PhysicsWorld         - Using strategy: BRUTE_FORCE
15:01:33.578 [FXGL Background Thread 1 ] DEBUG GameScene            - Game scene initialized: 1920x1080
15:01:33.590 [FXGL Background Thread 1 ] DEBUG FXGL.DefaultMenu     - createMenuBodyGameMenu()
15:01:33.601 [FXGL Background Thread 1 ] DEBUG FXGL.DefaultMenu     - createOptionsMenu()
15:01:33.612 [FXGL Background Thread 1 ] DEBUG FXGLAssetLoaderServi - Loading from file system: jar:file:///C:/Users/Ilyan/.m2/repository/com/github/almasb/fxgl/11.17/fxgl-11.17.jar!/fxglassets/textures/particles/smoke.png
15:01:33.690 [FXGL Background Thread 1 ] DEBUG FXGLAssetLoaderServi - Loading from file system: jar:file:///C:/Users/Ilyan/.m2/repository/com/github/almasb/fxgl/11.17/fxgl-11.17.jar!/fxglassets/textures/particles/trace_horizontal.png
15:01:33.720 [FXGL Background Thread 1 ] DEBUG GameApplicationServi - Application scenes initialized
15:01:33.730 [FXGL Background Thread 1 ] DEBUG SystemBundleService  - Loading FXGL system data
15:01:33.731 [FXGL Background Thread 1 ] DEBUG FileSystemAccess     - Reading from: C:\Users\Ilyan\IdeaProjects\BruhTato\system\fxgl.bundle
15:01:33.733 [FXGL Background Thread 1 ] DEBUG SystemBundleService  - Bundle FXGL: {}
15:01:33.733 [FXGL Background Thread 1 ] DEBUG UpdaterService       - Checking for updates
15:01:33.758 [FXGL Background Thread 4 ] DEBUG FXGLApplication      - Loading fonts
15:01:33.758 [FXGL Background Thread 1 ] DEBUG FXGLApplication      - Loading default localization
15:01:33.759 [FXGL Background Thread 1 ] DEBUG FXGLAssetLoaderServi - Loading from file system: jar:file:///C:/Users/Ilyan/.m2/repository/com/github/almasb/fxgl/11.17/fxgl-11.17.jar!/fxglassets/languages/english.lang
15:01:33.758 [FXGL Background Thread 4 ] DEBUG FXGLAssetLoaderServi - Loading from file system: jar:file:///C:/Users/Ilyan/.m2/repository/com/github/almasb/fxgl/11.17/fxgl-11.17.jar!/fxglassets/ui/fonts/VarelaRound-Regular.ttf
15:01:33.781 [FXGL Background Thread 4 ] DEBUG FXGLAssetLoaderServi - Loading from file system: jar:file:///C:/Users/Ilyan/.m2/repository/com/github/almasb/fxgl/11.17/fxgl-11.17.jar!/fxglassets/ui/fonts/Abel-Regular.ttf
15:01:33.786 [FXGL Background Thread 1 ] INFO  FXGLApplication      - FXGL initialization took: 0.385 sec
15:01:33.789 [FXGL Background Thread 4 ] DEBUG FXGLAssetLoaderServi - Loading from file system: jar:file:///C:/Users/Ilyan/.m2/repository/com/github/almasb/fxgl/11.17/fxgl-11.17.jar!/fxglassets/ui/fonts/lucida_console.ttf
15:01:33.794 [FXGL Background Thread 4 ] DEBUG FXGLAssetLoaderServi - Loading from file system: jar:file:///C:/Users/Ilyan/.m2/repository/com/github/almasb/fxgl/11.17/fxgl-11.17.jar!/fxglassets/ui/fonts/Courier-Prime.ttf
15:01:33.794 [JavaFX Application Thread] DEBUG Input                - Registered new binding: action0 - W
15:01:33.795 [JavaFX Application Thread] DEBUG Input                - Registered new binding: action1 - S
15:01:33.795 [JavaFX Application Thread] DEBUG Input                - Registered new binding: action2 - A
15:01:33.795 [JavaFX Application Thread] DEBUG Input                - Registered new binding: action3 - D
15:01:33.797 [JavaFX Application Thread] DEBUG FXGLAssetLoaderServi - Loading from file system: jar:file:///C:/Users/Ilyan/.m2/repository/com/github/almasb/fxgl/11.17/fxgl-11.17.jar!/fxglassets/textures/fxgl_icon.png
15:01:33.821 [JavaFX Application Thread] DEBUG FXGLAssetLoaderServi - Loading from file system: jar:file:///C:/Users/Ilyan/.m2/repository/com/github/almasb/fxgl/11.17/fxgl-11.17.jar!/fxglassets/textures/fxgl_default_cursor.png
15:01:33.822 [JavaFX Application Thread] DEBUG Input                - Registered new binding: Screenshot - CTRL+8
15:01:33.822 [JavaFX Application Thread] DEBUG Input                - Registered new binding: Dev Options - 1
15:01:33.823 [JavaFX Application Thread] DEBUG Input                - Registered new binding: Dev Console - 2
15:01:33.823 [JavaFX Application Thread] DEBUG Input                - Registered new binding: System info dump - CTRL+9
15:01:33.823 [JavaFX Application Thread] DEBUG Input                - Registered new binding: Restart - CTRL+R
15:01:33.823 [JavaFX Application Thread] DEBUG Input                - Registered new binding: Toggle Debug Camera - CTRL+C
15:01:33.825 [JavaFX Application Thread] DEBUG LoopRunner           - Starting loop
15:01:33.838 [JavaFX Application Thread] DEBUG LoopRunner           - Initializing JavaFX AnimationTimerLoop
15:01:33.839 [JavaFX Application Thread] DEBUG GameApplicationServi - Starting new game
15:01:33.840 [JavaFX Application Thread] DEBUG Input                - Clearing active input actions
15:01:33.853 [JavaFX Application Thread] DEBUG GameApplicationServi - Removing overlay from FXGLStartupScene and adding to FXGLLoadingScene
15:01:33.857 [JavaFX Application Thread] DEBUG PrimaryStageWindow   - FXGLStartupScene -> FXGLLoadingScene
15:01:33.857 [JavaFX Application Thread] DEBUG GameApplicationServi - Clearing previous game
15:01:33.857 [JavaFX Application Thread] DEBUG GameScene            - Clearing game scene
15:01:33.857 [JavaFX Application Thread] DEBUG GameWorld            - Clearing game world
15:01:33.857 [JavaFX Application Thread] DEBUG PhysicsWorld         - Clearing physics world
15:01:33.858 [FXGL Background Thread 4 ] DEBUG FXGLApplication      - Initializing game
15:01:33.858 [JavaFX Application Thread] DEBUG FXGLApplication      - Registering font factories with UI factory
15:01:33.879 [FXGL Background Thread 4 ] DEBUG FXGLAssetLoaderServi - Loading from file system: file:/C:/Users/Ilyan/IdeaProjects/BruhTato/target/classes/assets/textures/Bruhtato_FullHealth.png
15:01:33.961 [FXGL Background Thread 4 ] INFO  FXGLApplication      - Game initialization took: 0.103 sec
15:01:34.073 [JavaFX Application Thread] DEBUG Input                - Clearing active input actions
15:01:34.080 [JavaFX Application Thread] DEBUG GameApplicationServi - Removing overlay from FXGLLoadingScene and adding to GameScene
15:01:34.088 [JavaFX Application Thread] DEBUG PrimaryStageWindow   - FXGLLoadingScene -> GameScene
15:01:36.759 [FXGL Background Thread 3 ] DEBUG Engine               - Logging environment variables
15:01:36.759 [FXGL Background Thread 3 ] DEBUG Engine               - achievements: []
15:01:36.759 [FXGL Background Thread 3 ] DEBUG Engine               - actualHeight: 815.0
15:01:36.760 [FXGL Background Thread 3 ] DEBUG Engine               - actualHeightProperty: ReadOnlyDoubleProperty [value: 815.0]
15:01:36.760 [FXGL Background Thread 3 ] DEBUG Engine               - actualWidth: 1425.0
15:01:36.760 [FXGL Background Thread 3 ] DEBUG Engine               - actualWidthProperty: ReadOnlyDoubleProperty [value: 1425.0]
15:01:36.760 [FXGL Background Thread 3 ] DEBUG Engine               - appIcon: fxgl_icon.png
15:01:36.760 [FXGL Background Thread 3 ] DEBUG Engine               - applicationMode: DEVELOPER
15:01:36.760 [FXGL Background Thread 3 ] DEBUG Engine               - cSSList: [fxgl_dark.css]
15:01:36.760 [FXGL Background Thread 3 ] DEBUG Engine               - collisionDetectionStrategy: BRUTE_FORCE
15:01:36.762 [FXGL Background Thread 3 ] DEBUG Engine               - configClass: Optional.empty
15:01:36.762 [FXGL Background Thread 3 ] DEBUG Engine               - credits: []
15:01:36.762 [FXGL Background Thread 3 ] DEBUG Engine               - defaultCursor: CursorInfo(imageName=fxgl_default_cursor.png, hotspotX=7.0, hotspotY=6.0)
15:01:36.762 [FXGL Background Thread 3 ] DEBUG Engine               - devBBoxColorProperty: ObjectProperty [value: 0xff0000ff]
15:01:36.762 [FXGL Background Thread 3 ] DEBUG Engine               - devEnableDebugCameraProperty: BooleanProperty [value: false]
15:01:36.762 [FXGL Background Thread 3 ] DEBUG Engine               - devSensorColorProperty: ObjectProperty [value: 0xffff00ff]
15:01:36.762 [FXGL Background Thread 3 ] DEBUG Engine               - devShowBBoxProperty: BooleanProperty [value: false]
15:01:36.762 [FXGL Background Thread 3 ] DEBUG Engine               - devShowPositionProperty: BooleanProperty [value: false]
15:01:36.763 [FXGL Background Thread 3 ] DEBUG Engine               - enabledMenuItems: []
15:01:36.763 [FXGL Background Thread 3 ] DEBUG Engine               - engineServices: [class com.almasb.fxgl.app.services.FXGLAssetLoaderService, class com.almasb.fxgl.app.FXGLApplication$GameApplicationService, class com.almasb.fxgl.app.services.FXGLDialogService, class com.almasb.fxgl.app.services.IOTaskExecutorService, class com.almasb.fxgl.io.FileSystemService, class com.almasb.fxgl.localization.LocalizationService, class com.almasb.fxgl.app.services.SystemBundleService, class com.almasb.fxgl.profile.SaveLoadService, class com.almasb.fxgl.ui.FXGLUIFactoryServiceProvider, class com.almasb.fxgl.ui.FXGLDialogFactoryServiceProvider, class com.almasb.fxgl.audio.AudioPlayer, class com.almasb.fxgl.notification.impl.NotificationServiceProvider, class com.almasb.fxgl.achievement.AchievementService, class com.almasb.fxgl.cutscene.CutsceneService, class com.almasb.fxgl.minigames.MiniGameService, class com.almasb.fxgl.net.NetService, class com.almasb.fxgl.app.services.UpdaterService, class com.almasb.fxgl.dev.DevService]
15:01:36.763 [FXGL Background Thread 3 ] DEBUG Engine               - fontGame: Abel-Regular.ttf
15:01:36.763 [FXGL Background Thread 3 ] DEBUG Engine               - fontMono: lucida_console.ttf
15:01:36.763 [FXGL Background Thread 3 ] DEBUG Engine               - fontText: Courier-Prime.ttf
15:01:36.763 [FXGL Background Thread 3 ] DEBUG Engine               - fontUI: VarelaRound-Regular.ttf
15:01:36.763 [FXGL Background Thread 3 ] DEBUG Engine               - fullScreen: BooleanProperty [value: false]
15:01:36.763 [FXGL Background Thread 3 ] DEBUG Engine               - gameDifficulty: MEDIUM
15:01:36.763 [FXGL Background Thread 3 ] DEBUG Engine               - gameDifficultyProperty: ObjectProperty [value: MEDIUM]
15:01:36.763 [FXGL Background Thread 3 ] DEBUG Engine               - globalMusicVolume: 0.5
15:01:36.764 [FXGL Background Thread 3 ] DEBUG Engine               - globalMusicVolumeProperty: DoubleProperty [value: 0.5]
15:01:36.764 [FXGL Background Thread 3 ] DEBUG Engine               - globalSoundVolume: 0.5
15:01:36.764 [FXGL Background Thread 3 ] DEBUG Engine               - globalSoundVolumeProperty: DoubleProperty [value: 0.5]
15:01:36.764 [FXGL Background Thread 3 ] DEBUG Engine               - height: 1080
15:01:36.764 [FXGL Background Thread 3 ] DEBUG Engine               - is3D: false
15:01:36.764 [FXGL Background Thread 3 ] DEBUG Engine               - isAndroid: false
15:01:36.764 [FXGL Background Thread 3 ] DEBUG Engine               - isBrowser: false
15:01:36.765 [FXGL Background Thread 3 ] DEBUG Engine               - isClickFeedbackEnabled: false
15:01:36.765 [FXGL Background Thread 3 ] DEBUG Engine               - isCloseConfirmation: false
15:01:36.765 [FXGL Background Thread 3 ] DEBUG Engine               - isDesktop: true
15:01:36.765 [FXGL Background Thread 3 ] DEBUG Engine               - isDeveloperMenuEnabled: true
15:01:36.765 [FXGL Background Thread 3 ] DEBUG Engine               - isEntityPreloadEnabled: true
15:01:36.765 [FXGL Background Thread 3 ] DEBUG Engine               - isExperimentalTiledLargeMap: false
15:01:36.765 [FXGL Background Thread 3 ] DEBUG Engine               - isFileSystemWriteAllowed: true
15:01:36.765 [FXGL Background Thread 3 ] DEBUG Engine               - isFullScreenAllowed: false
15:01:36.765 [FXGL Background Thread 3 ] DEBUG Engine               - isFullScreenFromStart: false
15:01:36.766 [FXGL Background Thread 3 ] DEBUG Engine               - isGameMenuEnabled: true
15:01:36.766 [FXGL Background Thread 3 ] DEBUG Engine               - isIOS: false
15:01:36.766 [FXGL Background Thread 3 ] DEBUG Engine               - isIntroEnabled: false
15:01:36.766 [FXGL Background Thread 3 ] DEBUG Engine               - isLinux: false
15:01:36.766 [FXGL Background Thread 3 ] DEBUG Engine               - isMac: false
15:01:36.766 [FXGL Background Thread 3 ] DEBUG Engine               - isMainMenuEnabled: false
15:01:36.766 [FXGL Background Thread 3 ] DEBUG Engine               - isManualResizeEnabled: false
15:01:36.766 [FXGL Background Thread 3 ] DEBUG Engine               - isMobile: false
15:01:36.766 [FXGL Background Thread 3 ] DEBUG Engine               - isNative: false
15:01:36.766 [FXGL Background Thread 3 ] DEBUG Engine               - isPauseMusicWhenMinimized: true
15:01:36.767 [FXGL Background Thread 3 ] DEBUG Engine               - isPreserveResizeRatio: false
15:01:36.767 [FXGL Background Thread 3 ] DEBUG Engine               - isProfilingEnabled: false
15:01:36.767 [FXGL Background Thread 3 ] DEBUG Engine               - isScaleAffectedOnResize: true
15:01:36.767 [FXGL Background Thread 3 ] DEBUG Engine               - isSingleStep: false
15:01:36.767 [FXGL Background Thread 3 ] DEBUG Engine               - isUserProfileEnabled: false
15:01:36.767 [FXGL Background Thread 3 ] DEBUG Engine               - isWindows: true
15:01:36.767 [FXGL Background Thread 3 ] DEBUG Engine               - language: ObjectProperty [value: ENGLISH]
15:01:36.767 [FXGL Background Thread 3 ] DEBUG Engine               - menuKey: ESCAPE
15:01:36.768 [FXGL Background Thread 3 ] DEBUG Engine               - mouseSensitivity: 0.2
15:01:36.768 [FXGL Background Thread 3 ] DEBUG Engine               - notificationViewClass: class com.almasb.fxgl.notification.view.XboxNotificationView
15:01:36.768 [FXGL Background Thread 3 ] DEBUG Engine               - pixelsPerMeter: 50.0
15:01:36.768 [FXGL Background Thread 3 ] DEBUG Engine               - platform: WINDOWS
15:01:36.768 [FXGL Background Thread 3 ] DEBUG Engine               - prefHeightProperty: ReadOnlyDoubleProperty [value: 1080.0]
15:01:36.768 [FXGL Background Thread 3 ] DEBUG Engine               - prefWidthProperty: ReadOnlyDoubleProperty [value: 1920.0]
15:01:36.768 [FXGL Background Thread 3 ] DEBUG Engine               - profileDir: profiles/
15:01:36.768 [FXGL Background Thread 3 ] DEBUG Engine               - profileName: StringProperty [value: DEFAULT]
15:01:36.768 [FXGL Background Thread 3 ] DEBUG Engine               - randomSeed: -1
15:01:36.769 [FXGL Background Thread 3 ] DEBUG Engine               - runtimeInfo: RuntimeInfo(platform=WINDOWS, version=11.17, build=16.07.2021 15.46)
15:01:36.769 [FXGL Background Thread 3 ] DEBUG Engine               - saveFileExt: sav
15:01:36.769 [FXGL Background Thread 3 ] DEBUG Engine               - scaledHeightProp$fxgl: DoubleProperty [bound, value: 815.0]
15:01:36.769 [FXGL Background Thread 3 ] DEBUG Engine               - scaledWidthProp$fxgl: DoubleProperty [bound, value: 1425.0]
15:01:36.769 [FXGL Background Thread 3 ] DEBUG Engine               - sceneFactory: com.almasb.fxgl.app.scene.SceneFactory@64c4e9f3
15:01:36.769 [FXGL Background Thread 3 ] DEBUG Engine               - secondsIn24h: 60
15:01:36.769 [FXGL Background Thread 3 ] DEBUG Engine               - soundMenuBack: menu/back.wav
15:01:36.769 [FXGL Background Thread 3 ] DEBUG Engine               - soundMenuPress: menu/press.wav
15:01:36.769 [FXGL Background Thread 3 ] DEBUG Engine               - soundMenuSelect: menu/select.wav
15:01:36.769 [FXGL Background Thread 3 ] DEBUG Engine               - soundNotification: core/notification.wav
15:01:36.769 [FXGL Background Thread 3 ] DEBUG Engine               - stageStyle: DECORATED
15:01:36.769 [FXGL Background Thread 3 ] DEBUG Engine               - supportedLanguages: [ENGLISH, FRENCH, GERMAN, HUNGARIAN, RUSSIAN]
15:01:36.769 [FXGL Background Thread 3 ] DEBUG Engine               - ticksPerSecond: -1
15:01:36.770 [FXGL Background Thread 3 ] DEBUG Engine               - title: Bruhtato
15:01:36.770 [FXGL Background Thread 3 ] DEBUG Engine               - urlGithub: https://github.com/AlmasB/FXGL
15:01:36.770 [FXGL Background Thread 3 ] DEBUG Engine               - urlLeaderboard: http://fxgl-top.herokuapp.com/
15:01:36.770 [FXGL Background Thread 3 ] DEBUG Engine               - urlPOM: https://raw.githubusercontent.com/AlmasB/FXGL/release/README.md
15:01:36.770 [FXGL Background Thread 3 ] DEBUG Engine               - userAppClass: class BruhTato.BruhTatoApplication
15:01:36.770 [FXGL Background Thread 3 ] DEBUG Engine               - version: 1.0
15:01:36.770 [FXGL Background Thread 3 ] DEBUG Engine               - versionCheckDays: 7
15:01:36.770 [FXGL Background Thread 3 ] DEBUG Engine               - width: 1920
15:01:36.770 [FXGL Background Thread 3 ] DEBUG Engine               - Logging services
15:01:36.770 [FXGL Background Thread 3 ] DEBUG Engine               - class com.almasb.fxgl.app.services.FXGLAssetLoaderService
15:01:36.770 [FXGL Background Thread 3 ] DEBUG Engine               - class com.almasb.fxgl.app.FXGLApplication$GameApplicationService
15:01:36.770 [FXGL Background Thread 3 ] DEBUG Engine               - class com.almasb.fxgl.app.services.FXGLDialogService
15:01:36.770 [FXGL Background Thread 3 ] DEBUG Engine               - class com.almasb.fxgl.app.services.IOTaskExecutorService
15:01:36.770 [FXGL Background Thread 3 ] DEBUG Engine               - class com.almasb.fxgl.io.FileSystemService
15:01:36.770 [FXGL Background Thread 3 ] DEBUG Engine               - class com.almasb.fxgl.localization.LocalizationService
15:01:36.770 [FXGL Background Thread 3 ] DEBUG Engine               - class com.almasb.fxgl.app.services.SystemBundleService
15:01:36.770 [FXGL Background Thread 3 ] DEBUG Engine               - class com.almasb.fxgl.profile.SaveLoadService
15:01:36.770 [FXGL Background Thread 3 ] DEBUG Engine               - class com.almasb.fxgl.ui.FXGLUIFactoryServiceProvider
15:01:36.770 [FXGL Background Thread 3 ] DEBUG Engine               - class com.almasb.fxgl.ui.FXGLDialogFactoryServiceProvider
15:01:36.770 [FXGL Background Thread 3 ] DEBUG Engine               - class com.almasb.fxgl.audio.AudioPlayer
15:01:36.771 [FXGL Background Thread 3 ] DEBUG Engine               - class com.almasb.fxgl.notification.impl.NotificationServiceProvider
15:01:36.771 [FXGL Background Thread 3 ] DEBUG Engine               - class com.almasb.fxgl.achievement.AchievementService
15:01:36.771 [FXGL Background Thread 3 ] DEBUG Engine               - class com.almasb.fxgl.cutscene.CutsceneService
15:01:36.771 [FXGL Background Thread 3 ] DEBUG Engine               - class com.almasb.fxgl.minigames.MiniGameService
15:01:36.771 [FXGL Background Thread 3 ] DEBUG Engine               - class com.almasb.fxgl.net.NetService
15:01:36.771 [FXGL Background Thread 3 ] DEBUG Engine               - class com.almasb.fxgl.app.services.UpdaterService
15:01:36.771 [FXGL Background Thread 3 ] DEBUG Engine               - class com.almasb.fxgl.dev.DevService
15:01:49.232 [JavaFX Application Thread] DEBUG FXGLApplication      - Exiting FXGL
15:01:49.233 [JavaFX Application Thread] DEBUG LoopRunner           - Stopping loop
15:01:49.233 [JavaFX Application Thread] DEBUG SystemBundleService  - Saving FXGL system data
15:01:49.234 [JavaFX Application Thread] DEBUG FileSystemAccess     - Writing to: C:\Users\Ilyan\IdeaProjects\BruhTato\system\fxgl.bundle
15:01:49.235 [JavaFX Application Thread] DEBUG Async                - Shutting down background threads
15:01:49.235 [JavaFX Application Thread] DEBUG PrimaryStageWindow   - Closing main window
15:01:49.252 [JavaFX Application Thread] DEBUG Logger               - Closing Logger
