11:55:01.898 [main                     ] DEBUG Logger               - Configured Logger
11:55:01.899 [main                     ] DEBUG GameApplication      - Logging settings
Title: Bruhtato
Version: 1.0
Width: 800
Height: 600
Fullscreen: false
Intro: false
Profiling: false
Single step:false
App Mode: DEVELOPER
Menu Key: ESCAPE
Stage Style: DECORATED
Scene Factory: class com.almasb.fxgl.app.scene.SceneFactory

11:55:02.654 [JavaFX Application Thread] DEBUG FXGLApplication      - Initializing FXGL
11:55:02.657 [JavaFX Application Thread] INFO  Engine               - FXGL-11.17 (16.07.2021 15.46) on WINDOWS (J:25.0.3 FX:21.0.6)
11:55:02.657 [JavaFX Application Thread] DEBUG Engine               - JRE Vendor Name: Oracle Corporation
11:55:02.657 [JavaFX Application Thread] DEBUG Engine               - Running on OS: Windows 11 version 10.0
11:55:02.657 [JavaFX Application Thread] DEBUG Engine               - Architecture: amd64
11:55:02.658 [JavaFX Application Thread] INFO  Engine               - Source code and latest versions at: https://github.com/AlmasB/FXGL
11:55:02.658 [JavaFX Application Thread] INFO  Engine               -              Join the FXGL chat at: https://gitter.im/AlmasB/FXGL
11:55:02.756 [JavaFX Application Thread] DEBUG PrimaryStageWindow   - Creating a JavaFX scene
11:55:02.796 [JavaFX Application Thread] DEBUG PrimaryStageWindow   - Target settings size: 800.0 x 600.0
11:55:02.796 [JavaFX Application Thread] DEBUG PrimaryStageWindow   - Scaled scene size:    800.0 x 600.0
11:55:02.796 [JavaFX Application Thread] DEBUG PrimaryStageWindow   - Scaled ratio: (1.0, 1.0)
11:55:02.797 [JavaFX Application Thread] DEBUG PrimaryStageWindow   - Set initial scene to FXGLStartupScene
11:55:02.799 [JavaFX Application Thread] DEBUG PrimaryStageWindow   - Opening main window
11:55:02.900 [JavaFX Application Thread] DEBUG PrimaryStageWindow   - Window border size: (14.4000244140625, 37.5999755859375)
11:55:02.901 [JavaFX Application Thread] DEBUG PrimaryStageWindow   - Scaled size: 800.0 x 600.0
11:55:02.901 [JavaFX Application Thread] DEBUG PrimaryStageWindow   - Scaled ratio: (1.0, 1.0)
11:55:02.901 [JavaFX Application Thread] DEBUG PrimaryStageWindow   - Scene size: 800.0 x 600.0
11:55:02.901 [JavaFX Application Thread] DEBUG PrimaryStageWindow   - Stage size: 814.4000244140625 x 637.5999755859375
11:55:02.909 [FXGL Background Thread 1 ] DEBUG Engine               - Initializing environment variables
11:55:02.959 [FXGL Background Thread 1 ] DEBUG FXGLAssetLoaderServi - User app class for loading assets: class BruhTato.BruhTatoApplication
11:55:02.959 [FXGL Background Thread 1 ] DEBUG GameApplicationServi - Applying CSS: fxgl_dark.css
11:55:02.960 [FXGL Background Thread 1 ] DEBUG FXGLAssetLoaderServi - Loading from file system: jar:file:///C:/Users/Ilyan/.m2/repository/com/github/almasb/fxgl/11.17/fxgl-11.17.jar!/fxglassets/ui/css/fxgl_dark.css
11:55:03.005 [FXGL Background Thread 1 ] DEBUG GameApplicationServi - Initializing application scenes
11:55:03.042 [FXGL Background Thread 1 ] DEBUG GameWorld            - Game world initialized
11:55:03.092 [FXGL Background Thread 1 ] DEBUG PhysicsWorld         - Physics world initialized: appHeight=600, physics.ppm=50.0
11:55:03.092 [FXGL Background Thread 1 ] DEBUG PhysicsWorld         - Using strategy: BRUTE_FORCE
11:55:03.096 [FXGL Background Thread 1 ] DEBUG GameScene            - Game scene initialized: 800x600
11:55:03.108 [FXGL Background Thread 1 ] DEBUG FXGL.DefaultMenu     - createMenuBodyGameMenu()
11:55:03.127 [FXGL Background Thread 1 ] DEBUG FXGL.DefaultMenu     - createOptionsMenu()
11:55:03.145 [FXGL Background Thread 1 ] DEBUG FXGLAssetLoaderServi - Loading from file system: jar:file:///C:/Users/Ilyan/.m2/repository/com/github/almasb/fxgl/11.17/fxgl-11.17.jar!/fxglassets/textures/particles/smoke.png
11:55:03.255 [FXGL Background Thread 1 ] DEBUG FXGLAssetLoaderServi - Loading from file system: jar:file:///C:/Users/Ilyan/.m2/repository/com/github/almasb/fxgl/11.17/fxgl-11.17.jar!/fxglassets/textures/particles/trace_horizontal.png
11:55:03.295 [FXGL Background Thread 1 ] DEBUG GameApplicationServi - Application scenes initialized
11:55:03.309 [FXGL Background Thread 1 ] DEBUG SystemBundleService  - Loading FXGL system data
11:55:03.312 [FXGL Background Thread 1 ] DEBUG FileSystemAccess     - Reading from: C:\Users\Ilyan\IdeaProjects\BruhTato\system\fxgl.bundle
11:55:03.314 [FXGL Background Thread 1 ] DEBUG SystemBundleService  - Bundle FXGL: {}
11:55:03.314 [FXGL Background Thread 1 ] DEBUG UpdaterService       - Checking for updates
11:55:03.320 [FXGL Background Thread 4 ] DEBUG FXGLApplication      - Loading fonts
11:55:03.321 [FXGL Background Thread 4 ] DEBUG FXGLAssetLoaderServi - Loading from file system: jar:file:///C:/Users/Ilyan/.m2/repository/com/github/almasb/fxgl/11.17/fxgl-11.17.jar!/fxglassets/ui/fonts/VarelaRound-Regular.ttf
11:55:03.321 [FXGL Background Thread 1 ] DEBUG FXGLApplication      - Loading default localization
11:55:03.321 [FXGL Background Thread 1 ] DEBUG FXGLAssetLoaderServi - Loading from file system: jar:file:///C:/Users/Ilyan/.m2/repository/com/github/almasb/fxgl/11.17/fxgl-11.17.jar!/fxglassets/languages/english.lang
11:55:03.333 [FXGL Background Thread 4 ] DEBUG FXGLAssetLoaderServi - Loading from file system: jar:file:///C:/Users/Ilyan/.m2/repository/com/github/almasb/fxgl/11.17/fxgl-11.17.jar!/fxglassets/ui/fonts/Abel-Regular.ttf
11:55:03.340 [FXGL Background Thread 1 ] INFO  FXGLApplication      - FXGL initialization took: 0.431 sec
11:55:03.341 [FXGL Background Thread 4 ] DEBUG FXGLAssetLoaderServi - Loading from file system: jar:file:///C:/Users/Ilyan/.m2/repository/com/github/almasb/fxgl/11.17/fxgl-11.17.jar!/fxglassets/ui/fonts/lucida_console.ttf
11:55:03.350 [FXGL Background Thread 4 ] DEBUG FXGLAssetLoaderServi - Loading from file system: jar:file:///C:/Users/Ilyan/.m2/repository/com/github/almasb/fxgl/11.17/fxgl-11.17.jar!/fxglassets/ui/fonts/Courier-Prime.ttf
11:55:03.353 [JavaFX Application Thread] DEBUG Input                - Registered new binding: action0 - W
11:55:03.353 [JavaFX Application Thread] DEBUG Input                - Registered new binding: action1 - S
11:55:03.354 [JavaFX Application Thread] DEBUG Input                - Registered new binding: action2 - A
11:55:03.355 [JavaFX Application Thread] DEBUG Input                - Registered new binding: action3 - D
11:55:03.355 [JavaFX Application Thread] DEBUG FXGLAssetLoaderServi - Loading from file system: jar:file:///C:/Users/Ilyan/.m2/repository/com/github/almasb/fxgl/11.17/fxgl-11.17.jar!/fxglassets/textures/fxgl_icon.png
11:55:03.390 [JavaFX Application Thread] DEBUG FXGLAssetLoaderServi - Loading from file system: jar:file:///C:/Users/Ilyan/.m2/repository/com/github/almasb/fxgl/11.17/fxgl-11.17.jar!/fxglassets/textures/fxgl_default_cursor.png
11:55:03.393 [JavaFX Application Thread] DEBUG Input                - Registered new binding: Screenshot - CTRL+8
11:55:03.394 [JavaFX Application Thread] DEBUG Input                - Registered new binding: System info dump - CTRL+9
11:55:03.394 [JavaFX Application Thread] DEBUG Input                - Registered new binding: Restart - CTRL+R
11:55:03.395 [JavaFX Application Thread] DEBUG Input                - Registered new binding: Toggle Debug Camera - CTRL+C
11:55:03.398 [JavaFX Application Thread] DEBUG LoopRunner           - Starting loop
11:55:03.398 [JavaFX Application Thread] DEBUG LoopRunner           - Initializing JavaFX AnimationTimerLoop
11:55:03.399 [JavaFX Application Thread] DEBUG GameApplicationServi - Starting new game
11:55:03.400 [JavaFX Application Thread] DEBUG Input                - Clearing active input actions
11:55:03.417 [JavaFX Application Thread] DEBUG GameApplicationServi - Removing overlay from FXGLStartupScene and adding to FXGLLoadingScene
11:55:03.417 [JavaFX Application Thread] DEBUG PrimaryStageWindow   - FXGLStartupScene -> FXGLLoadingScene
11:55:03.417 [JavaFX Application Thread] DEBUG GameApplicationServi - Clearing previous game
11:55:03.418 [JavaFX Application Thread] DEBUG GameScene            - Clearing game scene
11:55:03.418 [JavaFX Application Thread] DEBUG GameWorld            - Clearing game world
11:55:03.418 [JavaFX Application Thread] DEBUG PhysicsWorld         - Clearing physics world
11:55:03.420 [FXGL Background Thread 4 ] DEBUG FXGLApplication      - Initializing game
11:55:03.423 [JavaFX Application Thread] DEBUG FXGLApplication      - Registering font factories with UI factory
11:55:03.446 [FXGL Background Thread 4 ] WARN  FXGLAssetLoaderServi - Asset "/assets/textures/Bruhtato_FullHealth.png" was not found!
11:55:03.446 [FXGL Background Thread 4 ] WARN  FXGLAssetLoaderServi - Failed to load IMAGE
11:55:03.566 [FXGL Background Thread 4 ] INFO  FXGLApplication      - Game initialization took: 0.146 sec
11:55:03.612 [JavaFX Application Thread] DEBUG Input                - Clearing active input actions
11:55:03.627 [JavaFX Application Thread] DEBUG GameApplicationServi - Removing overlay from FXGLLoadingScene and adding to GameScene
11:55:03.628 [JavaFX Application Thread] DEBUG PrimaryStageWindow   - FXGLLoadingScene -> GameScene
11:55:03.838 [FXGL Background Thread 2 ] INFO  UpdaterService       - Your current version:  11.17
11:55:03.838 [FXGL Background Thread 2 ] INFO  UpdaterService       - Latest stable version: 25
11:55:06.319 [FXGL Background Thread 3 ] DEBUG Engine               - Logging environment variables
11:55:06.319 [FXGL Background Thread 3 ] DEBUG Engine               - achievements: []
11:55:06.319 [FXGL Background Thread 3 ] DEBUG Engine               - actualHeight: 600.0
11:55:06.319 [FXGL Background Thread 3 ] DEBUG Engine               - actualHeightProperty: ReadOnlyDoubleProperty [value: 600.0]
11:55:06.320 [FXGL Background Thread 3 ] DEBUG Engine               - actualWidth: 800.0
11:55:06.320 [FXGL Background Thread 3 ] DEBUG Engine               - actualWidthProperty: ReadOnlyDoubleProperty [value: 800.0]
11:55:06.320 [FXGL Background Thread 3 ] DEBUG Engine               - appIcon: fxgl_icon.png
11:55:06.320 [FXGL Background Thread 3 ] DEBUG Engine               - applicationMode: DEVELOPER
11:55:06.320 [FXGL Background Thread 3 ] DEBUG Engine               - cSSList: [fxgl_dark.css]
11:55:06.320 [FXGL Background Thread 3 ] DEBUG Engine               - collisionDetectionStrategy: BRUTE_FORCE
11:55:06.320 [FXGL Background Thread 3 ] DEBUG Engine               - configClass: Optional.empty
11:55:06.320 [FXGL Background Thread 3 ] DEBUG Engine               - credits: []
11:55:06.320 [FXGL Background Thread 3 ] DEBUG Engine               - defaultCursor: CursorInfo(imageName=fxgl_default_cursor.png, hotspotX=7.0, hotspotY=6.0)
11:55:06.321 [FXGL Background Thread 3 ] DEBUG Engine               - devBBoxColorProperty: ObjectProperty [value: 0xff0000ff]
11:55:06.321 [FXGL Background Thread 3 ] DEBUG Engine               - devEnableDebugCameraProperty: BooleanProperty [value: false]
11:55:06.321 [FXGL Background Thread 3 ] DEBUG Engine               - devSensorColorProperty: ObjectProperty [value: 0xffff00ff]
11:55:06.321 [FXGL Background Thread 3 ] DEBUG Engine               - devShowBBoxProperty: BooleanProperty [value: false]
11:55:06.321 [FXGL Background Thread 3 ] DEBUG Engine               - devShowPositionProperty: BooleanProperty [value: false]
11:55:06.321 [FXGL Background Thread 3 ] DEBUG Engine               - enabledMenuItems: []
11:55:06.321 [FXGL Background Thread 3 ] DEBUG Engine               - engineServices: [class com.almasb.fxgl.app.services.FXGLAssetLoaderService, class com.almasb.fxgl.app.FXGLApplication$GameApplicationService, class com.almasb.fxgl.app.services.FXGLDialogService, class com.almasb.fxgl.app.services.IOTaskExecutorService, class com.almasb.fxgl.io.FileSystemService, class com.almasb.fxgl.localization.LocalizationService, class com.almasb.fxgl.app.services.SystemBundleService, class com.almasb.fxgl.profile.SaveLoadService, class com.almasb.fxgl.ui.FXGLUIFactoryServiceProvider, class com.almasb.fxgl.ui.FXGLDialogFactoryServiceProvider, class com.almasb.fxgl.audio.AudioPlayer, class com.almasb.fxgl.notification.impl.NotificationServiceProvider, class com.almasb.fxgl.achievement.AchievementService, class com.almasb.fxgl.cutscene.CutsceneService, class com.almasb.fxgl.minigames.MiniGameService, class com.almasb.fxgl.net.NetService, class com.almasb.fxgl.app.services.UpdaterService, class com.almasb.fxgl.dev.DevService]
11:55:06.321 [FXGL Background Thread 3 ] DEBUG Engine               - fontGame: Abel-Regular.ttf
11:55:06.321 [FXGL Background Thread 3 ] DEBUG Engine               - fontMono: lucida_console.ttf
11:55:06.321 [FXGL Background Thread 3 ] DEBUG Engine               - fontText: Courier-Prime.ttf
11:55:06.321 [FXGL Background Thread 3 ] DEBUG Engine               - fontUI: VarelaRound-Regular.ttf
11:55:06.321 [FXGL Background Thread 3 ] DEBUG Engine               - fullScreen: BooleanProperty [value: false]
11:55:06.321 [FXGL Background Thread 3 ] DEBUG Engine               - gameDifficulty: MEDIUM
11:55:06.321 [FXGL Background Thread 3 ] DEBUG Engine               - gameDifficultyProperty: ObjectProperty [value: MEDIUM]
11:55:06.321 [FXGL Background Thread 3 ] DEBUG Engine               - globalMusicVolume: 0.5
11:55:06.321 [FXGL Background Thread 3 ] DEBUG Engine               - globalMusicVolumeProperty: DoubleProperty [value: 0.5]
11:55:06.321 [FXGL Background Thread 3 ] DEBUG Engine               - globalSoundVolume: 0.5
11:55:06.321 [FXGL Background Thread 3 ] DEBUG Engine               - globalSoundVolumeProperty: DoubleProperty [value: 0.5]
11:55:06.321 [FXGL Background Thread 3 ] DEBUG Engine               - height: 600
11:55:06.321 [FXGL Background Thread 3 ] DEBUG Engine               - is3D: false
11:55:06.323 [FXGL Background Thread 3 ] DEBUG Engine               - isAndroid: false
11:55:06.323 [FXGL Background Thread 3 ] DEBUG Engine               - isBrowser: false
11:55:06.323 [FXGL Background Thread 3 ] DEBUG Engine               - isClickFeedbackEnabled: false
11:55:06.323 [FXGL Background Thread 3 ] DEBUG Engine               - isCloseConfirmation: false
11:55:06.323 [FXGL Background Thread 3 ] DEBUG Engine               - isDesktop: true
11:55:06.323 [FXGL Background Thread 3 ] DEBUG Engine               - isDeveloperMenuEnabled: false
11:55:06.323 [FXGL Background Thread 3 ] DEBUG Engine               - isEntityPreloadEnabled: true
11:55:06.323 [FXGL Background Thread 3 ] DEBUG Engine               - isExperimentalTiledLargeMap: false
11:55:06.323 [FXGL Background Thread 3 ] DEBUG Engine               - isFileSystemWriteAllowed: true
11:55:06.323 [FXGL Background Thread 3 ] DEBUG Engine               - isFullScreenAllowed: false
11:55:06.323 [FXGL Background Thread 3 ] DEBUG Engine               - isFullScreenFromStart: false
11:55:06.323 [FXGL Background Thread 3 ] DEBUG Engine               - isGameMenuEnabled: true
11:55:06.323 [FXGL Background Thread 3 ] DEBUG Engine               - isIOS: false
11:55:06.323 [FXGL Background Thread 3 ] DEBUG Engine               - isIntroEnabled: false
11:55:06.323 [FXGL Background Thread 3 ] DEBUG Engine               - isLinux: false
11:55:06.323 [FXGL Background Thread 3 ] DEBUG Engine               - isMac: false
11:55:06.323 [FXGL Background Thread 3 ] DEBUG Engine               - isMainMenuEnabled: false
11:55:06.323 [FXGL Background Thread 3 ] DEBUG Engine               - isManualResizeEnabled: false
11:55:06.323 [FXGL Background Thread 3 ] DEBUG Engine               - isMobile: false
11:55:06.324 [FXGL Background Thread 3 ] DEBUG Engine               - isNative: false
11:55:06.324 [FXGL Background Thread 3 ] DEBUG Engine               - isPauseMusicWhenMinimized: true
11:55:06.324 [FXGL Background Thread 3 ] DEBUG Engine               - isPreserveResizeRatio: false
11:55:06.324 [FXGL Background Thread 3 ] DEBUG Engine               - isProfilingEnabled: false
11:55:06.324 [FXGL Background Thread 3 ] DEBUG Engine               - isScaleAffectedOnResize: true
11:55:06.324 [FXGL Background Thread 3 ] DEBUG Engine               - isSingleStep: false
11:55:06.324 [FXGL Background Thread 3 ] DEBUG Engine               - isUserProfileEnabled: false
11:55:06.324 [FXGL Background Thread 3 ] DEBUG Engine               - isWindows: true
11:55:06.324 [FXGL Background Thread 3 ] DEBUG Engine               - language: ObjectProperty [value: ENGLISH]
11:55:06.324 [FXGL Background Thread 3 ] DEBUG Engine               - menuKey: ESCAPE
11:55:06.324 [FXGL Background Thread 3 ] DEBUG Engine               - mouseSensitivity: 0.2
11:55:06.324 [FXGL Background Thread 3 ] DEBUG Engine               - notificationViewClass: class com.almasb.fxgl.notification.view.XboxNotificationView
11:55:06.324 [FXGL Background Thread 3 ] DEBUG Engine               - pixelsPerMeter: 50.0
11:55:06.325 [FXGL Background Thread 3 ] DEBUG Engine               - platform: WINDOWS
11:55:06.325 [FXGL Background Thread 3 ] DEBUG Engine               - prefHeightProperty: ReadOnlyDoubleProperty [value: 600.0]
11:55:06.325 [FXGL Background Thread 3 ] DEBUG Engine               - prefWidthProperty: ReadOnlyDoubleProperty [value: 800.0]
11:55:06.325 [FXGL Background Thread 3 ] DEBUG Engine               - profileDir: profiles/
11:55:06.325 [FXGL Background Thread 3 ] DEBUG Engine               - profileName: StringProperty [value: DEFAULT]
11:55:06.325 [FXGL Background Thread 3 ] DEBUG Engine               - randomSeed: -1
11:55:06.325 [FXGL Background Thread 3 ] DEBUG Engine               - runtimeInfo: RuntimeInfo(platform=WINDOWS, version=11.17, build=16.07.2021 15.46)
11:55:06.325 [FXGL Background Thread 3 ] DEBUG Engine               - saveFileExt: sav
11:55:06.325 [FXGL Background Thread 3 ] DEBUG Engine               - scaledHeightProp$fxgl: DoubleProperty [bound, value: 600.0]
11:55:06.325 [FXGL Background Thread 3 ] DEBUG Engine               - scaledWidthProp$fxgl: DoubleProperty [bound, value: 800.0]
11:55:06.326 [FXGL Background Thread 3 ] DEBUG Engine               - sceneFactory: com.almasb.fxgl.app.scene.SceneFactory@772024af
11:55:06.326 [FXGL Background Thread 3 ] DEBUG Engine               - secondsIn24h: 60
11:55:06.326 [FXGL Background Thread 3 ] DEBUG Engine               - soundMenuBack: menu/back.wav
11:55:06.326 [FXGL Background Thread 3 ] DEBUG Engine               - soundMenuPress: menu/press.wav
11:55:06.326 [FXGL Background Thread 3 ] DEBUG Engine               - soundMenuSelect: menu/select.wav
11:55:06.326 [FXGL Background Thread 3 ] DEBUG Engine               - soundNotification: core/notification.wav
11:55:06.326 [FXGL Background Thread 3 ] DEBUG Engine               - stageStyle: DECORATED
11:55:06.326 [FXGL Background Thread 3 ] DEBUG Engine               - supportedLanguages: [ENGLISH, FRENCH, GERMAN, HUNGARIAN, RUSSIAN]
11:55:06.326 [FXGL Background Thread 3 ] DEBUG Engine               - ticksPerSecond: -1
11:55:06.326 [FXGL Background Thread 3 ] DEBUG Engine               - title: Bruhtato
11:55:06.326 [FXGL Background Thread 3 ] DEBUG Engine               - urlGithub: https://github.com/AlmasB/FXGL
11:55:06.326 [FXGL Background Thread 3 ] DEBUG Engine               - urlLeaderboard: http://fxgl-top.herokuapp.com/
11:55:06.326 [FXGL Background Thread 3 ] DEBUG Engine               - urlPOM: https://raw.githubusercontent.com/AlmasB/FXGL/release/README.md
11:55:06.326 [FXGL Background Thread 3 ] DEBUG Engine               - userAppClass: class BruhTato.BruhTatoApplication
11:55:06.326 [FXGL Background Thread 3 ] DEBUG Engine               - version: 1.0
11:55:06.326 [FXGL Background Thread 3 ] DEBUG Engine               - versionCheckDays: 7
11:55:06.326 [FXGL Background Thread 3 ] DEBUG Engine               - width: 800
11:55:06.326 [FXGL Background Thread 3 ] DEBUG Engine               - Logging services
11:55:06.326 [FXGL Background Thread 3 ] DEBUG Engine               - class com.almasb.fxgl.app.services.FXGLAssetLoaderService
11:55:06.326 [FXGL Background Thread 3 ] DEBUG Engine               - class com.almasb.fxgl.app.FXGLApplication$GameApplicationService
11:55:06.326 [FXGL Background Thread 3 ] DEBUG Engine               - class com.almasb.fxgl.app.services.FXGLDialogService
11:55:06.326 [FXGL Background Thread 3 ] DEBUG Engine               - class com.almasb.fxgl.app.services.IOTaskExecutorService
11:55:06.326 [FXGL Background Thread 3 ] DEBUG Engine               - class com.almasb.fxgl.io.FileSystemService
11:55:06.326 [FXGL Background Thread 3 ] DEBUG Engine               - class com.almasb.fxgl.localization.LocalizationService
11:55:06.326 [FXGL Background Thread 3 ] DEBUG Engine               - class com.almasb.fxgl.app.services.SystemBundleService
11:55:06.326 [FXGL Background Thread 3 ] DEBUG Engine               - class com.almasb.fxgl.profile.SaveLoadService
11:55:06.326 [FXGL Background Thread 3 ] DEBUG Engine               - class com.almasb.fxgl.ui.FXGLUIFactoryServiceProvider
11:55:06.326 [FXGL Background Thread 3 ] DEBUG Engine               - class com.almasb.fxgl.ui.FXGLDialogFactoryServiceProvider
11:55:06.326 [FXGL Background Thread 3 ] DEBUG Engine               - class com.almasb.fxgl.audio.AudioPlayer
11:55:06.326 [FXGL Background Thread 3 ] DEBUG Engine               - class com.almasb.fxgl.notification.impl.NotificationServiceProvider
11:55:06.326 [FXGL Background Thread 3 ] DEBUG Engine               - class com.almasb.fxgl.achievement.AchievementService
11:55:06.326 [FXGL Background Thread 3 ] DEBUG Engine               - class com.almasb.fxgl.cutscene.CutsceneService
11:55:06.326 [FXGL Background Thread 3 ] DEBUG Engine               - class com.almasb.fxgl.minigames.MiniGameService
11:55:06.326 [FXGL Background Thread 3 ] DEBUG Engine               - class com.almasb.fxgl.net.NetService
11:55:06.326 [FXGL Background Thread 3 ] DEBUG Engine               - class com.almasb.fxgl.app.services.UpdaterService
11:55:06.326 [FXGL Background Thread 3 ] DEBUG Engine               - class com.almasb.fxgl.dev.DevService
11:56:39.231 [JavaFX Application Thread] DEBUG FXGLApplication      - Exiting FXGL
11:56:39.231 [JavaFX Application Thread] DEBUG LoopRunner           - Stopping loop
11:56:39.231 [JavaFX Application Thread] DEBUG SystemBundleService  - Saving FXGL system data
11:56:39.232 [JavaFX Application Thread] DEBUG FileSystemAccess     - Writing to: C:\Users\Ilyan\IdeaProjects\BruhTato\system\fxgl.bundle
11:56:39.233 [JavaFX Application Thread] DEBUG Async                - Shutting down background threads
11:56:39.233 [JavaFX Application Thread] DEBUG PrimaryStageWindow   - Closing main window
11:56:39.242 [JavaFX Application Thread] DEBUG Logger               - Closing Logger
