15:44:32.058 [main                     ] DEBUG Logger               - Configured Logger
15:44:32.058 [main                     ] DEBUG GameApplication      - Logging settings
Title: Bruhtato
Version: 1.0
Width: 800
Height: 600
Fullscreen: false
Intro: false
Profiling: false
Single step:false
App Mode: DEVELOPER
Menu Key: ESCAPE
Stage Style: DECORATED
Scene Factory: class com.almasb.fxgl.app.scene.SceneFactory

15:44:32.713 [JavaFX Application Thread] DEBUG FXGLApplication      - Initializing FXGL
15:44:32.714 [JavaFX Application Thread] INFO  Engine               - FXGL-11.17 (16.07.2021 15.46) on WINDOWS (J:25.0.3 FX:21.0.6)
15:44:32.715 [JavaFX Application Thread] DEBUG Engine               - JRE Vendor Name: Oracle Corporation
15:44:32.715 [JavaFX Application Thread] DEBUG Engine               - Running on OS: Windows 11 version 10.0
15:44:32.715 [JavaFX Application Thread] DEBUG Engine               - Architecture: amd64
15:44:32.715 [JavaFX Application Thread] INFO  Engine               - Source code and latest versions at: https://github.com/AlmasB/FXGL
15:44:32.715 [JavaFX Application Thread] INFO  Engine               -              Join the FXGL chat at: https://gitter.im/AlmasB/FXGL
15:44:32.810 [JavaFX Application Thread] DEBUG PrimaryStageWindow   - Creating a JavaFX scene
15:44:32.854 [JavaFX Application Thread] DEBUG PrimaryStageWindow   - Target settings size: 800.0 x 600.0
15:44:32.856 [JavaFX Application Thread] DEBUG PrimaryStageWindow   - Scaled scene size:    800.0 x 600.0
15:44:32.856 [JavaFX Application Thread] DEBUG PrimaryStageWindow   - Scaled ratio: (1.0, 1.0)
15:44:32.857 [JavaFX Application Thread] DEBUG PrimaryStageWindow   - Set initial scene to FXGLStartupScene
15:44:32.859 [JavaFX Application Thread] DEBUG PrimaryStageWindow   - Opening main window
15:44:32.986 [JavaFX Application Thread] DEBUG PrimaryStageWindow   - Window border size: (14.4000244140625, 37.5999755859375)
15:44:32.987 [JavaFX Application Thread] DEBUG PrimaryStageWindow   - Scaled size: 800.0 x 600.0
15:44:32.987 [JavaFX Application Thread] DEBUG PrimaryStageWindow   - Scaled ratio: (1.0, 1.0)
15:44:32.987 [JavaFX Application Thread] DEBUG PrimaryStageWindow   - Scene size: 800.0 x 600.0
15:44:32.987 [JavaFX Application Thread] DEBUG PrimaryStageWindow   - Stage size: 814.4000244140625 x 637.5999755859375
15:44:32.994 [FXGL Background Thread 1 ] DEBUG Engine               - Initializing environment variables
15:44:33.060 [FXGL Background Thread 1 ] DEBUG FXGLAssetLoaderServi - User app class for loading assets: class BruhTato.BruhTatoApplication
15:44:33.061 [FXGL Background Thread 1 ] DEBUG GameApplicationServi - Applying CSS: fxgl_dark.css
15:44:33.061 [FXGL Background Thread 1 ] DEBUG FXGLAssetLoaderServi - Loading from file system: jar:file:///C:/Users/Ilyan/.m2/repository/com/github/almasb/fxgl/11.17/fxgl-11.17.jar!/fxglassets/ui/css/fxgl_dark.css
15:44:33.118 [FXGL Background Thread 1 ] DEBUG GameApplicationServi - Initializing application scenes
15:44:33.165 [FXGL Background Thread 1 ] DEBUG GameWorld            - Game world initialized
15:44:33.231 [FXGL Background Thread 1 ] DEBUG PhysicsWorld         - Physics world initialized: appHeight=600, physics.ppm=50.0
15:44:33.232 [FXGL Background Thread 1 ] DEBUG PhysicsWorld         - Using strategy: BRUTE_FORCE
15:44:33.236 [FXGL Background Thread 1 ] DEBUG GameScene            - Game scene initialized: 800x600
15:44:33.254 [FXGL Background Thread 1 ] DEBUG FXGL.DefaultMenu     - createMenuBodyGameMenu()
15:44:33.276 [FXGL Background Thread 1 ] DEBUG FXGL.DefaultMenu     - createOptionsMenu()
15:44:33.294 [FXGL Background Thread 1 ] DEBUG FXGLAssetLoaderServi - Loading from file system: jar:file:///C:/Users/Ilyan/.m2/repository/com/github/almasb/fxgl/11.17/fxgl-11.17.jar!/fxglassets/textures/particles/smoke.png
15:44:33.406 [FXGL Background Thread 1 ] DEBUG FXGLAssetLoaderServi - Loading from file system: jar:file:///C:/Users/Ilyan/.m2/repository/com/github/almasb/fxgl/11.17/fxgl-11.17.jar!/fxglassets/textures/particles/trace_horizontal.png
15:44:33.448 [FXGL Background Thread 1 ] DEBUG GameApplicationServi - Application scenes initialized
15:44:33.461 [FXGL Background Thread 1 ] DEBUG SystemBundleService  - Loading FXGL system data
15:44:33.463 [FXGL Background Thread 1 ] DEBUG FileSystemAccess     - Reading from: C:\Users\Ilyan\IdeaProjects\BruhTato\system\fxgl.bundle
15:44:33.465 [FXGL Background Thread 1 ] DEBUG SystemBundleService  - Bundle FXGL: {}
15:44:33.465 [FXGL Background Thread 1 ] DEBUG UpdaterService       - Checking for updates
15:44:33.497 [FXGL Background Thread 4 ] DEBUG FXGLApplication      - Loading fonts
15:44:33.497 [FXGL Background Thread 1 ] DEBUG FXGLApplication      - Loading default localization
15:44:33.498 [FXGL Background Thread 4 ] DEBUG FXGLAssetLoaderServi - Loading from file system: jar:file:///C:/Users/Ilyan/.m2/repository/com/github/almasb/fxgl/11.17/fxgl-11.17.jar!/fxglassets/ui/fonts/VarelaRound-Regular.ttf
15:44:33.498 [FXGL Background Thread 1 ] DEBUG FXGLAssetLoaderServi - Loading from file system: jar:file:///C:/Users/Ilyan/.m2/repository/com/github/almasb/fxgl/11.17/fxgl-11.17.jar!/fxglassets/languages/english.lang
15:44:33.525 [FXGL Background Thread 4 ] DEBUG FXGLAssetLoaderServi - Loading from file system: jar:file:///C:/Users/Ilyan/.m2/repository/com/github/almasb/fxgl/11.17/fxgl-11.17.jar!/fxglassets/ui/fonts/Abel-Regular.ttf
15:44:33.529 [FXGL Background Thread 1 ] INFO  FXGLApplication      - FXGL initialization took: 0.534 sec
15:44:33.532 [FXGL Background Thread 4 ] DEBUG FXGLAssetLoaderServi - Loading from file system: jar:file:///C:/Users/Ilyan/.m2/repository/com/github/almasb/fxgl/11.17/fxgl-11.17.jar!/fxglassets/ui/fonts/lucida_console.ttf
15:44:33.539 [FXGL Background Thread 4 ] DEBUG FXGLAssetLoaderServi - Loading from file system: jar:file:///C:/Users/Ilyan/.m2/repository/com/github/almasb/fxgl/11.17/fxgl-11.17.jar!/fxglassets/ui/fonts/Courier-Prime.ttf
15:44:33.542 [JavaFX Application Thread] DEBUG Input                - Registered new binding: action0 - W
15:44:33.543 [JavaFX Application Thread] DEBUG Input                - Registered new binding: action1 - S
15:44:33.543 [JavaFX Application Thread] DEBUG Input                - Registered new binding: action2 - A
15:44:33.545 [JavaFX Application Thread] DEBUG Input                - Registered new binding: action3 - D
15:44:33.545 [JavaFX Application Thread] DEBUG FXGLAssetLoaderServi - Loading from file system: jar:file:///C:/Users/Ilyan/.m2/repository/com/github/almasb/fxgl/11.17/fxgl-11.17.jar!/fxglassets/textures/fxgl_icon.png
15:44:33.569 [JavaFX Application Thread] DEBUG FXGLAssetLoaderServi - Loading from file system: jar:file:///C:/Users/Ilyan/.m2/repository/com/github/almasb/fxgl/11.17/fxgl-11.17.jar!/fxglassets/textures/fxgl_default_cursor.png
15:44:33.572 [JavaFX Application Thread] DEBUG Input                - Registered new binding: Screenshot - CTRL+8
15:44:33.573 [JavaFX Application Thread] DEBUG Input                - Registered new binding: Dev Options - 1
15:44:33.573 [JavaFX Application Thread] DEBUG Input                - Registered new binding: Dev Console - 2
15:44:33.574 [JavaFX Application Thread] DEBUG Input                - Registered new binding: System info dump - CTRL+9
15:44:33.574 [JavaFX Application Thread] DEBUG Input                - Registered new binding: Restart - CTRL+R
15:44:33.574 [JavaFX Application Thread] DEBUG Input                - Registered new binding: Toggle Debug Camera - CTRL+C
15:44:33.578 [JavaFX Application Thread] DEBUG LoopRunner           - Starting loop
15:44:33.595 [JavaFX Application Thread] DEBUG LoopRunner           - Initializing JavaFX AnimationTimerLoop
15:44:33.597 [JavaFX Application Thread] DEBUG GameApplicationServi - Starting new game
15:44:33.598 [JavaFX Application Thread] DEBUG Input                - Clearing active input actions
15:44:33.615 [JavaFX Application Thread] DEBUG GameApplicationServi - Removing overlay from FXGLStartupScene and adding to FXGLLoadingScene
15:44:33.619 [JavaFX Application Thread] DEBUG PrimaryStageWindow   - FXGLStartupScene -> FXGLLoadingScene
15:44:33.619 [JavaFX Application Thread] DEBUG GameApplicationServi - Clearing previous game
15:44:33.619 [JavaFX Application Thread] DEBUG GameScene            - Clearing game scene
15:44:33.619 [JavaFX Application Thread] DEBUG GameWorld            - Clearing game world
15:44:33.620 [JavaFX Application Thread] DEBUG PhysicsWorld         - Clearing physics world
15:44:33.621 [FXGL Background Thread 4 ] DEBUG FXGLApplication      - Initializing game
15:44:33.624 [JavaFX Application Thread] DEBUG FXGLApplication      - Registering font factories with UI factory
15:44:33.646 [FXGL Background Thread 4 ] DEBUG FXGLAssetLoaderServi - Loading from file system: file:/C:/Users/Ilyan/IdeaProjects/BruhTato/target/classes/assets/textures/Bruhtato_FullHealth.png
15:44:33.757 [FXGL Background Thread 4 ] INFO  FXGLApplication      - Game initialization took: 0.137 sec
15:44:33.937 [JavaFX Application Thread] DEBUG Input                - Clearing active input actions
15:44:33.960 [JavaFX Application Thread] DEBUG GameApplicationServi - Removing overlay from FXGLLoadingScene and adding to GameScene
15:44:33.970 [JavaFX Application Thread] DEBUG PrimaryStageWindow   - FXGLLoadingScene -> GameScene
15:44:34.084 [FXGL Background Thread 2 ] INFO  UpdaterService       - Your current version:  11.17
15:44:34.085 [FXGL Background Thread 2 ] INFO  UpdaterService       - Latest stable version: 25
15:44:36.496 [FXGL Background Thread 3 ] DEBUG Engine               - Logging environment variables
15:44:36.496 [FXGL Background Thread 3 ] DEBUG Engine               - achievements: []
15:44:36.496 [FXGL Background Thread 3 ] DEBUG Engine               - actualHeight: 600.0
15:44:36.496 [FXGL Background Thread 3 ] DEBUG Engine               - actualHeightProperty: ReadOnlyDoubleProperty [value: 600.0]
15:44:36.496 [FXGL Background Thread 3 ] DEBUG Engine               - actualWidth: 800.0
15:44:36.496 [FXGL Background Thread 3 ] DEBUG Engine               - actualWidthProperty: ReadOnlyDoubleProperty [value: 800.0]
15:44:36.496 [FXGL Background Thread 3 ] DEBUG Engine               - appIcon: fxgl_icon.png
15:44:36.496 [FXGL Background Thread 3 ] DEBUG Engine               - applicationMode: DEVELOPER
15:44:36.496 [FXGL Background Thread 3 ] DEBUG Engine               - cSSList: [fxgl_dark.css]
15:44:36.496 [FXGL Background Thread 3 ] DEBUG Engine               - collisionDetectionStrategy: BRUTE_FORCE
15:44:36.496 [FXGL Background Thread 3 ] DEBUG Engine               - configClass: Optional.empty
15:44:36.496 [FXGL Background Thread 3 ] DEBUG Engine               - credits: []
15:44:36.497 [FXGL Background Thread 3 ] DEBUG Engine               - defaultCursor: CursorInfo(imageName=fxgl_default_cursor.png, hotspotX=7.0, hotspotY=6.0)
15:44:36.497 [FXGL Background Thread 3 ] DEBUG Engine               - devBBoxColorProperty: ObjectProperty [value: 0xff0000ff]
15:44:36.497 [FXGL Background Thread 3 ] DEBUG Engine               - devEnableDebugCameraProperty: BooleanProperty [value: false]
15:44:36.497 [FXGL Background Thread 3 ] DEBUG Engine               - devSensorColorProperty: ObjectProperty [value: 0xffff00ff]
15:44:36.497 [FXGL Background Thread 3 ] DEBUG Engine               - devShowBBoxProperty: BooleanProperty [value: true]
15:44:36.497 [FXGL Background Thread 3 ] DEBUG Engine               - devShowPositionProperty: BooleanProperty [value: false]
15:44:36.497 [FXGL Background Thread 3 ] DEBUG Engine               - enabledMenuItems: []
15:44:36.497 [FXGL Background Thread 3 ] DEBUG Engine               - engineServices: [class com.almasb.fxgl.app.services.FXGLAssetLoaderService, class com.almasb.fxgl.app.FXGLApplication$GameApplicationService, class com.almasb.fxgl.app.services.FXGLDialogService, class com.almasb.fxgl.app.services.IOTaskExecutorService, class com.almasb.fxgl.io.FileSystemService, class com.almasb.fxgl.localization.LocalizationService, class com.almasb.fxgl.app.services.SystemBundleService, class com.almasb.fxgl.profile.SaveLoadService, class com.almasb.fxgl.ui.FXGLUIFactoryServiceProvider, class com.almasb.fxgl.ui.FXGLDialogFactoryServiceProvider, class com.almasb.fxgl.audio.AudioPlayer, class com.almasb.fxgl.notification.impl.NotificationServiceProvider, class com.almasb.fxgl.achievement.AchievementService, class com.almasb.fxgl.cutscene.CutsceneService, class com.almasb.fxgl.minigames.MiniGameService, class com.almasb.fxgl.net.NetService, class com.almasb.fxgl.app.services.UpdaterService, class com.almasb.fxgl.dev.DevService]
15:44:36.497 [FXGL Background Thread 3 ] DEBUG Engine               - fontGame: Abel-Regular.ttf
15:44:36.497 [FXGL Background Thread 3 ] DEBUG Engine               - fontMono: lucida_console.ttf
15:44:36.498 [FXGL Background Thread 3 ] DEBUG Engine               - fontText: Courier-Prime.ttf
15:44:36.498 [FXGL Background Thread 3 ] DEBUG Engine               - fontUI: VarelaRound-Regular.ttf
15:44:36.498 [FXGL Background Thread 3 ] DEBUG Engine               - fullScreen: BooleanProperty [value: false]
15:44:36.498 [FXGL Background Thread 3 ] DEBUG Engine               - gameDifficulty: MEDIUM
15:44:36.498 [FXGL Background Thread 3 ] DEBUG Engine               - gameDifficultyProperty: ObjectProperty [value: MEDIUM]
15:44:36.498 [FXGL Background Thread 3 ] DEBUG Engine               - globalMusicVolume: 0.5
15:44:36.498 [FXGL Background Thread 3 ] DEBUG Engine               - globalMusicVolumeProperty: DoubleProperty [value: 0.5]
15:44:36.498 [FXGL Background Thread 3 ] DEBUG Engine               - globalSoundVolume: 0.5
15:44:36.498 [FXGL Background Thread 3 ] DEBUG Engine               - globalSoundVolumeProperty: DoubleProperty [value: 0.5]
15:44:36.498 [FXGL Background Thread 3 ] DEBUG Engine               - height: 600
15:44:36.498 [FXGL Background Thread 3 ] DEBUG Engine               - is3D: false
15:44:36.498 [FXGL Background Thread 3 ] DEBUG Engine               - isAndroid: false
15:44:36.498 [FXGL Background Thread 3 ] DEBUG Engine               - isBrowser: false
15:44:36.498 [FXGL Background Thread 3 ] DEBUG Engine               - isClickFeedbackEnabled: false
15:44:36.498 [FXGL Background Thread 3 ] DEBUG Engine               - isCloseConfirmation: false
15:44:36.498 [FXGL Background Thread 3 ] DEBUG Engine               - isDesktop: true
15:44:36.498 [FXGL Background Thread 3 ] DEBUG Engine               - isDeveloperMenuEnabled: true
15:44:36.498 [FXGL Background Thread 3 ] DEBUG Engine               - isEntityPreloadEnabled: true
15:44:36.498 [FXGL Background Thread 3 ] DEBUG Engine               - isExperimentalTiledLargeMap: false
15:44:36.498 [FXGL Background Thread 3 ] DEBUG Engine               - isFileSystemWriteAllowed: true
15:44:36.498 [FXGL Background Thread 3 ] DEBUG Engine               - isFullScreenAllowed: false
15:44:36.498 [FXGL Background Thread 3 ] DEBUG Engine               - isFullScreenFromStart: false
15:44:36.499 [FXGL Background Thread 3 ] DEBUG Engine               - isGameMenuEnabled: true
15:44:36.499 [FXGL Background Thread 3 ] DEBUG Engine               - isIOS: false
15:44:36.499 [FXGL Background Thread 3 ] DEBUG Engine               - isIntroEnabled: false
15:44:36.499 [FXGL Background Thread 3 ] DEBUG Engine               - isLinux: false
15:44:36.499 [FXGL Background Thread 3 ] DEBUG Engine               - isMac: false
15:44:36.499 [FXGL Background Thread 3 ] DEBUG Engine               - isMainMenuEnabled: false
15:44:36.499 [FXGL Background Thread 3 ] DEBUG Engine               - isManualResizeEnabled: false
15:44:36.499 [FXGL Background Thread 3 ] DEBUG Engine               - isMobile: false
15:44:36.499 [FXGL Background Thread 3 ] DEBUG Engine               - isNative: false
15:44:36.499 [FXGL Background Thread 3 ] DEBUG Engine               - isPauseMusicWhenMinimized: true
15:44:36.499 [FXGL Background Thread 3 ] DEBUG Engine               - isPreserveResizeRatio: false
15:44:36.499 [FXGL Background Thread 3 ] DEBUG Engine               - isProfilingEnabled: false
15:44:36.499 [FXGL Background Thread 3 ] DEBUG Engine               - isScaleAffectedOnResize: true
15:44:36.499 [FXGL Background Thread 3 ] DEBUG Engine               - isSingleStep: false
15:44:36.499 [FXGL Background Thread 3 ] DEBUG Engine               - isUserProfileEnabled: false
15:44:36.499 [FXGL Background Thread 3 ] DEBUG Engine               - isWindows: true
15:44:36.499 [FXGL Background Thread 3 ] DEBUG Engine               - language: ObjectProperty [value: ENGLISH]
15:44:36.500 [FXGL Background Thread 3 ] DEBUG Engine               - menuKey: ESCAPE
15:44:36.500 [FXGL Background Thread 3 ] DEBUG Engine               - mouseSensitivity: 0.2
15:44:36.500 [FXGL Background Thread 3 ] DEBUG Engine               - notificationViewClass: class com.almasb.fxgl.notification.view.XboxNotificationView
15:44:36.500 [FXGL Background Thread 3 ] DEBUG Engine               - pixelsPerMeter: 50.0
15:44:36.500 [FXGL Background Thread 3 ] DEBUG Engine               - platform: WINDOWS
15:44:36.500 [FXGL Background Thread 3 ] DEBUG Engine               - prefHeightProperty: ReadOnlyDoubleProperty [value: 600.0]
15:44:36.500 [FXGL Background Thread 3 ] DEBUG Engine               - prefWidthProperty: ReadOnlyDoubleProperty [value: 800.0]
15:44:36.500 [FXGL Background Thread 3 ] DEBUG Engine               - profileDir: profiles/
15:44:36.500 [FXGL Background Thread 3 ] DEBUG Engine               - profileName: StringProperty [value: DEFAULT]
15:44:36.500 [FXGL Background Thread 3 ] DEBUG Engine               - randomSeed: -1
15:44:36.500 [FXGL Background Thread 3 ] DEBUG Engine               - runtimeInfo: RuntimeInfo(platform=WINDOWS, version=11.17, build=16.07.2021 15.46)
15:44:36.500 [FXGL Background Thread 3 ] DEBUG Engine               - saveFileExt: sav
15:44:36.500 [FXGL Background Thread 3 ] DEBUG Engine               - scaledHeightProp$fxgl: DoubleProperty [bound, value: 600.0]
15:44:36.500 [FXGL Background Thread 3 ] DEBUG Engine               - scaledWidthProp$fxgl: DoubleProperty [bound, value: 800.0]
15:44:36.500 [FXGL Background Thread 3 ] DEBUG Engine               - sceneFactory: com.almasb.fxgl.app.scene.SceneFactory@439c4ba8
15:44:36.500 [FXGL Background Thread 3 ] DEBUG Engine               - secondsIn24h: 60
15:44:36.500 [FXGL Background Thread 3 ] DEBUG Engine               - soundMenuBack: menu/back.wav
15:44:36.500 [FXGL Background Thread 3 ] DEBUG Engine               - soundMenuPress: menu/press.wav
15:44:36.500 [FXGL Background Thread 3 ] DEBUG Engine               - soundMenuSelect: menu/select.wav
15:44:36.500 [FXGL Background Thread 3 ] DEBUG Engine               - soundNotification: core/notification.wav
15:44:36.500 [FXGL Background Thread 3 ] DEBUG Engine               - stageStyle: DECORATED
15:44:36.500 [FXGL Background Thread 3 ] DEBUG Engine               - supportedLanguages: [ENGLISH, FRENCH, GERMAN, HUNGARIAN, RUSSIAN]
15:44:36.501 [FXGL Background Thread 3 ] DEBUG Engine               - ticksPerSecond: -1
15:44:36.501 [FXGL Background Thread 3 ] DEBUG Engine               - title: Bruhtato
15:44:36.501 [FXGL Background Thread 3 ] DEBUG Engine               - urlGithub: https://github.com/AlmasB/FXGL
15:44:36.501 [FXGL Background Thread 3 ] DEBUG Engine               - urlLeaderboard: http://fxgl-top.herokuapp.com/
15:44:36.501 [FXGL Background Thread 3 ] DEBUG Engine               - urlPOM: https://raw.githubusercontent.com/AlmasB/FXGL/release/README.md
15:44:36.501 [FXGL Background Thread 3 ] DEBUG Engine               - userAppClass: class BruhTato.BruhTatoApplication
15:44:36.501 [FXGL Background Thread 3 ] DEBUG Engine               - version: 1.0
15:44:36.501 [FXGL Background Thread 3 ] DEBUG Engine               - versionCheckDays: 7
15:44:36.501 [FXGL Background Thread 3 ] DEBUG Engine               - width: 800
15:44:36.501 [FXGL Background Thread 3 ] DEBUG Engine               - Logging services
15:44:36.501 [FXGL Background Thread 3 ] DEBUG Engine               - class com.almasb.fxgl.app.services.FXGLAssetLoaderService
15:44:36.501 [FXGL Background Thread 3 ] DEBUG Engine               - class com.almasb.fxgl.app.FXGLApplication$GameApplicationService
15:44:36.501 [FXGL Background Thread 3 ] DEBUG Engine               - class com.almasb.fxgl.app.services.FXGLDialogService
15:44:36.501 [FXGL Background Thread 3 ] DEBUG Engine               - class com.almasb.fxgl.app.services.IOTaskExecutorService
15:44:36.501 [FXGL Background Thread 3 ] DEBUG Engine               - class com.almasb.fxgl.io.FileSystemService
15:44:36.501 [FXGL Background Thread 3 ] DEBUG Engine               - class com.almasb.fxgl.localization.LocalizationService
15:44:36.501 [FXGL Background Thread 3 ] DEBUG Engine               - class com.almasb.fxgl.app.services.SystemBundleService
15:44:36.501 [FXGL Background Thread 3 ] DEBUG Engine               - class com.almasb.fxgl.profile.SaveLoadService
15:44:36.501 [FXGL Background Thread 3 ] DEBUG Engine               - class com.almasb.fxgl.ui.FXGLUIFactoryServiceProvider
15:44:36.501 [FXGL Background Thread 3 ] DEBUG Engine               - class com.almasb.fxgl.ui.FXGLDialogFactoryServiceProvider
15:44:36.501 [FXGL Background Thread 3 ] DEBUG Engine               - class com.almasb.fxgl.audio.AudioPlayer
15:44:36.501 [FXGL Background Thread 3 ] DEBUG Engine               - class com.almasb.fxgl.notification.impl.NotificationServiceProvider
15:44:36.501 [FXGL Background Thread 3 ] DEBUG Engine               - class com.almasb.fxgl.achievement.AchievementService
15:44:36.501 [FXGL Background Thread 3 ] DEBUG Engine               - class com.almasb.fxgl.cutscene.CutsceneService
15:44:36.501 [FXGL Background Thread 3 ] DEBUG Engine               - class com.almasb.fxgl.minigames.MiniGameService
15:44:36.501 [FXGL Background Thread 3 ] DEBUG Engine               - class com.almasb.fxgl.net.NetService
15:44:36.501 [FXGL Background Thread 3 ] DEBUG Engine               - class com.almasb.fxgl.app.services.UpdaterService
15:44:36.501 [FXGL Background Thread 3 ] DEBUG Engine               - class com.almasb.fxgl.dev.DevService
15:44:49.807 [JavaFX Application Thread] DEBUG FXGLApplication      - Exiting FXGL
15:44:49.807 [JavaFX Application Thread] DEBUG LoopRunner           - Stopping loop
15:44:49.807 [JavaFX Application Thread] DEBUG SystemBundleService  - Saving FXGL system data
15:44:49.809 [JavaFX Application Thread] DEBUG FileSystemAccess     - Writing to: C:\Users\Ilyan\IdeaProjects\BruhTato\system\fxgl.bundle
15:44:49.810 [JavaFX Application Thread] DEBUG Async                - Shutting down background threads
15:44:49.810 [JavaFX Application Thread] DEBUG PrimaryStageWindow   - Closing main window
15:44:49.820 [JavaFX Application Thread] DEBUG Logger               - Closing Logger
